SHIFT 2 survivors=8439558
SHIFT 4 survivors=7014674
SHIFT 6 survivors=5833830
SHIFT 8 survivors=4766929
SHIFT 10 survivors=3940960
SHIFT 14 survivors=3298437
SHIFT 26 survivors=2865593
SHIFT 28 survivors=2313562
SHIFT 32 survivors=1874212
SHIFT 34 survivors=1581453
SHIFT 52 survivors=1305616
SHIFT 82 survivors=1125935
SHIFT 86 survivors=961170
SHIFT 106 survivors=853139
SHIFT 126 survivors=727579
SHIFT 128 survivors=565233
SHIFT 134 survivors=501480
SHIFT 152 survivors=400782
SHIFT 206 survivors=363003
SHIFT 244 survivors=291862
SHIFT 248 survivors=240841
SHIFT 268 survivors=197727
SHIFT 368 survivors=170911
SHIFT 626 survivors=149115
SHIFT 628 survivors=128113
SHIFT 634 survivors=106491
SHIFT 652 survivors=88209
SHIFT 706 survivors=75223
SHIFT 730 survivors=64894
SHIFT 734 survivors=57946
SHIFT 754 survivors=51823
SHIFT 854 survivors=47458
SHIFT 868 survivors=40123
SHIFT 1354 survivors=35816
SHIFT 2188 survivors=29754
SHIFT 2192 survivors=24900
SHIFT 2212 survivors=22314
SHIFT 2312 survivors=19484
SHIFT 2812 survivors=16948
SHIFT 3126 survivors=13483
SHIFT 3128 survivors=11884
SHIFT 3134 survivors=9948
SHIFT 3152 survivors=8138
SHIFT 3206 survivors=7031
SHIFT 3368 survivors=6059
SHIFT 3854 survivors=5170
SHIFT 5312 survivors=4573
SHIFT 6562 survivors=3924
SHIFT 6566 survivors=3536
SHIFT 6586 survivors=3106
SHIFT 6686 survivors=2755
SHIFT 7186 survivors=2438
SHIFT 9686 survivors=2193
SHIFT 15626 survivors=1883
SHIFT 15628 survivors=1662
SHIFT 15634 survivors=1492
SHIFT 15652 survivors=1306
SHIFT 15706 survivors=1146
SHIFT 15868 survivors=987
SHIFT 16354 survivors=869
SHIFT 17812 survivors=780
SHIFT 19684 survivors=738
SHIFT 19688 survivors=640
SHIFT 19708 survivors=568
SHIFT 19808 survivors=507
SHIFT 20308 survivors=470
SHIFT 22186 survivors=418
SHIFT 22808 survivors=394
SHIFT 35308 survivors=376
SHIFT 59050 survivors=336
SHIFT 59054 survivors=292
SHIFT 59074 survivors=242
SHIFT 59174 survivors=210
SHIFT 59674 survivors=176
SHIFT 62174 survivors=153
SHIFT 74674 survivors=128
SHIFT 78126 survivors=102
SHIFT 78128 survivors=86
SHIFT 78134 survivors=72
SHIFT 78152 survivors=61
SHIFT 78206 survivors=51
SHIFT 78368 survivors=44
SHIFT 78854 survivors=42
SHIFT 80312 survivors=39
SHIFT 84686 survivors=38
SHIFT 97808 survivors=35
SHIFT 137174 survivors=31
SHIFT 177148 survivors=31
SHIFT 177152 survivors=31
SHIFT 177172 survivors=28
SHIFT 177272 survivors=26
SHIFT 177772 survivors=24
SHIFT 180272 survivors=23
SHIFT 192772 survivors=23
SHIFT 255272 survivors=23
SHIFT 390626 survivors=21
SHIFT 390628 survivors=21
SHIFT 390634 survivors=19
SHIFT 390652 survivors=18
SHIFT 390706 survivors=16
SHIFT 390868 survivors=16
SHIFT 391354 survivors=16
SHIFT 392812 survivors=15
SHIFT 397186 survivors=13
SHIFT 410308 survivors=13
SHIFT 449674 survivors=11
SHIFT 531442 survivors=8
SHIFT 531446 survivors=8
SHIFT 531466 survivors=7
SHIFT 531566 survivors=6
SHIFT 532066 survivors=5
SHIFT 534566 survivors=3
SHIFT 547066 survivors=3
SHIFT 567772 survivors=3
SHIFT 609566 survivors=3
SHIFT 922066 survivors=2
SHIFT 1594324 survivors=2
SHIFT 1594328 survivors=2
SHIFT 1594348 survivors=2
SHIFT 1594448 survivors=2
SHIFT 1594948 survivors=2
SHIFT 1597448 survivors=2
SHIFT 1609948 survivors=2
SHIFT 1672448 survivors=2
SHIFT 1953126 survivors=2
SHIFT 1953128 survivors=2
SHIFT 1953134 survivors=2
SHIFT 1953152 survivors=2
SHIFT 1953206 survivors=2
SHIFT 1953368 survivors=2
SHIFT 1953854 survivors=2
SHIFT 1955312 survivors=2
SHIFT 1959686 survivors=0
integers_tested=10000000
admissible_pair_count_at_high=408
distinct_shift_count_at_high=407
shifts_processed_before_termination=133
candidate_count=0
elapsed_seconds=12.9492
EXACT_EMPTY
