SHIFT 2 survivors=8439334
SHIFT 4 survivors=7013912
SHIFT 6 survivors=5832760
SHIFT 8 survivors=4765681
SHIFT 10 survivors=3939760
SHIFT 14 survivors=3297523
SHIFT 26 survivors=2864493
SHIFT 28 survivors=2313068
SHIFT 32 survivors=1874106
SHIFT 34 survivors=1581077
SHIFT 52 survivors=1305990
SHIFT 82 survivors=1126760
SHIFT 86 survivors=961332
SHIFT 106 survivors=853479
SHIFT 126 survivors=727959
SHIFT 128 survivors=565276
SHIFT 134 survivors=501459
SHIFT 152 survivors=400480
SHIFT 206 survivors=362636
SHIFT 244 survivors=291840
SHIFT 248 survivors=240804
SHIFT 268 survivors=197737
SHIFT 368 survivors=171000
SHIFT 626 survivors=149130
SHIFT 628 survivors=127992
SHIFT 634 survivors=106459
SHIFT 652 survivors=88144
SHIFT 706 survivors=75162
SHIFT 730 survivors=64971
SHIFT 734 survivors=58139
SHIFT 754 survivors=52050
SHIFT 854 survivors=47829
SHIFT 868 survivors=40503
SHIFT 1354 survivors=36112
SHIFT 2188 survivors=30025
SHIFT 2192 survivors=25194
SHIFT 2212 survivors=22637
SHIFT 2312 survivors=19871
SHIFT 2812 survivors=17292
SHIFT 3126 survivors=13610
SHIFT 3128 survivors=12092
SHIFT 3134 survivors=10101
SHIFT 3152 survivors=8364
SHIFT 3206 survivors=7203
SHIFT 3368 survivors=6227
SHIFT 3854 survivors=5336
SHIFT 5312 survivors=4729
SHIFT 6562 survivors=4139
SHIFT 6566 survivors=3694
SHIFT 6586 survivors=3284
SHIFT 6686 survivors=2922
SHIFT 7186 survivors=2574
SHIFT 9686 survivors=2320
SHIFT 15626 survivors=1991
SHIFT 15628 survivors=1736
SHIFT 15634 survivors=1549
SHIFT 15652 survivors=1385
SHIFT 15706 survivors=1228
SHIFT 15868 survivors=1066
SHIFT 16354 survivors=941
SHIFT 17812 survivors=870
SHIFT 19684 survivors=810
SHIFT 19688 survivors=710
SHIFT 19708 survivors=630
SHIFT 19808 survivors=548
SHIFT 20308 survivors=512
SHIFT 22186 survivors=465
SHIFT 22808 survivors=433
SHIFT 35308 survivors=412
SHIFT 59050 survivors=369
SHIFT 59054 survivors=300
SHIFT 59074 survivors=239
SHIFT 59174 survivors=216
SHIFT 59674 survivors=184
SHIFT 62174 survivors=161
SHIFT 74674 survivors=146
SHIFT 78126 survivors=121
SHIFT 78128 survivors=106
SHIFT 78134 survivors=96
SHIFT 78152 survivors=82
SHIFT 78206 survivors=76
SHIFT 78368 survivors=60
SHIFT 78854 survivors=58
SHIFT 80312 survivors=50
SHIFT 84686 survivors=45
SHIFT 97808 survivors=44
SHIFT 137174 survivors=42
SHIFT 177148 survivors=39
SHIFT 177152 survivors=37
SHIFT 177172 survivors=31
SHIFT 177272 survivors=30
SHIFT 177772 survivors=27
SHIFT 180272 survivors=26
SHIFT 192772 survivors=25
SHIFT 255272 survivors=24
SHIFT 390626 survivors=20
SHIFT 390628 survivors=20
SHIFT 390634 survivors=19
SHIFT 390652 survivors=17
SHIFT 390706 survivors=15
SHIFT 390868 survivors=15
SHIFT 391354 survivors=13
SHIFT 392812 survivors=13
SHIFT 397186 survivors=12
SHIFT 410308 survivors=12
SHIFT 449674 survivors=11
SHIFT 531442 survivors=10
SHIFT 531446 survivors=10
SHIFT 531466 survivors=9
SHIFT 531566 survivors=8
SHIFT 532066 survivors=7
SHIFT 534566 survivors=6
SHIFT 547066 survivors=6
SHIFT 567772 survivors=6
SHIFT 609566 survivors=6
SHIFT 922066 survivors=6
SHIFT 1594324 survivors=6
SHIFT 1594328 survivors=6
SHIFT 1594348 survivors=6
SHIFT 1594448 survivors=5
SHIFT 1594948 survivors=5
SHIFT 1597448 survivors=4
SHIFT 1609948 survivors=4
SHIFT 1672448 survivors=4
SHIFT 1953126 survivors=4
SHIFT 1953128 survivors=3
SHIFT 1953134 survivors=3
SHIFT 1953152 survivors=3
SHIFT 1953206 survivors=2
SHIFT 1953368 survivors=2
SHIFT 1953854 survivors=0
integers_tested=10000000
admissible_pair_count_at_high=408
distinct_shift_count_at_high=407
shifts_processed_before_termination=131
candidate_count=0
elapsed_seconds=13.1222
EXACT_EMPTY
