SHIFT 2 survivors=8439537
SHIFT 4 survivors=7014522
SHIFT 6 survivors=5833312
SHIFT 8 survivors=4765903
SHIFT 10 survivors=3939969
SHIFT 14 survivors=3297189
SHIFT 26 survivors=2864283
SHIFT 28 survivors=2312731
SHIFT 32 survivors=1873737
SHIFT 34 survivors=1581428
SHIFT 52 survivors=1305353
SHIFT 82 survivors=1125607
SHIFT 86 survivors=960593
SHIFT 106 survivors=852380
SHIFT 126 survivors=726948
SHIFT 128 survivors=564565
SHIFT 134 survivors=500866
SHIFT 152 survivors=400235
SHIFT 206 survivors=362824
SHIFT 244 survivors=292000
SHIFT 248 survivors=240776
SHIFT 268 survivors=197284
SHIFT 368 survivors=170663
SHIFT 626 survivors=149296
SHIFT 628 survivors=128001
SHIFT 634 survivors=106422
SHIFT 652 survivors=88151
SHIFT 706 survivors=75303
SHIFT 730 survivors=64916
SHIFT 734 survivors=58166
SHIFT 754 survivors=52070
SHIFT 854 survivors=47644
SHIFT 868 survivors=40380
SHIFT 1354 survivors=35998
SHIFT 2188 survivors=29860
SHIFT 2192 survivors=25085
SHIFT 2212 survivors=22492
SHIFT 2312 survivors=19629
SHIFT 2812 survivors=17026
SHIFT 3126 survivors=13380
SHIFT 3128 survivors=11816
SHIFT 3134 survivors=9903
SHIFT 3152 survivors=8179
SHIFT 3206 survivors=7118
SHIFT 3368 survivors=6080
SHIFT 3854 survivors=5208
SHIFT 5312 survivors=4602
SHIFT 6562 survivors=4057
SHIFT 6566 survivors=3627
SHIFT 6586 survivors=3184
SHIFT 6686 survivors=2833
SHIFT 7186 survivors=2488
SHIFT 9686 survivors=2261
SHIFT 15626 survivors=1954
SHIFT 15628 survivors=1689
SHIFT 15634 survivors=1502
SHIFT 15652 survivors=1356
SHIFT 15706 survivors=1209
SHIFT 15868 survivors=1045
SHIFT 16354 survivors=935
SHIFT 17812 survivors=848
SHIFT 19684 survivors=806
SHIFT 19688 survivors=706
SHIFT 19708 survivors=629
SHIFT 19808 survivors=555
SHIFT 20308 survivors=523
SHIFT 22186 survivors=463
SHIFT 22808 survivors=433
SHIFT 35308 survivors=407
SHIFT 59050 survivors=361
SHIFT 59054 survivors=297
SHIFT 59074 survivors=238
SHIFT 59174 survivors=206
SHIFT 59674 survivors=180
SHIFT 62174 survivors=164
SHIFT 74674 survivors=154
SHIFT 78126 survivors=122
SHIFT 78128 survivors=103
SHIFT 78134 survivors=95
SHIFT 78152 survivors=81
SHIFT 78206 survivors=72
SHIFT 78368 survivors=60
SHIFT 78854 survivors=56
SHIFT 80312 survivors=54
SHIFT 84686 survivors=50
SHIFT 97808 survivors=48
SHIFT 137174 survivors=47
SHIFT 177148 survivors=43
SHIFT 177152 survivors=42
SHIFT 177172 survivors=39
SHIFT 177272 survivors=36
SHIFT 177772 survivors=35
SHIFT 180272 survivors=32
SHIFT 192772 survivors=31
SHIFT 255272 survivors=30
SHIFT 390626 survivors=25
SHIFT 390628 survivors=25
SHIFT 390634 survivors=20
SHIFT 390652 survivors=17
SHIFT 390706 survivors=14
SHIFT 390868 survivors=13
SHIFT 391354 survivors=10
SHIFT 392812 survivors=10
SHIFT 397186 survivors=9
SHIFT 410308 survivors=9
SHIFT 449674 survivors=8
SHIFT 531442 survivors=7
SHIFT 531446 survivors=7
SHIFT 531466 survivors=7
SHIFT 531566 survivors=7
SHIFT 532066 survivors=6
SHIFT 534566 survivors=5
SHIFT 547066 survivors=5
SHIFT 567772 survivors=4
SHIFT 609566 survivors=4
SHIFT 922066 survivors=2
SHIFT 1594324 survivors=2
SHIFT 1594328 survivors=2
SHIFT 1594348 survivors=2
SHIFT 1594448 survivors=2
SHIFT 1594948 survivors=2
SHIFT 1597448 survivors=2
SHIFT 1609948 survivors=2
SHIFT 1672448 survivors=2
SHIFT 1953126 survivors=2
SHIFT 1953128 survivors=1
SHIFT 1953134 survivors=1
SHIFT 1953152 survivors=1
SHIFT 1953206 survivors=1
SHIFT 1953368 survivors=1
SHIFT 1953854 survivors=1
SHIFT 1955312 survivors=1
SHIFT 1959686 survivors=1
SHIFT 1972808 survivors=1
SHIFT 1984948 survivors=1
SHIFT 2012174 survivors=1
SHIFT 2130272 survivors=1
SHIFT 2484566 survivors=1
SHIFT 3547448 survivors=1
SHIFT 4782970 survivors=1
SHIFT 4782974 survivors=1
SHIFT 4782994 survivors=1
SHIFT 4783094 survivors=1
SHIFT 4783594 survivors=1
SHIFT 4786094 survivors=1
SHIFT 4798594 survivors=1
SHIFT 4861094 survivors=1
SHIFT 5173594 survivors=1
SHIFT 6736094 survivors=0
integers_tested=10000000
admissible_pair_count_at_high=408
distinct_shift_count_at_high=407
shifts_processed_before_termination=149
candidate_count=0
elapsed_seconds=18.1784
EXACT_EMPTY
