SHIFT 2 survivors=8439558
SHIFT 4 survivors=7014665
SHIFT 6 survivors=5833533
SHIFT 8 survivors=4766697
SHIFT 10 survivors=3940638
SHIFT 14 survivors=3298067
SHIFT 26 survivors=2866017
SHIFT 28 survivors=2314711
SHIFT 32 survivors=1875404
SHIFT 34 survivors=1582602
SHIFT 52 survivors=1307075
SHIFT 82 survivors=1127290
SHIFT 86 survivors=961579
SHIFT 106 survivors=853211
SHIFT 126 survivors=727203
SHIFT 128 survivors=564650
SHIFT 134 survivors=500810
SHIFT 152 survivors=399718
SHIFT 206 survivors=362380
SHIFT 244 survivors=291510
SHIFT 248 survivors=240196
SHIFT 268 survivors=197268
SHIFT 368 survivors=170294
SHIFT 626 survivors=148813
SHIFT 628 survivors=127750
SHIFT 634 survivors=106278
SHIFT 652 survivors=87927
SHIFT 706 survivors=75097
SHIFT 730 survivors=65003
SHIFT 734 survivors=58147
SHIFT 754 survivors=52038
SHIFT 854 survivors=47842
SHIFT 868 survivors=40397
SHIFT 1354 survivors=35996
SHIFT 2188 survivors=29889
SHIFT 2192 survivors=25042
SHIFT 2212 survivors=22446
SHIFT 2312 survivors=19621
SHIFT 2812 survivors=17098
SHIFT 3126 survivors=13491
SHIFT 3128 survivors=11851
SHIFT 3134 survivors=9963
SHIFT 3152 survivors=8158
SHIFT 3206 survivors=7043
SHIFT 3368 survivors=6047
SHIFT 3854 survivors=5148
SHIFT 5312 survivors=4528
SHIFT 6562 survivors=3975
SHIFT 6566 survivors=3588
SHIFT 6586 survivors=3137
SHIFT 6686 survivors=2753
SHIFT 7186 survivors=2436
SHIFT 9686 survivors=2191
SHIFT 15626 survivors=1871
SHIFT 15628 survivors=1641
SHIFT 15634 survivors=1478
SHIFT 15652 survivors=1317
SHIFT 15706 survivors=1180
SHIFT 15868 survivors=1036
SHIFT 16354 survivors=922
SHIFT 17812 survivors=828
SHIFT 19684 survivors=783
SHIFT 19688 survivors=685
SHIFT 19708 survivors=609
SHIFT 19808 survivors=543
SHIFT 20308 survivors=502
SHIFT 22186 survivors=436
SHIFT 22808 survivors=401
SHIFT 35308 survivors=384
SHIFT 59050 survivors=345
SHIFT 59054 survivors=294
SHIFT 59074 survivors=248
SHIFT 59174 survivors=218
SHIFT 59674 survivors=185
SHIFT 62174 survivors=168
SHIFT 74674 survivors=152
SHIFT 78126 survivors=120
SHIFT 78128 survivors=101
SHIFT 78134 survivors=90
SHIFT 78152 survivors=79
SHIFT 78206 survivors=70
SHIFT 78368 survivors=66
SHIFT 78854 survivors=62
SHIFT 80312 survivors=58
SHIFT 84686 survivors=57
SHIFT 97808 survivors=52
SHIFT 137174 survivors=48
SHIFT 177148 survivors=44
SHIFT 177152 survivors=42
SHIFT 177172 survivors=37
SHIFT 177272 survivors=37
SHIFT 177772 survivors=33
SHIFT 180272 survivors=31
SHIFT 192772 survivors=29
SHIFT 255272 survivors=28
SHIFT 390626 survivors=21
SHIFT 390628 survivors=21
SHIFT 390634 survivors=19
SHIFT 390652 survivors=13
SHIFT 390706 survivors=9
SHIFT 390868 survivors=9
SHIFT 391354 survivors=8
SHIFT 392812 survivors=7
SHIFT 397186 survivors=6
SHIFT 410308 survivors=6
SHIFT 449674 survivors=6
SHIFT 531442 survivors=6
SHIFT 531446 survivors=6
SHIFT 531466 survivors=5
SHIFT 531566 survivors=4
SHIFT 532066 survivors=4
SHIFT 534566 survivors=4
SHIFT 547066 survivors=4
SHIFT 567772 survivors=4
SHIFT 609566 survivors=4
SHIFT 922066 survivors=4
SHIFT 1594324 survivors=4
SHIFT 1594328 survivors=4
SHIFT 1594348 survivors=4
SHIFT 1594448 survivors=4
SHIFT 1594948 survivors=4
SHIFT 1597448 survivors=4
SHIFT 1609948 survivors=4
SHIFT 1672448 survivors=4
SHIFT 1953126 survivors=4
SHIFT 1953128 survivors=4
SHIFT 1953134 survivors=3
SHIFT 1953152 survivors=3
SHIFT 1953206 survivors=3
SHIFT 1953368 survivors=3
SHIFT 1953854 survivors=1
SHIFT 1955312 survivors=1
SHIFT 1959686 survivors=1
SHIFT 1972808 survivors=1
SHIFT 1984948 survivors=1
SHIFT 2012174 survivors=1
SHIFT 2130272 survivors=1
SHIFT 2484566 survivors=0
integers_tested=10000000
admissible_pair_count_at_high=408
distinct_shift_count_at_high=407
shifts_processed_before_termination=138
candidate_count=0
elapsed_seconds=12.7899
EXACT_EMPTY
