SHIFT 2 survivors=8439588
SHIFT 4 survivors=7014534
SHIFT 6 survivors=5833521
SHIFT 8 survivors=4766719
SHIFT 10 survivors=3941458
SHIFT 14 survivors=3299002
SHIFT 26 survivors=2866451
SHIFT 28 survivors=2315045
SHIFT 32 survivors=1875703
SHIFT 34 survivors=1583027
SHIFT 52 survivors=1307925
SHIFT 82 survivors=1127763
SHIFT 86 survivors=962728
SHIFT 106 survivors=854634
SHIFT 126 survivors=728905
SHIFT 128 survivors=566436
SHIFT 134 survivors=502737
SHIFT 152 survivors=401951
SHIFT 206 survivors=363941
SHIFT 244 survivors=293024
SHIFT 248 survivors=241411
SHIFT 268 survivors=198286
SHIFT 368 survivors=171602
SHIFT 626 survivors=149867
SHIFT 628 survivors=128417
SHIFT 634 survivors=106839
SHIFT 652 survivors=88444
SHIFT 706 survivors=75325
SHIFT 730 survivors=65156
SHIFT 734 survivors=58359
SHIFT 754 survivors=52279
SHIFT 854 survivors=48113
SHIFT 868 survivors=40727
SHIFT 1354 survivors=36358
SHIFT 2188 survivors=30170
SHIFT 2192 survivors=25314
SHIFT 2212 survivors=22713
SHIFT 2312 survivors=19873
SHIFT 2812 survivors=17290
SHIFT 3126 survivors=13546
SHIFT 3128 survivors=12021
SHIFT 3134 survivors=10038
SHIFT 3152 survivors=8266
SHIFT 3206 survivors=7098
SHIFT 3368 survivors=6031
SHIFT 3854 survivors=5169
SHIFT 5312 survivors=4552
SHIFT 6562 survivors=3975
SHIFT 6566 survivors=3562
SHIFT 6586 survivors=3141
SHIFT 6686 survivors=2769
SHIFT 7186 survivors=2419
SHIFT 9686 survivors=2173
SHIFT 15626 survivors=1856
SHIFT 15628 survivors=1636
SHIFT 15634 survivors=1482
SHIFT 15652 survivors=1307
SHIFT 15706 survivors=1177
SHIFT 15868 survivors=1054
SHIFT 16354 survivors=931
SHIFT 17812 survivors=859
SHIFT 19684 survivors=801
SHIFT 19688 survivors=682
SHIFT 19708 survivors=613
SHIFT 19808 survivors=531
SHIFT 20308 survivors=492
SHIFT 22186 survivors=429
SHIFT 22808 survivors=411
SHIFT 35308 survivors=390
SHIFT 59050 survivors=354
SHIFT 59054 survivors=302
SHIFT 59074 survivors=245
SHIFT 59174 survivors=214
SHIFT 59674 survivors=182
SHIFT 62174 survivors=168
SHIFT 74674 survivors=155
SHIFT 78126 survivors=123
SHIFT 78128 survivors=104
SHIFT 78134 survivors=95
SHIFT 78152 survivors=86
SHIFT 78206 survivors=83
SHIFT 78368 survivors=71
SHIFT 78854 survivors=71
SHIFT 80312 survivors=66
SHIFT 84686 survivors=62
SHIFT 97808 survivors=57
SHIFT 137174 survivors=53
SHIFT 177148 survivors=46
SHIFT 177152 survivors=37
SHIFT 177172 survivors=35
SHIFT 177272 survivors=35
SHIFT 177772 survivors=33
SHIFT 180272 survivors=30
SHIFT 192772 survivors=30
SHIFT 255272 survivors=29
SHIFT 390626 survivors=26
SHIFT 390628 survivors=26
SHIFT 390634 survivors=19
SHIFT 390652 survivors=18
SHIFT 390706 survivors=15
SHIFT 390868 survivors=14
SHIFT 391354 survivors=13
SHIFT 392812 survivors=12
SHIFT 397186 survivors=11
SHIFT 410308 survivors=11
SHIFT 449674 survivors=6
SHIFT 531442 survivors=6
SHIFT 531446 survivors=6
SHIFT 531466 survivors=6
SHIFT 531566 survivors=4
SHIFT 532066 survivors=4
SHIFT 534566 survivors=3
SHIFT 547066 survivors=3
SHIFT 567772 survivors=3
SHIFT 609566 survivors=3
SHIFT 922066 survivors=3
SHIFT 1594324 survivors=3
SHIFT 1594328 survivors=3
SHIFT 1594348 survivors=3
SHIFT 1594448 survivors=3
SHIFT 1594948 survivors=3
SHIFT 1597448 survivors=2
SHIFT 1609948 survivors=2
SHIFT 1672448 survivors=2
SHIFT 1953126 survivors=2
SHIFT 1953128 survivors=2
SHIFT 1953134 survivors=2
SHIFT 1953152 survivors=2
SHIFT 1953206 survivors=1
SHIFT 1953368 survivors=1
SHIFT 1953854 survivors=1
SHIFT 1955312 survivors=1
SHIFT 1959686 survivors=1
SHIFT 1972808 survivors=1
SHIFT 1984948 survivors=1
SHIFT 2012174 survivors=1
SHIFT 2130272 survivors=1
SHIFT 2484566 survivors=1
SHIFT 3547448 survivors=1
SHIFT 4782970 survivors=1
SHIFT 4782974 survivors=0
integers_tested=10000000
admissible_pair_count_at_high=408
distinct_shift_count_at_high=407
shifts_processed_before_termination=141
candidate_count=0
elapsed_seconds=12.7104
EXACT_EMPTY
