SHIFT 2 survivors=8435234
SHIFT 4 survivors=7006658
SHIFT 6 survivors=5823666
SHIFT 8 survivors=4755407
SHIFT 10 survivors=3929137
SHIFT 14 survivors=3286689
SHIFT 26 survivors=2855315
SHIFT 28 survivors=2303919
SHIFT 32 survivors=1865555
SHIFT 34 survivors=1573608
SHIFT 52 survivors=1298284
SHIFT 82 survivors=1119008
SHIFT 86 survivors=954154
SHIFT 106 survivors=846489
SHIFT 126 survivors=722206
SHIFT 128 survivors=560325
SHIFT 134 survivors=497145
SHIFT 152 survivors=396726
SHIFT 206 survivors=359160
SHIFT 244 survivors=288948
SHIFT 248 survivors=238261
SHIFT 268 survivors=195597
SHIFT 368 survivors=169143
SHIFT 626 survivors=147563
SHIFT 628 survivors=126456
SHIFT 634 survivors=105222
SHIFT 652 survivors=86890
SHIFT 706 survivors=73984
SHIFT 730 survivors=63949
SHIFT 734 survivors=57261
SHIFT 754 survivors=51306
SHIFT 854 survivors=46953
SHIFT 868 survivors=39648
SHIFT 1354 survivors=35499
SHIFT 2188 survivors=29450
SHIFT 2192 survivors=24572
SHIFT 2212 survivors=21970
SHIFT 2312 survivors=19133
SHIFT 2812 survivors=16601
SHIFT 3126 survivors=13027
SHIFT 3128 survivors=11446
SHIFT 3134 survivors=9565
SHIFT 3152 survivors=7864
SHIFT 3206 survivors=6735
SHIFT 3368 survivors=5754
SHIFT 3854 survivors=4949
SHIFT 5312 survivors=4353
SHIFT 6562 survivors=3777
SHIFT 6566 survivors=3397
SHIFT 6586 survivors=2958
SHIFT 6686 survivors=2637
SHIFT 7186 survivors=2344
SHIFT 9686 survivors=2131
SHIFT 15626 survivors=1824
SHIFT 15628 survivors=1573
SHIFT 15634 survivors=1422
SHIFT 15652 survivors=1255
SHIFT 15706 survivors=1110
SHIFT 15868 survivors=983
SHIFT 16354 survivors=878
SHIFT 17812 survivors=791
SHIFT 19684 survivors=754
SHIFT 19688 survivors=663
SHIFT 19708 survivors=601
SHIFT 19808 survivors=520
SHIFT 20308 survivors=491
SHIFT 22186 survivors=436
SHIFT 22808 survivors=412
SHIFT 35308 survivors=390
SHIFT 59050 survivors=345
SHIFT 59054 survivors=296
SHIFT 59074 survivors=251
SHIFT 59174 survivors=218
SHIFT 59674 survivors=184
SHIFT 62174 survivors=165
SHIFT 74674 survivors=148
SHIFT 78126 survivors=117
SHIFT 78128 survivors=100
SHIFT 78134 survivors=88
SHIFT 78152 survivors=77
SHIFT 78206 survivors=73
SHIFT 78368 survivors=69
SHIFT 78854 survivors=62
SHIFT 80312 survivors=54
SHIFT 84686 survivors=51
SHIFT 97808 survivors=44
SHIFT 137174 survivors=41
SHIFT 177148 survivors=37
SHIFT 177152 survivors=34
SHIFT 177172 survivors=32
SHIFT 177272 survivors=30
SHIFT 177772 survivors=29
SHIFT 180272 survivors=27
SHIFT 192772 survivors=27
SHIFT 255272 survivors=27
SHIFT 390626 survivors=24
SHIFT 390628 survivors=24
SHIFT 390634 survivors=19
SHIFT 390652 survivors=17
SHIFT 390706 survivors=13
SHIFT 390868 survivors=13
SHIFT 391354 survivors=7
SHIFT 392812 survivors=6
SHIFT 397186 survivors=6
SHIFT 410308 survivors=6
SHIFT 449674 survivors=5
SHIFT 531442 survivors=4
SHIFT 531446 survivors=3
SHIFT 531466 survivors=3
SHIFT 531566 survivors=3
SHIFT 532066 survivors=1
SHIFT 534566 survivors=1
SHIFT 547066 survivors=1
SHIFT 567772 survivors=1
SHIFT 609566 survivors=1
SHIFT 922066 survivors=1
SHIFT 1594324 survivors=1
SHIFT 1594328 survivors=1
SHIFT 1594348 survivors=1
SHIFT 1594448 survivors=1
SHIFT 1594948 survivors=1
SHIFT 1597448 survivors=1
SHIFT 1609948 survivors=1
SHIFT 1672448 survivors=1
SHIFT 1953126 survivors=0
integers_tested=10000000
admissible_pair_count_at_high=407
distinct_shift_count_at_high=406
shifts_processed_before_termination=125
candidate_count=0
elapsed_seconds=8.30346
EXACT_EMPTY
