SHIFT 2 survivors=8434914
SHIFT 4 survivors=7006141
SHIFT 6 survivors=5822485
SHIFT 8 survivors=4753668
SHIFT 10 survivors=3927368
SHIFT 14 survivors=3284797
SHIFT 26 survivors=2853702
SHIFT 28 survivors=2303052
SHIFT 32 survivors=1864970
SHIFT 34 survivors=1573658
SHIFT 52 survivors=1298904
SHIFT 82 survivors=1119680
SHIFT 86 survivors=954979
SHIFT 106 survivors=846762
SHIFT 126 survivors=722216
SHIFT 128 survivors=560062
SHIFT 134 survivors=497001
SHIFT 152 survivors=396270
SHIFT 206 survivors=358782
SHIFT 244 survivors=288178
SHIFT 248 survivors=237263
SHIFT 268 survivors=194874
SHIFT 368 survivors=168417
SHIFT 626 survivors=146930
SHIFT 628 survivors=125944
SHIFT 634 survivors=104643
SHIFT 652 survivors=86607
SHIFT 706 survivors=73682
SHIFT 730 survivors=63535
SHIFT 734 survivors=56682
SHIFT 754 survivors=50642
SHIFT 854 survivors=46391
SHIFT 868 survivors=39196
SHIFT 1354 survivors=34915
SHIFT 2188 survivors=28988
SHIFT 2192 survivors=24292
SHIFT 2212 survivors=21763
SHIFT 2312 survivors=19064
SHIFT 2812 survivors=16562
SHIFT 3126 survivors=13011
SHIFT 3128 survivors=11549
SHIFT 3134 survivors=9681
SHIFT 3152 survivors=7945
SHIFT 3206 survivors=6818
SHIFT 3368 survivors=5810
SHIFT 3854 survivors=4942
SHIFT 5312 survivors=4359
SHIFT 6562 survivors=3800
SHIFT 6566 survivors=3463
SHIFT 6586 survivors=3062
SHIFT 6686 survivors=2716
SHIFT 7186 survivors=2382
SHIFT 9686 survivors=2163
SHIFT 15626 survivors=1838
SHIFT 15628 survivors=1581
SHIFT 15634 survivors=1402
SHIFT 15652 survivors=1251
SHIFT 15706 survivors=1090
SHIFT 15868 survivors=963
SHIFT 16354 survivors=843
SHIFT 17812 survivors=773
SHIFT 19684 survivors=726
SHIFT 19688 survivors=623
SHIFT 19708 survivors=553
SHIFT 19808 survivors=475
SHIFT 20308 survivors=448
SHIFT 22186 survivors=389
SHIFT 22808 survivors=370
SHIFT 35308 survivors=355
SHIFT 59050 survivors=315
SHIFT 59054 survivors=267
SHIFT 59074 survivors=222
SHIFT 59174 survivors=189
SHIFT 59674 survivors=160
SHIFT 62174 survivors=139
SHIFT 74674 survivors=125
SHIFT 78126 survivors=102
SHIFT 78128 survivors=88
SHIFT 78134 survivors=85
SHIFT 78152 survivors=71
SHIFT 78206 survivors=64
SHIFT 78368 survivors=61
SHIFT 78854 survivors=57
SHIFT 80312 survivors=55
SHIFT 84686 survivors=54
SHIFT 97808 survivors=50
SHIFT 137174 survivors=47
SHIFT 177148 survivors=44
SHIFT 177152 survivors=41
SHIFT 177172 survivors=39
SHIFT 177272 survivors=37
SHIFT 177772 survivors=34
SHIFT 180272 survivors=31
SHIFT 192772 survivors=31
SHIFT 255272 survivors=30
SHIFT 390626 survivors=26
SHIFT 390628 survivors=25
SHIFT 390634 survivors=20
SHIFT 390652 survivors=19
SHIFT 390706 survivors=14
SHIFT 390868 survivors=14
SHIFT 391354 survivors=10
SHIFT 392812 survivors=10
SHIFT 397186 survivors=7
SHIFT 410308 survivors=6
SHIFT 449674 survivors=5
SHIFT 531442 survivors=3
SHIFT 531446 survivors=3
SHIFT 531466 survivors=3
SHIFT 531566 survivors=3
SHIFT 532066 survivors=3
SHIFT 534566 survivors=2
SHIFT 547066 survivors=2
SHIFT 567772 survivors=2
SHIFT 609566 survivors=2
SHIFT 922066 survivors=1
SHIFT 1594324 survivors=1
SHIFT 1594328 survivors=1
SHIFT 1594348 survivors=1
SHIFT 1594448 survivors=1
SHIFT 1594948 survivors=1
SHIFT 1597448 survivors=1
SHIFT 1609948 survivors=1
SHIFT 1672448 survivors=1
SHIFT 1953126 survivors=1
SHIFT 1953128 survivors=1
SHIFT 1953134 survivors=1
SHIFT 1953152 survivors=1
SHIFT 1953206 survivors=1
SHIFT 1953368 survivors=1
SHIFT 1953854 survivors=1
SHIFT 1955312 survivors=1
SHIFT 1959686 survivors=1
SHIFT 1972808 survivors=1
SHIFT 1984948 survivors=1
SHIFT 2012174 survivors=1
SHIFT 2130272 survivors=1
SHIFT 2484566 survivors=1
SHIFT 3547448 survivors=1
SHIFT 4782970 survivors=1
SHIFT 4782974 survivors=1
SHIFT 4782994 survivors=1
SHIFT 4783094 survivors=1
SHIFT 4783594 survivors=1
SHIFT 4786094 survivors=0
integers_tested=10000000
admissible_pair_count_at_high=407
distinct_shift_count_at_high=406
shifts_processed_before_termination=145
candidate_count=0
elapsed_seconds=13.3471
EXACT_EMPTY
