SHIFT 2 survivors=8434601
SHIFT 4 survivors=7005665
SHIFT 6 survivors=5822227
SHIFT 8 survivors=4753642
SHIFT 10 survivors=3927359
SHIFT 14 survivors=3284834
SHIFT 26 survivors=2852573
SHIFT 28 survivors=2300754
SHIFT 32 survivors=1862105
SHIFT 34 survivors=1570591
SHIFT 52 survivors=1295157
SHIFT 82 survivors=1116410
SHIFT 86 survivors=952227
SHIFT 106 survivors=844563
SHIFT 126 survivors=719678
SHIFT 128 survivors=557442
SHIFT 134 survivors=494449
SHIFT 152 survivors=394213
SHIFT 206 survivors=357327
SHIFT 244 survivors=287093
SHIFT 248 survivors=236693
SHIFT 268 survivors=193837
SHIFT 368 survivors=167528
SHIFT 626 survivors=146141
SHIFT 628 survivors=125107
SHIFT 634 survivors=104158
SHIFT 652 survivors=86203
SHIFT 706 survivors=73463
SHIFT 730 survivors=63357
SHIFT 734 survivors=56716
SHIFT 754 survivors=50656
SHIFT 854 survivors=46472
SHIFT 868 survivors=39324
SHIFT 1354 survivors=35148
SHIFT 2188 survivors=29120
SHIFT 2192 survivors=24536
SHIFT 2212 survivors=22047
SHIFT 2312 survivors=19354
SHIFT 2812 survivors=16791
SHIFT 3126 survivors=13237
SHIFT 3128 survivors=11714
SHIFT 3134 survivors=9819
SHIFT 3152 survivors=8008
SHIFT 3206 survivors=6906
SHIFT 3368 survivors=5907
SHIFT 3854 survivors=5087
SHIFT 5312 survivors=4490
SHIFT 6562 survivors=3880
SHIFT 6566 survivors=3504
SHIFT 6586 survivors=3065
SHIFT 6686 survivors=2755
SHIFT 7186 survivors=2409
SHIFT 9686 survivors=2174
SHIFT 15626 survivors=1859
SHIFT 15628 survivors=1624
SHIFT 15634 survivors=1480
SHIFT 15652 survivors=1323
SHIFT 15706 survivors=1164
SHIFT 15868 survivors=1051
SHIFT 16354 survivors=946
SHIFT 17812 survivors=865
SHIFT 19684 survivors=826
SHIFT 19688 survivors=720
SHIFT 19708 survivors=624
SHIFT 19808 survivors=564
SHIFT 20308 survivors=511
SHIFT 22186 survivors=454
SHIFT 22808 survivors=411
SHIFT 35308 survivors=392
SHIFT 59050 survivors=341
SHIFT 59054 survivors=291
SHIFT 59074 survivors=249
SHIFT 59174 survivors=206
SHIFT 59674 survivors=183
SHIFT 62174 survivors=156
SHIFT 74674 survivors=142
SHIFT 78126 survivors=118
SHIFT 78128 survivors=98
SHIFT 78134 survivors=85
SHIFT 78152 survivors=76
SHIFT 78206 survivors=70
SHIFT 78368 survivors=64
SHIFT 78854 survivors=61
SHIFT 80312 survivors=58
SHIFT 84686 survivors=53
SHIFT 97808 survivors=51
SHIFT 137174 survivors=48
SHIFT 177148 survivors=43
SHIFT 177152 survivors=42
SHIFT 177172 survivors=37
SHIFT 177272 survivors=36
SHIFT 177772 survivors=35
SHIFT 180272 survivors=34
SHIFT 192772 survivors=33
SHIFT 255272 survivors=33
SHIFT 390626 survivors=28
SHIFT 390628 survivors=28
SHIFT 390634 survivors=24
SHIFT 390652 survivors=23
SHIFT 390706 survivors=22
SHIFT 390868 survivors=21
SHIFT 391354 survivors=19
SHIFT 392812 survivors=18
SHIFT 397186 survivors=16
SHIFT 410308 survivors=16
SHIFT 449674 survivors=11
SHIFT 531442 survivors=11
SHIFT 531446 survivors=10
SHIFT 531466 survivors=9
SHIFT 531566 survivors=7
SHIFT 532066 survivors=5
SHIFT 534566 survivors=5
SHIFT 547066 survivors=3
SHIFT 567772 survivors=3
SHIFT 609566 survivors=3
SHIFT 922066 survivors=3
SHIFT 1594324 survivors=3
SHIFT 1594328 survivors=3
SHIFT 1594348 survivors=3
SHIFT 1594448 survivors=3
SHIFT 1594948 survivors=3
SHIFT 1597448 survivors=3
SHIFT 1609948 survivors=3
SHIFT 1672448 survivors=3
SHIFT 1953126 survivors=2
SHIFT 1953128 survivors=2
SHIFT 1953134 survivors=2
SHIFT 1953152 survivors=1
SHIFT 1953206 survivors=1
SHIFT 1953368 survivors=1
SHIFT 1953854 survivors=1
SHIFT 1955312 survivors=1
SHIFT 1959686 survivors=1
SHIFT 1972808 survivors=1
SHIFT 1984948 survivors=1
SHIFT 2012174 survivors=1
SHIFT 2130272 survivors=1
SHIFT 2484566 survivors=1
SHIFT 3547448 survivors=1
SHIFT 4782970 survivors=1
SHIFT 4782974 survivors=1
SHIFT 4782994 survivors=1
SHIFT 4783094 survivors=1
SHIFT 4783594 survivors=0
integers_tested=10000000
admissible_pair_count_at_high=407
distinct_shift_count_at_high=406
shifts_processed_before_termination=144
candidate_count=0
elapsed_seconds=14.7092
EXACT_EMPTY
