SHIFT 2 survivors=8434446
SHIFT 4 survivors=7005168
SHIFT 6 survivors=5821277
SHIFT 8 survivors=4752169
SHIFT 10 survivors=3925562
SHIFT 14 survivors=3283141
SHIFT 26 survivors=2851805
SHIFT 28 survivors=2300688
SHIFT 32 survivors=1861966
SHIFT 34 survivors=1570017
SHIFT 52 survivors=1295361
SHIFT 82 survivors=1116729
SHIFT 86 survivors=952553
SHIFT 106 survivors=845199
SHIFT 126 survivors=719771
SHIFT 128 survivors=557850
SHIFT 134 survivors=495063
SHIFT 152 survivors=394828
SHIFT 206 survivors=357957
SHIFT 244 survivors=287660
SHIFT 248 survivors=237065
SHIFT 268 survivors=194065
SHIFT 368 survivors=167651
SHIFT 626 survivors=146143
SHIFT 628 survivors=125549
SHIFT 634 survivors=104310
SHIFT 652 survivors=86098
SHIFT 706 survivors=73268
SHIFT 730 survivors=63158
SHIFT 734 survivors=56543
SHIFT 754 survivors=50515
SHIFT 854 survivors=46320
SHIFT 868 survivors=39126
SHIFT 1354 survivors=35034
SHIFT 2188 survivors=29093
SHIFT 2192 survivors=24377
SHIFT 2212 survivors=21790
SHIFT 2312 survivors=19071
SHIFT 2812 survivors=16625
SHIFT 3126 survivors=13084
SHIFT 3128 survivors=11471
SHIFT 3134 survivors=9505
SHIFT 3152 survivors=7749
SHIFT 3206 survivors=6665
SHIFT 3368 survivors=5722
SHIFT 3854 survivors=4891
SHIFT 5312 survivors=4342
SHIFT 6562 survivors=3797
SHIFT 6566 survivors=3452
SHIFT 6586 survivors=3050
SHIFT 6686 survivors=2739
SHIFT 7186 survivors=2418
SHIFT 9686 survivors=2158
SHIFT 15626 survivors=1847
SHIFT 15628 survivors=1625
SHIFT 15634 survivors=1478
SHIFT 15652 survivors=1298
SHIFT 15706 survivors=1167
SHIFT 15868 survivors=1037
SHIFT 16354 survivors=912
SHIFT 17812 survivors=828
SHIFT 19684 survivors=778
SHIFT 19688 survivors=673
SHIFT 19708 survivors=597
SHIFT 19808 survivors=517
SHIFT 20308 survivors=473
SHIFT 22186 survivors=420
SHIFT 22808 survivors=387
SHIFT 35308 survivors=370
SHIFT 59050 survivors=327
SHIFT 59054 survivors=272
SHIFT 59074 survivors=216
SHIFT 59174 survivors=187
SHIFT 59674 survivors=160
SHIFT 62174 survivors=141
SHIFT 74674 survivors=130
SHIFT 78126 survivors=104
SHIFT 78128 survivors=99
SHIFT 78134 survivors=91
SHIFT 78152 survivors=78
SHIFT 78206 survivors=68
SHIFT 78368 survivors=58
SHIFT 78854 survivors=56
SHIFT 80312 survivors=49
SHIFT 84686 survivors=45
SHIFT 97808 survivors=43
SHIFT 137174 survivors=41
SHIFT 177148 survivors=35
SHIFT 177152 survivors=33
SHIFT 177172 survivors=33
SHIFT 177272 survivors=30
SHIFT 177772 survivors=27
SHIFT 180272 survivors=26
SHIFT 192772 survivors=26
SHIFT 255272 survivors=26
SHIFT 390626 survivors=21
SHIFT 390628 survivors=21
SHIFT 390634 survivors=16
SHIFT 390652 survivors=14
SHIFT 390706 survivors=10
SHIFT 390868 survivors=9
SHIFT 391354 survivors=7
SHIFT 392812 survivors=7
SHIFT 397186 survivors=6
SHIFT 410308 survivors=5
SHIFT 449674 survivors=2
SHIFT 531442 survivors=2
SHIFT 531446 survivors=2
SHIFT 531466 survivors=1
SHIFT 531566 survivors=1
SHIFT 532066 survivors=1
SHIFT 534566 survivors=1
SHIFT 547066 survivors=1
SHIFT 567772 survivors=1
SHIFT 609566 survivors=0
integers_tested=10000000
admissible_pair_count_at_high=407
distinct_shift_count_at_high=406
shifts_processed_before_termination=115
candidate_count=0
elapsed_seconds=8.36188
EXACT_EMPTY
