SHIFT 2 survivors=8434747
SHIFT 4 survivors=7006070
SHIFT 6 survivors=5822490
SHIFT 8 survivors=4753409
SHIFT 10 survivors=3926927
SHIFT 14 survivors=3284174
SHIFT 26 survivors=2852445
SHIFT 28 survivors=2301745
SHIFT 32 survivors=1862367
SHIFT 34 survivors=1570702
SHIFT 52 survivors=1296205
SHIFT 82 survivors=1117023
SHIFT 86 survivors=952774
SHIFT 106 survivors=844994
SHIFT 126 survivors=720682
SHIFT 128 survivors=559069
SHIFT 134 survivors=495915
SHIFT 152 survivors=396227
SHIFT 206 survivors=358977
SHIFT 244 survivors=288671
SHIFT 248 survivors=238015
SHIFT 268 survivors=195050
SHIFT 368 survivors=168587
SHIFT 626 survivors=147147
SHIFT 628 survivors=126141
SHIFT 634 survivors=104959
SHIFT 652 survivors=86893
SHIFT 706 survivors=73968
SHIFT 730 survivors=63850
SHIFT 734 survivors=57142
SHIFT 754 survivors=51061
SHIFT 854 survivors=46907
SHIFT 868 survivors=39782
SHIFT 1354 survivors=35624
SHIFT 2188 survivors=29637
SHIFT 2192 survivors=24853
SHIFT 2212 survivors=22307
SHIFT 2312 survivors=19592
SHIFT 2812 survivors=16974
SHIFT 3126 survivors=13373
SHIFT 3128 survivors=11892
SHIFT 3134 survivors=9975
SHIFT 3152 survivors=8157
SHIFT 3206 survivors=7010
SHIFT 3368 survivors=5984
SHIFT 3854 survivors=5079
SHIFT 5312 survivors=4450
SHIFT 6562 survivors=3852
SHIFT 6566 survivors=3468
SHIFT 6586 survivors=3087
SHIFT 6686 survivors=2740
SHIFT 7186 survivors=2423
SHIFT 9686 survivors=2181
SHIFT 15626 survivors=1868
SHIFT 15628 survivors=1624
SHIFT 15634 survivors=1472
SHIFT 15652 survivors=1303
SHIFT 15706 survivors=1150
SHIFT 15868 survivors=1006
SHIFT 16354 survivors=901
SHIFT 17812 survivors=822
SHIFT 19684 survivors=773
SHIFT 19688 survivors=668
SHIFT 19708 survivors=591
SHIFT 19808 survivors=517
SHIFT 20308 survivors=484
SHIFT 22186 survivors=428
SHIFT 22808 survivors=394
SHIFT 35308 survivors=380
SHIFT 59050 survivors=337
SHIFT 59054 survivors=289
SHIFT 59074 survivors=255
SHIFT 59174 survivors=226
SHIFT 59674 survivors=201
SHIFT 62174 survivors=174
SHIFT 74674 survivors=151
SHIFT 78126 survivors=126
SHIFT 78128 survivors=102
SHIFT 78134 survivors=93
SHIFT 78152 survivors=85
SHIFT 78206 survivors=79
SHIFT 78368 survivors=69
SHIFT 78854 survivors=64
SHIFT 80312 survivors=64
SHIFT 84686 survivors=61
SHIFT 97808 survivors=56
SHIFT 137174 survivors=51
SHIFT 177148 survivors=48
SHIFT 177152 survivors=45
SHIFT 177172 survivors=42
SHIFT 177272 survivors=38
SHIFT 177772 survivors=34
SHIFT 180272 survivors=33
SHIFT 192772 survivors=32
SHIFT 255272 survivors=31
SHIFT 390626 survivors=27
SHIFT 390628 survivors=27
SHIFT 390634 survivors=24
SHIFT 390652 survivors=23
SHIFT 390706 survivors=19
SHIFT 390868 survivors=15
SHIFT 391354 survivors=10
SHIFT 392812 survivors=10
SHIFT 397186 survivors=10
SHIFT 410308 survivors=10
SHIFT 449674 survivors=7
SHIFT 531442 survivors=5
SHIFT 531446 survivors=5
SHIFT 531466 survivors=4
SHIFT 531566 survivors=3
SHIFT 532066 survivors=2
SHIFT 534566 survivors=2
SHIFT 547066 survivors=2
SHIFT 567772 survivors=1
SHIFT 609566 survivors=0
integers_tested=10000000
admissible_pair_count_at_high=407
distinct_shift_count_at_high=406
shifts_processed_before_termination=115
candidate_count=0
elapsed_seconds=13.8983
EXACT_EMPTY
