SHIFT 2 survivors=8434656
SHIFT 4 survivors=7005667
SHIFT 6 survivors=5821670
SHIFT 8 survivors=4752207
SHIFT 10 survivors=3925581
SHIFT 14 survivors=3283551
SHIFT 26 survivors=2851830
SHIFT 28 survivors=2300557
SHIFT 32 survivors=1861729
SHIFT 34 survivors=1569947
SHIFT 52 survivors=1295324
SHIFT 82 survivors=1116483
SHIFT 86 survivors=952365
SHIFT 106 survivors=844753
SHIFT 126 survivors=720043
SHIFT 128 survivors=558284
SHIFT 134 survivors=495574
SHIFT 152 survivors=395404
SHIFT 206 survivors=358077
SHIFT 244 survivors=287971
SHIFT 248 survivors=237577
SHIFT 268 survivors=194868
SHIFT 368 survivors=168565
SHIFT 626 survivors=147191
SHIFT 628 survivors=126111
SHIFT 634 survivors=104839
SHIFT 652 survivors=86828
SHIFT 706 survivors=74141
SHIFT 730 survivors=64071
SHIFT 734 survivors=57335
SHIFT 754 survivors=51368
SHIFT 854 survivors=47210
SHIFT 868 survivors=39942
SHIFT 1354 survivors=35719
SHIFT 2188 survivors=29618
SHIFT 2192 survivors=24841
SHIFT 2212 survivors=22177
SHIFT 2312 survivors=19456
SHIFT 2812 survivors=16958
SHIFT 3126 survivors=13321
SHIFT 3128 survivors=11760
SHIFT 3134 survivors=9839
SHIFT 3152 survivors=8073
SHIFT 3206 survivors=6988
SHIFT 3368 survivors=5956
SHIFT 3854 survivors=5094
SHIFT 5312 survivors=4480
SHIFT 6562 survivors=3889
SHIFT 6566 survivors=3481
SHIFT 6586 survivors=3066
SHIFT 6686 survivors=2698
SHIFT 7186 survivors=2364
SHIFT 9686 survivors=2123
SHIFT 15626 survivors=1832
SHIFT 15628 survivors=1604
SHIFT 15634 survivors=1457
SHIFT 15652 survivors=1316
SHIFT 15706 survivors=1164
SHIFT 15868 survivors=1027
SHIFT 16354 survivors=912
SHIFT 17812 survivors=824
SHIFT 19684 survivors=776
SHIFT 19688 survivors=689
SHIFT 19708 survivors=614
SHIFT 19808 survivors=540
SHIFT 20308 survivors=494
SHIFT 22186 survivors=447
SHIFT 22808 survivors=409
SHIFT 35308 survivors=391
SHIFT 59050 survivors=341
SHIFT 59054 survivors=291
SHIFT 59074 survivors=245
SHIFT 59174 survivors=215
SHIFT 59674 survivors=182
SHIFT 62174 survivors=163
SHIFT 74674 survivors=148
SHIFT 78126 survivors=118
SHIFT 78128 survivors=102
SHIFT 78134 survivors=92
SHIFT 78152 survivors=79
SHIFT 78206 survivors=73
SHIFT 78368 survivors=62
SHIFT 78854 survivors=58
SHIFT 80312 survivors=56
SHIFT 84686 survivors=54
SHIFT 97808 survivors=50
SHIFT 137174 survivors=46
SHIFT 177148 survivors=41
SHIFT 177152 survivors=39
SHIFT 177172 survivors=38
SHIFT 177272 survivors=35
SHIFT 177772 survivors=34
SHIFT 180272 survivors=30
SHIFT 192772 survivors=29
SHIFT 255272 survivors=28
SHIFT 390626 survivors=26
SHIFT 390628 survivors=26
SHIFT 390634 survivors=20
SHIFT 390652 survivors=20
SHIFT 390706 survivors=18
SHIFT 390868 survivors=17
SHIFT 391354 survivors=15
SHIFT 392812 survivors=15
SHIFT 397186 survivors=12
SHIFT 410308 survivors=12
SHIFT 449674 survivors=11
SHIFT 531442 survivors=11
SHIFT 531446 survivors=9
SHIFT 531466 survivors=8
SHIFT 531566 survivors=6
SHIFT 532066 survivors=4
SHIFT 534566 survivors=4
SHIFT 547066 survivors=3
SHIFT 567772 survivors=3
SHIFT 609566 survivors=3
SHIFT 922066 survivors=2
SHIFT 1594324 survivors=1
SHIFT 1594328 survivors=1
SHIFT 1594348 survivors=1
SHIFT 1594448 survivors=1
SHIFT 1594948 survivors=1
SHIFT 1597448 survivors=1
SHIFT 1609948 survivors=1
SHIFT 1672448 survivors=1
SHIFT 1953126 survivors=0
integers_tested=10000000
admissible_pair_count_at_high=407
distinct_shift_count_at_high=406
shifts_processed_before_termination=125
candidate_count=0
elapsed_seconds=13.4342
EXACT_EMPTY
