SHIFT 2 survivors=8434733
SHIFT 4 survivors=7005859
SHIFT 6 survivors=5822577
SHIFT 8 survivors=4754183
SHIFT 10 survivors=3927848
SHIFT 14 survivors=3285443
SHIFT 26 survivors=2854601
SHIFT 28 survivors=2303373
SHIFT 32 survivors=1865308
SHIFT 34 survivors=1573622
SHIFT 52 survivors=1299136
SHIFT 82 survivors=1119810
SHIFT 86 survivors=954811
SHIFT 106 survivors=847346
SHIFT 126 survivors=722540
SHIFT 128 survivors=560378
SHIFT 134 survivors=496912
SHIFT 152 survivors=396404
SHIFT 206 survivors=359376
SHIFT 244 survivors=289045
SHIFT 248 survivors=238481
SHIFT 268 survivors=195683
SHIFT 368 survivors=169376
SHIFT 626 survivors=148105
SHIFT 628 survivors=127080
SHIFT 634 survivors=105730
SHIFT 652 survivors=87481
SHIFT 706 survivors=74485
SHIFT 730 survivors=64385
SHIFT 734 survivors=57719
SHIFT 754 survivors=51555
SHIFT 854 survivors=47339
SHIFT 868 survivors=40197
SHIFT 1354 survivors=35921
SHIFT 2188 survivors=29679
SHIFT 2192 survivors=24853
SHIFT 2212 survivors=22213
SHIFT 2312 survivors=19397
SHIFT 2812 survivors=16880
SHIFT 3126 survivors=13320
SHIFT 3128 survivors=11726
SHIFT 3134 survivors=9771
SHIFT 3152 survivors=8030
SHIFT 3206 survivors=6907
SHIFT 3368 survivors=5972
SHIFT 3854 survivors=5139
SHIFT 5312 survivors=4533
SHIFT 6562 survivors=3935
SHIFT 6566 survivors=3539
SHIFT 6586 survivors=3132
SHIFT 6686 survivors=2777
SHIFT 7186 survivors=2432
SHIFT 9686 survivors=2198
SHIFT 15626 survivors=1862
SHIFT 15628 survivors=1637
SHIFT 15634 survivors=1477
SHIFT 15652 survivors=1303
SHIFT 15706 survivors=1178
SHIFT 15868 survivors=1039
SHIFT 16354 survivors=916
SHIFT 17812 survivors=835
SHIFT 19684 survivors=768
SHIFT 19688 survivors=666
SHIFT 19708 survivors=590
SHIFT 19808 survivors=519
SHIFT 20308 survivors=475
SHIFT 22186 survivors=415
SHIFT 22808 survivors=389
SHIFT 35308 survivors=364
SHIFT 59050 survivors=326
SHIFT 59054 survivors=279
SHIFT 59074 survivors=230
SHIFT 59174 survivors=203
SHIFT 59674 survivors=174
SHIFT 62174 survivors=157
SHIFT 74674 survivors=142
SHIFT 78126 survivors=118
SHIFT 78128 survivors=98
SHIFT 78134 survivors=87
SHIFT 78152 survivors=71
SHIFT 78206 survivors=61
SHIFT 78368 survivors=51
SHIFT 78854 survivors=50
SHIFT 80312 survivors=43
SHIFT 84686 survivors=42
SHIFT 97808 survivors=39
SHIFT 137174 survivors=37
SHIFT 177148 survivors=34
SHIFT 177152 survivors=33
SHIFT 177172 survivors=30
SHIFT 177272 survivors=29
SHIFT 177772 survivors=27
SHIFT 180272 survivors=24
SHIFT 192772 survivors=23
SHIFT 255272 survivors=22
SHIFT 390626 survivors=21
SHIFT 390628 survivors=19
SHIFT 390634 survivors=16
SHIFT 390652 survivors=13
SHIFT 390706 survivors=9
SHIFT 390868 survivors=9
SHIFT 391354 survivors=9
SHIFT 392812 survivors=9
SHIFT 397186 survivors=5
SHIFT 410308 survivors=5
SHIFT 449674 survivors=4
SHIFT 531442 survivors=4
SHIFT 531446 survivors=4
SHIFT 531466 survivors=3
SHIFT 531566 survivors=2
SHIFT 532066 survivors=1
SHIFT 534566 survivors=1
SHIFT 547066 survivors=0
integers_tested=10000000
admissible_pair_count_at_high=407
distinct_shift_count_at_high=406
shifts_processed_before_termination=113
candidate_count=0
elapsed_seconds=14.0005
EXACT_EMPTY
