SHIFT 2 survivors=8434774
SHIFT 4 survivors=7005608
SHIFT 6 survivors=5822179
SHIFT 8 survivors=4753531
SHIFT 10 survivors=3927033
SHIFT 14 survivors=3284731
SHIFT 26 survivors=2852515
SHIFT 28 survivors=2300821
SHIFT 32 survivors=1862421
SHIFT 34 survivors=1570862
SHIFT 52 survivors=1295825
SHIFT 82 survivors=1117311
SHIFT 86 survivors=952953
SHIFT 106 survivors=844926
SHIFT 126 survivors=720462
SHIFT 128 survivors=558655
SHIFT 134 survivors=495654
SHIFT 152 survivors=395617
SHIFT 206 survivors=358418
SHIFT 244 survivors=288136
SHIFT 248 survivors=237979
SHIFT 268 survivors=195261
SHIFT 368 survivors=168788
SHIFT 626 survivors=147328
SHIFT 628 survivors=126108
SHIFT 634 survivors=104680
SHIFT 652 survivors=86679
SHIFT 706 survivors=73850
SHIFT 730 survivors=63690
SHIFT 734 survivors=56932
SHIFT 754 survivors=50982
SHIFT 854 survivors=46684
SHIFT 868 survivors=39454
SHIFT 1354 survivors=35162
SHIFT 2188 survivors=29198
SHIFT 2192 survivors=24439
SHIFT 2212 survivors=21931
SHIFT 2312 survivors=19113
SHIFT 2812 survivors=16678
SHIFT 3126 survivors=13136
SHIFT 3128 survivors=11549
SHIFT 3134 survivors=9628
SHIFT 3152 survivors=7932
SHIFT 3206 survivors=6841
SHIFT 3368 survivors=5840
SHIFT 3854 survivors=4983
SHIFT 5312 survivors=4433
SHIFT 6562 survivors=3864
SHIFT 6566 survivors=3458
SHIFT 6586 survivors=3054
SHIFT 6686 survivors=2706
SHIFT 7186 survivors=2383
SHIFT 9686 survivors=2138
SHIFT 15626 survivors=1830
SHIFT 15628 survivors=1590
SHIFT 15634 survivors=1426
SHIFT 15652 survivors=1247
SHIFT 15706 survivors=1116
SHIFT 15868 survivors=993
SHIFT 16354 survivors=864
SHIFT 17812 survivors=780
SHIFT 19684 survivors=734
SHIFT 19688 survivors=653
SHIFT 19708 survivors=580
SHIFT 19808 survivors=514
SHIFT 20308 survivors=477
SHIFT 22186 survivors=444
SHIFT 22808 survivors=414
SHIFT 35308 survivors=390
SHIFT 59050 survivors=339
SHIFT 59054 survivors=289
SHIFT 59074 survivors=237
SHIFT 59174 survivors=207
SHIFT 59674 survivors=180
SHIFT 62174 survivors=156
SHIFT 74674 survivors=141
SHIFT 78126 survivors=114
SHIFT 78128 survivors=101
SHIFT 78134 survivors=88
SHIFT 78152 survivors=74
SHIFT 78206 survivors=65
SHIFT 78368 survivors=57
SHIFT 78854 survivors=55
SHIFT 80312 survivors=48
SHIFT 84686 survivors=47
SHIFT 97808 survivors=43
SHIFT 137174 survivors=41
SHIFT 177148 survivors=39
SHIFT 177152 survivors=35
SHIFT 177172 survivors=33
SHIFT 177272 survivors=31
SHIFT 177772 survivors=29
SHIFT 180272 survivors=28
SHIFT 192772 survivors=28
SHIFT 255272 survivors=27
SHIFT 390626 survivors=25
SHIFT 390628 survivors=23
SHIFT 390634 survivors=19
SHIFT 390652 survivors=14
SHIFT 390706 survivors=13
SHIFT 390868 survivors=13
SHIFT 391354 survivors=8
SHIFT 392812 survivors=8
SHIFT 397186 survivors=7
SHIFT 410308 survivors=6
SHIFT 449674 survivors=4
SHIFT 531442 survivors=2
SHIFT 531446 survivors=2
SHIFT 531466 survivors=2
SHIFT 531566 survivors=1
SHIFT 532066 survivors=1
SHIFT 534566 survivors=0
integers_tested=10000000
admissible_pair_count_at_high=407
distinct_shift_count_at_high=406
shifts_processed_before_termination=112
candidate_count=0
elapsed_seconds=12.4849
EXACT_EMPTY
