SHIFT 2 survivors=8434720
SHIFT 4 survivors=7005494
SHIFT 6 survivors=5821541
SHIFT 8 survivors=4752239
SHIFT 10 survivors=3925191
SHIFT 14 survivors=3282541
SHIFT 26 survivors=2850851
SHIFT 28 survivors=2299924
SHIFT 32 survivors=1861447
SHIFT 34 survivors=1569976
SHIFT 52 survivors=1295356
SHIFT 82 survivors=1117136
SHIFT 86 survivors=952837
SHIFT 106 survivors=844758
SHIFT 126 survivors=720073
SHIFT 128 survivors=558431
SHIFT 134 survivors=495526
SHIFT 152 survivors=395756
SHIFT 206 survivors=358883
SHIFT 244 survivors=288609
SHIFT 248 survivors=237507
SHIFT 268 survivors=194907
SHIFT 368 survivors=168572
SHIFT 626 survivors=146936
SHIFT 628 survivors=126044
SHIFT 634 survivors=105012
SHIFT 652 survivors=86896
SHIFT 706 survivors=73978
SHIFT 730 survivors=63772
SHIFT 734 survivors=57133
SHIFT 754 survivors=51134
SHIFT 854 survivors=46970
SHIFT 868 survivors=39616
SHIFT 1354 survivors=35380
SHIFT 2188 survivors=29424
SHIFT 2192 survivors=24531
SHIFT 2212 survivors=22044
SHIFT 2312 survivors=19287
SHIFT 2812 survivors=16752
SHIFT 3126 survivors=13164
SHIFT 3128 survivors=11598
SHIFT 3134 survivors=9662
SHIFT 3152 survivors=7946
SHIFT 3206 survivors=6846
SHIFT 3368 survivors=5876
SHIFT 3854 survivors=5050
SHIFT 5312 survivors=4447
SHIFT 6562 survivors=3860
SHIFT 6566 survivors=3453
SHIFT 6586 survivors=3059
SHIFT 6686 survivors=2743
SHIFT 7186 survivors=2406
SHIFT 9686 survivors=2131
SHIFT 15626 survivors=1811
SHIFT 15628 survivors=1576
SHIFT 15634 survivors=1418
SHIFT 15652 survivors=1270
SHIFT 15706 survivors=1130
SHIFT 15868 survivors=988
SHIFT 16354 survivors=877
SHIFT 17812 survivors=788
SHIFT 19684 survivors=738
SHIFT 19688 survivors=650
SHIFT 19708 survivors=570
SHIFT 19808 survivors=500
SHIFT 20308 survivors=474
SHIFT 22186 survivors=417
SHIFT 22808 survivors=391
SHIFT 35308 survivors=374
SHIFT 59050 survivors=336
SHIFT 59054 survivors=288
SHIFT 59074 survivors=240
SHIFT 59174 survivors=210
SHIFT 59674 survivors=175
SHIFT 62174 survivors=149
SHIFT 74674 survivors=134
SHIFT 78126 survivors=103
SHIFT 78128 survivors=88
SHIFT 78134 survivors=76
SHIFT 78152 survivors=69
SHIFT 78206 survivors=62
SHIFT 78368 survivors=55
SHIFT 78854 survivors=51
SHIFT 80312 survivors=46
SHIFT 84686 survivors=42
SHIFT 97808 survivors=40
SHIFT 137174 survivors=37
SHIFT 177148 survivors=36
SHIFT 177152 survivors=36
SHIFT 177172 survivors=32
SHIFT 177272 survivors=31
SHIFT 177772 survivors=29
SHIFT 180272 survivors=24
SHIFT 192772 survivors=23
SHIFT 255272 survivors=23
SHIFT 390626 survivors=17
SHIFT 390628 survivors=16
SHIFT 390634 survivors=9
SHIFT 390652 survivors=6
SHIFT 390706 survivors=5
SHIFT 390868 survivors=5
SHIFT 391354 survivors=4
SHIFT 392812 survivors=3
SHIFT 397186 survivors=3
SHIFT 410308 survivors=3
SHIFT 449674 survivors=3
SHIFT 531442 survivors=2
SHIFT 531446 survivors=2
SHIFT 531466 survivors=1
SHIFT 531566 survivors=1
SHIFT 532066 survivors=0
integers_tested=10000000
admissible_pair_count_at_high=407
distinct_shift_count_at_high=406
shifts_processed_before_termination=111
candidate_count=0
elapsed_seconds=8.08105
EXACT_EMPTY
