SHIFT 2 survivors=8434976
SHIFT 4 survivors=7006071
SHIFT 6 survivors=5822335
SHIFT 8 survivors=4753516
SHIFT 10 survivors=3927034
SHIFT 14 survivors=3284775
SHIFT 26 survivors=2852815
SHIFT 28 survivors=2301090
SHIFT 32 survivors=1863066
SHIFT 34 survivors=1571849
SHIFT 52 survivors=1295779
SHIFT 82 survivors=1117001
SHIFT 86 survivors=952499
SHIFT 106 survivors=844496
SHIFT 126 survivors=719862
SHIFT 128 survivors=558101
SHIFT 134 survivors=495485
SHIFT 152 survivors=395361
SHIFT 206 survivors=358110
SHIFT 244 survivors=288236
SHIFT 248 survivors=237656
SHIFT 268 survivors=194667
SHIFT 368 survivors=168371
SHIFT 626 survivors=146964
SHIFT 628 survivors=125937
SHIFT 634 survivors=104594
SHIFT 652 survivors=86519
SHIFT 706 survivors=73865
SHIFT 730 survivors=63657
SHIFT 734 survivors=56776
SHIFT 754 survivors=50753
SHIFT 854 survivors=46490
SHIFT 868 survivors=39375
SHIFT 1354 survivors=35081
SHIFT 2188 survivors=28977
SHIFT 2192 survivors=24286
SHIFT 2212 survivors=21771
SHIFT 2312 survivors=19054
SHIFT 2812 survivors=16516
SHIFT 3126 survivors=13013
SHIFT 3128 survivors=11461
SHIFT 3134 survivors=9577
SHIFT 3152 survivors=7912
SHIFT 3206 survivors=6803
SHIFT 3368 survivors=5812
SHIFT 3854 survivors=4988
SHIFT 5312 survivors=4410
SHIFT 6562 survivors=3858
SHIFT 6566 survivors=3460
SHIFT 6586 survivors=3084
SHIFT 6686 survivors=2725
SHIFT 7186 survivors=2394
SHIFT 9686 survivors=2145
SHIFT 15626 survivors=1817
SHIFT 15628 survivors=1562
SHIFT 15634 survivors=1392
SHIFT 15652 survivors=1235
SHIFT 15706 survivors=1081
SHIFT 15868 survivors=941
SHIFT 16354 survivors=845
SHIFT 17812 survivors=766
SHIFT 19684 survivors=716
SHIFT 19688 survivors=624
SHIFT 19708 survivors=545
SHIFT 19808 survivors=479
SHIFT 20308 survivors=450
SHIFT 22186 survivors=402
SHIFT 22808 survivors=369
SHIFT 35308 survivors=350
SHIFT 59050 survivors=307
SHIFT 59054 survivors=259
SHIFT 59074 survivors=221
SHIFT 59174 survivors=192
SHIFT 59674 survivors=169
SHIFT 62174 survivors=158
SHIFT 74674 survivors=151
SHIFT 78126 survivors=122
SHIFT 78128 survivors=106
SHIFT 78134 survivors=98
SHIFT 78152 survivors=89
SHIFT 78206 survivors=85
SHIFT 78368 survivors=73
SHIFT 78854 survivors=69
SHIFT 80312 survivors=66
SHIFT 84686 survivors=62
SHIFT 97808 survivors=60
SHIFT 137174 survivors=56
SHIFT 177148 survivors=52
SHIFT 177152 survivors=49
SHIFT 177172 survivors=44
SHIFT 177272 survivors=43
SHIFT 177772 survivors=43
SHIFT 180272 survivors=39
SHIFT 192772 survivors=38
SHIFT 255272 survivors=38
SHIFT 390626 survivors=30
SHIFT 390628 survivors=30
SHIFT 390634 survivors=25
SHIFT 390652 survivors=25
SHIFT 390706 survivors=22
SHIFT 390868 survivors=22
SHIFT 391354 survivors=19
SHIFT 392812 survivors=18
SHIFT 397186 survivors=14
SHIFT 410308 survivors=13
SHIFT 449674 survivors=12
SHIFT 531442 survivors=11
SHIFT 531446 survivors=10
SHIFT 531466 survivors=9
SHIFT 531566 survivors=9
SHIFT 532066 survivors=7
SHIFT 534566 survivors=6
SHIFT 547066 survivors=6
SHIFT 567772 survivors=6
SHIFT 609566 survivors=6
SHIFT 922066 survivors=6
SHIFT 1594324 survivors=6
SHIFT 1594328 survivors=5
SHIFT 1594348 survivors=5
SHIFT 1594448 survivors=5
SHIFT 1594948 survivors=5
SHIFT 1597448 survivors=5
SHIFT 1609948 survivors=5
SHIFT 1672448 survivors=5
SHIFT 1953126 survivors=3
SHIFT 1953128 survivors=3
SHIFT 1953134 survivors=3
SHIFT 1953152 survivors=1
SHIFT 1953206 survivors=1
SHIFT 1953368 survivors=1
SHIFT 1953854 survivors=1
SHIFT 1955312 survivors=1
SHIFT 1959686 survivors=1
SHIFT 1972808 survivors=1
SHIFT 1984948 survivors=1
SHIFT 2012174 survivors=1
SHIFT 2130272 survivors=1
SHIFT 2484566 survivors=1
SHIFT 3547448 survivors=1
SHIFT 4782970 survivors=1
SHIFT 4782974 survivors=1
SHIFT 4782994 survivors=1
SHIFT 4783094 survivors=1
SHIFT 4783594 survivors=1
SHIFT 4786094 survivors=1
SHIFT 4798594 survivors=1
SHIFT 4861094 survivors=1
SHIFT 5173594 survivors=1
SHIFT 6736094 survivors=1
SHIFT 9765626 survivors=1
SHIFT 9765628 survivors=1
SHIFT 9765634 survivors=1
SHIFT 9765652 survivors=1
SHIFT 9765706 survivors=1
SHIFT 9765868 survivors=1
SHIFT 9766354 survivors=1
SHIFT 9767812 survivors=1
SHIFT 9772186 survivors=1
SHIFT 9785308 survivors=0
integers_tested=10000000
admissible_pair_count_at_high=407
distinct_shift_count_at_high=406
shifts_processed_before_termination=159
candidate_count=0
elapsed_seconds=13.2426
EXACT_EMPTY
