SHIFT 2 survivors=8501368
SHIFT 4 survivors=7102242
SHIFT 6 survivors=5937327
SHIFT 8 survivors=4887204
SHIFT 10 survivors=4075459
SHIFT 14 survivors=3451186
SHIFT 26 survivors=3026538
SHIFT 28 survivors=2435990
SHIFT 32 survivors=1987648
SHIFT 34 survivors=1699698
SHIFT 52 survivors=1405538
SHIFT 82 survivors=1229900
SHIFT 86 survivors=1061610
SHIFT 106 survivors=957828
SHIFT 126 survivors=820894
SHIFT 128 survivors=637776
SHIFT 134 survivors=573169
SHIFT 152 survivors=458282
SHIFT 206 survivors=420379
SHIFT 244 survivors=336860
SHIFT 248 survivors=279864
SHIFT 268 survivors=227974
SHIFT 368 survivors=197381
SHIFT 626 survivors=175870
SHIFT 628 survivors=149901
SHIFT 634 survivors=126508
SHIFT 652 survivors=105096
SHIFT 706 survivors=91863
SHIFT 730 survivors=81556
SHIFT 734 survivors=74169
SHIFT 754 survivors=67773
SHIFT 854 survivors=62933
SHIFT 868 survivors=54042
SHIFT 1354 survivors=50032
SHIFT 2188 survivors=42423
SHIFT 2192 survivors=35143
SHIFT 2212 survivors=31914
SHIFT 2312 survivors=27631
SHIFT 2812 survivors=24346
SHIFT 3126 survivors=19426
SHIFT 3128 survivors=16715
SHIFT 3134 survivors=14452
SHIFT 3152 survivors=11952
SHIFT 3206 survivors=10656
SHIFT 3368 survivors=9227
SHIFT 3854 survivors=8239
SHIFT 5312 survivors=7312
SHIFT 6562 survivors=6548
SHIFT 6566 survivors=6036
SHIFT 6586 survivors=5476
SHIFT 6686 survivors=4963
SHIFT 7186 survivors=4502
SHIFT 9686 survivors=4200
SHIFT 15626 survivors=3770
SHIFT 15628 survivors=3210
SHIFT 15634 survivors=2976
SHIFT 15652 survivors=2582
SHIFT 15706 survivors=2332
SHIFT 15868 survivors=2024
SHIFT 16354 survivors=1816
SHIFT 17812 survivors=1631
SHIFT 19684 survivors=1537
SHIFT 19688 survivors=1352
SHIFT 19708 survivors=1222
SHIFT 19808 survivors=1070
SHIFT 20308 survivors=1004
SHIFT 22186 survivors=889
SHIFT 22808 survivors=824
SHIFT 35308 survivors=790
SHIFT 59050 survivors=715
SHIFT 59054 survivors=634
SHIFT 59074 survivors=578
SHIFT 59174 survivors=528
SHIFT 59674 survivors=489
SHIFT 62174 survivors=456
SHIFT 74674 survivors=413
SHIFT 78126 survivors=339
SHIFT 78128 survivors=292
SHIFT 78134 survivors=267
SHIFT 78152 survivors=233
SHIFT 78206 survivors=211
SHIFT 78368 survivors=186
SHIFT 78854 survivors=174
SHIFT 80312 survivors=168
SHIFT 84686 survivors=163
SHIFT 97808 survivors=154
SHIFT 137174 survivors=147
SHIFT 177148 survivors=140
SHIFT 177152 survivors=131
SHIFT 177172 survivors=121
SHIFT 177272 survivors=116
SHIFT 177772 survivors=110
SHIFT 180272 survivors=107
SHIFT 192772 survivors=104
SHIFT 255272 survivors=100
SHIFT 390626 survivors=91
SHIFT 390628 survivors=90
SHIFT 390634 survivors=74
SHIFT 390652 survivors=66
SHIFT 390706 survivors=56
SHIFT 390868 survivors=51
SHIFT 391354 survivors=42
SHIFT 392812 survivors=42
SHIFT 397186 survivors=38
SHIFT 410308 survivors=35
SHIFT 449674 survivors=27
SHIFT 531442 survivors=20
SHIFT 531446 survivors=19
SHIFT 531466 survivors=17
SHIFT 531566 survivors=17
SHIFT 532066 survivors=13
SHIFT 534566 survivors=13
SHIFT 547066 survivors=10
SHIFT 567772 survivors=8
SHIFT 609566 survivors=7
SHIFT 922066 survivors=7
SHIFT 1594324 survivors=6
SHIFT 1594328 survivors=5
SHIFT 1594348 survivors=5
SHIFT 1594448 survivors=5
SHIFT 1594948 survivors=5
SHIFT 1597448 survivors=5
SHIFT 1609948 survivors=5
SHIFT 1672448 survivors=4
SHIFT 1953126 survivors=2
SHIFT 1953128 survivors=1
SHIFT 1953134 survivors=1
SHIFT 1953152 survivors=1
SHIFT 1953206 survivors=1
SHIFT 1953368 survivors=1
SHIFT 1953854 survivors=1
SHIFT 1955312 survivors=1
SHIFT 1959686 survivors=0
integers_tested=10000000
admissible_pair_count_at_high=407
distinct_shift_count_at_high=406
shifts_processed_before_termination=133
candidate_count=0
elapsed_seconds=25.7123
EXACT_EMPTY
