SHIFT 2 survivors=8501214
SHIFT 4 survivors=7101775
SHIFT 6 survivors=5936412
SHIFT 8 survivors=4885856
SHIFT 10 survivors=4074109
SHIFT 14 survivors=3450710
SHIFT 26 survivors=3025982
SHIFT 28 survivors=2434944
SHIFT 32 survivors=1986861
SHIFT 34 survivors=1698943
SHIFT 52 survivors=1404641
SHIFT 82 survivors=1229056
SHIFT 86 survivors=1060818
SHIFT 106 survivors=957237
SHIFT 126 survivors=820061
SHIFT 128 survivors=636964
SHIFT 134 survivors=572552
SHIFT 152 survivors=457238
SHIFT 206 survivors=419184
SHIFT 244 survivors=335704
SHIFT 248 survivors=278988
SHIFT 268 survivors=227411
SHIFT 368 survivors=197048
SHIFT 626 survivors=175710
SHIFT 628 survivors=149734
SHIFT 634 survivors=126184
SHIFT 652 survivors=104730
SHIFT 706 survivors=91856
SHIFT 730 survivors=81573
SHIFT 734 survivors=74189
SHIFT 754 survivors=67928
SHIFT 854 survivors=63037
SHIFT 868 survivors=54051
SHIFT 1354 survivors=49975
SHIFT 2188 survivors=42353
SHIFT 2192 survivors=35030
SHIFT 2212 survivors=31692
SHIFT 2312 survivors=27416
SHIFT 2812 survivors=24261
SHIFT 3126 survivors=19288
SHIFT 3128 survivors=16519
SHIFT 3134 survivors=14246
SHIFT 3152 survivors=11720
SHIFT 3206 survivors=10504
SHIFT 3368 survivors=9071
SHIFT 3854 survivors=8161
SHIFT 5312 survivors=7273
SHIFT 6562 survivors=6523
SHIFT 6566 survivors=6005
SHIFT 6586 survivors=5397
SHIFT 6686 survivors=4888
SHIFT 7186 survivors=4430
SHIFT 9686 survivors=4140
SHIFT 15626 survivors=3731
SHIFT 15628 survivors=3203
SHIFT 15634 survivors=2977
SHIFT 15652 survivors=2630
SHIFT 15706 survivors=2367
SHIFT 15868 survivors=2042
SHIFT 16354 survivors=1831
SHIFT 17812 survivors=1638
SHIFT 19684 survivors=1542
SHIFT 19688 survivors=1377
SHIFT 19708 survivors=1249
SHIFT 19808 survivors=1107
SHIFT 20308 survivors=1043
SHIFT 22186 survivors=933
SHIFT 22808 survivors=859
SHIFT 35308 survivors=813
SHIFT 59050 survivors=727
SHIFT 59054 survivors=654
SHIFT 59074 survivors=599
SHIFT 59174 survivors=546
SHIFT 59674 survivors=495
SHIFT 62174 survivors=470
SHIFT 74674 survivors=426
SHIFT 78126 survivors=333
SHIFT 78128 survivors=290
SHIFT 78134 survivors=263
SHIFT 78152 survivors=226
SHIFT 78206 survivors=203
SHIFT 78368 survivors=172
SHIFT 78854 survivors=161
SHIFT 80312 survivors=153
SHIFT 84686 survivors=146
SHIFT 97808 survivors=134
SHIFT 137174 survivors=126
SHIFT 177148 survivors=119
SHIFT 177152 survivors=111
SHIFT 177172 survivors=105
SHIFT 177272 survivors=99
SHIFT 177772 survivors=94
SHIFT 180272 survivors=89
SHIFT 192772 survivors=87
SHIFT 255272 survivors=86
SHIFT 390626 survivors=79
SHIFT 390628 survivors=78
SHIFT 390634 survivors=58
SHIFT 390652 survivors=55
SHIFT 390706 survivors=47
SHIFT 390868 survivors=44
SHIFT 391354 survivors=35
SHIFT 392812 survivors=34
SHIFT 397186 survivors=28
SHIFT 410308 survivors=28
SHIFT 449674 survivors=26
SHIFT 531442 survivors=24
SHIFT 531446 survivors=21
SHIFT 531466 survivors=18
SHIFT 531566 survivors=17
SHIFT 532066 survivors=16
SHIFT 534566 survivors=14
SHIFT 547066 survivors=10
SHIFT 567772 survivors=10
SHIFT 609566 survivors=9
SHIFT 922066 survivors=8
SHIFT 1594324 survivors=7
SHIFT 1594328 survivors=7
SHIFT 1594348 survivors=7
SHIFT 1594448 survivors=7
SHIFT 1594948 survivors=6
SHIFT 1597448 survivors=6
SHIFT 1609948 survivors=6
SHIFT 1672448 survivors=6
SHIFT 1953126 survivors=4
SHIFT 1953128 survivors=4
SHIFT 1953134 survivors=4
SHIFT 1953152 survivors=4
SHIFT 1953206 survivors=3
SHIFT 1953368 survivors=2
SHIFT 1953854 survivors=1
SHIFT 1955312 survivors=1
SHIFT 1959686 survivors=1
SHIFT 1972808 survivors=1
SHIFT 1984948 survivors=1
SHIFT 2012174 survivors=1
SHIFT 2130272 survivors=1
SHIFT 2484566 survivors=0
integers_tested=10000000
admissible_pair_count_at_high=407
distinct_shift_count_at_high=406
shifts_processed_before_termination=138
candidate_count=0
elapsed_seconds=26.6793
EXACT_EMPTY
