{
  "method": "B-lazy-constraint-generation",
  "z3_version": "4.16.0",
  "primes": [
    11,
    7,
    19,
    23,
    67,
    59,
    31,
    271,
    71,
    43,
    47,
    131,
    151,
    79,
    83,
    179,
    191,
    2851,
    103,
    107,
    1091,
    239,
    367,
    251,
    127,
    883,
    139,
    311,
    163,
    167,
    1531,
    359,
    199,
    419,
    211,
    643,
    431,
    439,
    223,
    5107,
    227,
    6211,
    1171,
    479,
    491,
    499,
    2591,
    263,
    4591,
    283,
    599,
    307,
    619,
    659,
    331,
    347,
    719,
    379,
    383,
    27091,
    827,
    839,
    1303,
    443,
    911,
    919
  ],
  "prime_data": [
    {
      "p": 11,
      "r": 5,
      "s": 5,
      "r2": 5,
      "s2": 55,
      "lift3": 0,
      "lift5": 9
    },
    {
      "p": 7,
      "r": 6,
      "s": 6,
      "r2": 42,
      "s2": 42,
      "lift3": 6,
      "lift5": 6
    },
    {
      "p": 19,
      "r": 18,
      "s": 9,
      "r2": 342,
      "s2": 171,
      "lift3": 18,
      "lift5": 6
    },
    {
      "p": 23,
      "r": 11,
      "s": 22,
      "r2": 253,
      "s2": 506,
      "lift3": 20,
      "lift5": 14
    },
    {
      "p": 67,
      "r": 22,
      "s": 22,
      "r2": 1474,
      "s2": 1474,
      "lift3": 5,
      "lift5": 29
    },
    {
      "p": 59,
      "r": 29,
      "s": 29,
      "r2": 1711,
      "s2": 1711,
      "lift3": 50,
      "lift5": 30
    },
    {
      "p": 31,
      "r": 30,
      "s": 3,
      "r2": 930,
      "s2": 93,
      "lift3": 17,
      "lift5": 4
    },
    {
      "p": 271,
      "r": 30,
      "s": 27,
      "r2": 8130,
      "s2": 7317,
      "lift3": 65,
      "lift5": 166
    },
    {
      "p": 71,
      "r": 35,
      "s": 5,
      "r2": 2485,
      "s2": 355,
      "lift3": 16,
      "lift5": 44
    },
    {
      "p": 43,
      "r": 42,
      "s": 42,
      "r2": 1806,
      "s2": 1806,
      "lift3": 2,
      "lift5": 42
    },
    {
      "p": 47,
      "r": 23,
      "s": 46,
      "r2": 1081,
      "s2": 2162,
      "lift3": 29,
      "lift5": 46
    },
    {
      "p": 131,
      "r": 65,
      "s": 65,
      "r2": 8515,
      "s2": 8515,
      "lift3": 103,
      "lift5": 19
    },
    {
      "p": 151,
      "r": 50,
      "s": 75,
      "r2": 7550,
      "s2": 11325,
      "lift3": 65,
      "lift5": 13
    },
    {
      "p": 79,
      "r": 78,
      "s": 39,
      "r2": 6162,
      "s2": 3081,
      "lift3": 54,
      "lift5": 1
    },
    {
      "p": 83,
      "r": 41,
      "s": 82,
      "r2": 3403,
      "s2": 6806,
      "lift3": 32,
      "lift5": 66
    },
    {
      "p": 179,
      "r": 89,
      "s": 89,
      "r2": 15931,
      "s2": 15931,
      "lift3": 136,
      "lift5": 125
    },
    {
      "p": 191,
      "r": 95,
      "s": 19,
      "r2": 18145,
      "s2": 3629,
      "lift3": 136,
      "lift5": 25
    },
    {
      "p": 2851,
      "r": 38,
      "s": 95,
      "r2": 108338,
      "s2": 270845,
      "lift3": 50,
      "lift5": 725
    },
    {
      "p": 103,
      "r": 34,
      "s": 102,
      "r2": 3502,
      "s2": 10506,
      "lift3": 62,
      "lift5": 17
    },
    {
      "p": 107,
      "r": 53,
      "s": 106,
      "r2": 5671,
      "s2": 11342,
      "lift3": 49,
      "lift5": 32
    },
    {
      "p": 1091,
      "r": 109,
      "s": 109,
      "r2": 118919,
      "s2": 118919,
      "lift3": 574,
      "lift5": 265
    },
    {
      "p": 239,
      "r": 119,
      "s": 119,
      "r2": 28441,
      "s2": 28441,
      "lift3": 47,
      "lift5": 20
    },
    {
      "p": 367,
      "r": 122,
      "s": 122,
      "r2": 44774,
      "s2": 44774,
      "lift3": 348,
      "lift5": 155
    },
    {
      "p": 251,
      "r": 125,
      "s": 25,
      "r2": 31375,
      "s2": 6275,
      "lift3": 140,
      "lift5": 42
    },
    {
      "p": 127,
      "r": 126,
      "s": 42,
      "r2": 16002,
      "s2": 5334,
      "lift3": 60,
      "lift5": 122
    },
    {
      "p": 883,
      "r": 126,
      "s": 126,
      "r2": 111258,
      "s2": 111258,
      "lift3": 533,
      "lift5": 759
    },
    {
      "p": 139,
      "r": 138,
      "s": 69,
      "r2": 19182,
      "s2": 9591,
      "lift3": 45,
      "lift5": 119
    },
    {
      "p": 311,
      "r": 155,
      "s": 155,
      "r2": 48205,
      "s2": 48205,
      "lift3": 221,
      "lift5": 107
    },
    {
      "p": 163,
      "r": 162,
      "s": 54,
      "r2": 26406,
      "s2": 8802,
      "lift3": 65,
      "lift5": 55
    },
    {
      "p": 167,
      "r": 83,
      "s": 166,
      "r2": 13861,
      "s2": 27722,
      "lift3": 117,
      "lift5": 81
    },
    {
      "p": 1531,
      "r": 170,
      "s": 85,
      "r2": 260270,
      "s2": 130135,
      "lift3": 1377,
      "lift5": 831
    },
    {
      "p": 359,
      "r": 179,
      "s": 179,
      "r2": 64261,
      "s2": 64261,
      "lift3": 124,
      "lift5": 203
    },
    {
      "p": 199,
      "r": 198,
      "s": 33,
      "r2": 39402,
      "s2": 6567,
      "lift3": 148,
      "lift5": 132
    },
    {
      "p": 419,
      "r": 209,
      "s": 209,
      "r2": 87571,
      "s2": 87571,
      "lift3": 230,
      "lift5": 86
    },
    {
      "p": 211,
      "r": 210,
      "s": 35,
      "r2": 44310,
      "s2": 7385,
      "lift3": 18,
      "lift5": 162
    },
    {
      "p": 643,
      "r": 214,
      "s": 214,
      "r2": 137602,
      "s2": 137602,
      "lift3": 175,
      "lift5": 504
    },
    {
      "p": 431,
      "r": 43,
      "s": 215,
      "r2": 18533,
      "s2": 92665,
      "lift3": 275,
      "lift5": 345
    },
    {
      "p": 439,
      "r": 146,
      "s": 219,
      "r2": 64094,
      "s2": 96141,
      "lift3": 165,
      "lift5": 168
    },
    {
      "p": 223,
      "r": 222,
      "s": 222,
      "r2": 49506,
      "s2": 49506,
      "lift3": 101,
      "lift5": 49
    },
    {
      "p": 5107,
      "r": 138,
      "s": 222,
      "r2": 704766,
      "s2": 1133754,
      "lift3": 538,
      "lift5": 351
    },
    {
      "p": 227,
      "r": 113,
      "s": 226,
      "r2": 25651,
      "s2": 51302,
      "lift3": 96,
      "lift5": 79
    },
    {
      "p": 6211,
      "r": 230,
      "s": 69,
      "r2": 1428530,
      "s2": 428559,
      "lift3": 397,
      "lift5": 4428
    },
    {
      "p": 1171,
      "r": 234,
      "s": 45,
      "r2": 274014,
      "s2": 52695,
      "lift3": 407,
      "lift5": 212
    },
    {
      "p": 479,
      "r": 239,
      "s": 239,
      "r2": 114481,
      "s2": 114481,
      "lift3": 56,
      "lift5": 32
    },
    {
      "p": 491,
      "r": 49,
      "s": 245,
      "r2": 24059,
      "s2": 120295,
      "lift3": 35,
      "lift5": 205
    },
    {
      "p": 499,
      "r": 166,
      "s": 249,
      "r2": 82834,
      "s2": 124251,
      "lift3": 115,
      "lift5": 339
    },
    {
      "p": 2591,
      "r": 259,
      "s": 185,
      "r2": 671069,
      "s2": 479335,
      "lift3": 1938,
      "lift5": 532
    },
    {
      "p": 263,
      "r": 131,
      "s": 262,
      "r2": 34453,
      "s2": 68906,
      "lift3": 240,
      "lift5": 132
    },
    {
      "p": 4591,
      "r": 270,
      "s": 153,
      "r2": 1239570,
      "s2": 702423,
      "lift3": 2204,
      "lift5": 3813
    },
    {
      "p": 283,
      "r": 282,
      "s": 282,
      "r2": 79806,
      "s2": 79806,
      "lift3": 242,
      "lift5": 95
    },
    {
      "p": 599,
      "r": 299,
      "s": 299,
      "r2": 179101,
      "s2": 179101,
      "lift3": 536,
      "lift5": 70
    },
    {
      "p": 307,
      "r": 34,
      "s": 306,
      "r2": 10438,
      "s2": 93942,
      "lift3": 183,
      "lift5": 39
    },
    {
      "p": 619,
      "r": 206,
      "s": 309,
      "r2": 127514,
      "s2": 191271,
      "lift3": 467,
      "lift5": 412
    },
    {
      "p": 659,
      "r": 329,
      "s": 329,
      "r2": 216811,
      "s2": 216811,
      "lift3": 422,
      "lift5": 470
    },
    {
      "p": 331,
      "r": 330,
      "s": 165,
      "r2": 109230,
      "s2": 54615,
      "lift3": 96,
      "lift5": 222
    },
    {
      "p": 347,
      "r": 173,
      "s": 346,
      "r2": 60031,
      "s2": 120062,
      "lift3": 214,
      "lift5": 133
    },
    {
      "p": 719,
      "r": 359,
      "s": 359,
      "r2": 258121,
      "s2": 258121,
      "lift3": 49,
      "lift5": 353
    },
    {
      "p": 379,
      "r": 378,
      "s": 21,
      "r2": 143262,
      "s2": 7959,
      "lift3": 52,
      "lift5": 50
    },
    {
      "p": 383,
      "r": 191,
      "s": 382,
      "r2": 73153,
      "s2": 146306,
      "lift3": 271,
      "lift5": 159
    },
    {
      "p": 27091,
      "r": 258,
      "s": 387,
      "r2": 6989478,
      "s2": 10484217,
      "lift3": 7831,
      "lift5": 7548
    },
    {
      "p": 827,
      "r": 413,
      "s": 118,
      "r2": 341551,
      "s2": 97586,
      "lift3": 580,
      "lift5": 117
    },
    {
      "p": 839,
      "r": 419,
      "s": 419,
      "r2": 351541,
      "s2": 351541,
      "lift3": 107,
      "lift5": 450
    },
    {
      "p": 1303,
      "r": 434,
      "s": 62,
      "r2": 565502,
      "s2": 80786,
      "lift3": 1162,
      "lift5": 159
    },
    {
      "p": 443,
      "r": 221,
      "s": 442,
      "r2": 97903,
      "s2": 195806,
      "lift3": 293,
      "lift5": 43
    },
    {
      "p": 911,
      "r": 455,
      "s": 455,
      "r2": 414505,
      "s2": 414505,
      "lift3": 38,
      "lift5": 681
    },
    {
      "p": 919,
      "r": 306,
      "s": 459,
      "r2": 281214,
      "s2": 421821,
      "lift3": 517,
      "lift5": 523
    }
  ],
  "L3": "8200661246782741980763375111823010260487007687477670122799474129168594436366618834991918229180646213909473313506182855821211242760656069680418634735417812343894610359730316088456201423101750",
  "L5": "546710749785516132050891674121534017365800512498511341519964941944572962424441255666127881945376414260631554233745523721414082850710404645361242315694520822926307357315354405897080094873450",
  "torus_cardinality": "4483389658965618411409310703988341680138480569430869565036971011983861330806954928132905204107049321691554158818536426535724539070464201386049473108582990023775089483121622363915102963421913001502403923043400958238162169592949993107727542237847564442181304789503862579342555771036585447375677158944308934160041708670422431029827671679504720043546742905601700689870794572723537500",
  "torus_materialized": false,
  "pruning": {
    "loose_sum": "87064678966846750986901438343885653730287130576721743917/86924164664883581969498593048098848274953335392266165250",
    "loose_sum_decimal": 1.001616515988447,
    "exact_sum": "5678160125012247958301210500824807039067662562683138878356114314986077251975968691574353672953/7213891982163534336654835263670556188886390528880682855713376209819187822479698894766377962500",
    "exact_sum_decimal": 0.7871146586407991,
    "exact_terms": [
      {
        "p": 11,
        "maxfiber": 3,
        "alpha": "3/25"
      },
      {
        "p": 7,
        "maxfiber": 6,
        "alpha": "1/6"
      },
      {
        "p": 19,
        "maxfiber": 9,
        "alpha": "1/18"
      },
      {
        "p": 23,
        "maxfiber": 11,
        "alpha": "1/22"
      },
      {
        "p": 67,
        "maxfiber": 22,
        "alpha": "1/22"
      },
      {
        "p": 59,
        "maxfiber": 15,
        "alpha": "15/841"
      },
      {
        "p": 31,
        "maxfiber": 3,
        "alpha": "1/30"
      },
      {
        "p": 271,
        "maxfiber": 7,
        "alpha": "7/810"
      },
      {
        "p": 71,
        "maxfiber": 4,
        "alpha": "4/175"
      },
      {
        "p": 43,
        "maxfiber": 42,
        "alpha": "1/42"
      },
      {
        "p": 47,
        "maxfiber": 23,
        "alpha": "1/46"
      },
      {
        "p": 131,
        "maxfiber": 33,
        "alpha": "33/4225"
      },
      {
        "p": 151,
        "maxfiber": 29,
        "alpha": "29/3750"
      },
      {
        "p": 79,
        "maxfiber": 39,
        "alpha": "1/78"
      },
      {
        "p": 83,
        "maxfiber": 41,
        "alpha": "1/82"
      },
      {
        "p": 179,
        "maxfiber": 45,
        "alpha": "45/7921"
      },
      {
        "p": 191,
        "maxfiber": 14,
        "alpha": "14/1805"
      },
      {
        "p": 2851,
        "maxfiber": 19,
        "alpha": "1/190"
      },
      {
        "p": 103,
        "maxfiber": 34,
        "alpha": "1/102"
      },
      {
        "p": 107,
        "maxfiber": 53,
        "alpha": "1/106"
      },
      {
        "p": 1091,
        "maxfiber": 17,
        "alpha": "17/11881"
      },
      {
        "p": 239,
        "maxfiber": 60,
        "alpha": "60/14161"
      },
      {
        "p": 367,
        "maxfiber": 122,
        "alpha": "1/122"
      },
      {
        "p": 251,
        "maxfiber": 16,
        "alpha": "16/3125"
      },
      {
        "p": 127,
        "maxfiber": 42,
        "alpha": "1/126"
      },
      {
        "p": 883,
        "maxfiber": 126,
        "alpha": "1/126"
      },
      {
        "p": 139,
        "maxfiber": 69,
        "alpha": "1/138"
      },
      {
        "p": 311,
        "maxfiber": 78,
        "alpha": "78/24025"
      },
      {
        "p": 163,
        "maxfiber": 54,
        "alpha": "1/162"
      },
      {
        "p": 167,
        "maxfiber": 83,
        "alpha": "1/166"
      },
      {
        "p": 1531,
        "maxfiber": 85,
        "alpha": "1/170"
      },
      {
        "p": 359,
        "maxfiber": 90,
        "alpha": "90/32041"
      },
      {
        "p": 199,
        "maxfiber": 33,
        "alpha": "1/198"
      },
      {
        "p": 419,
        "maxfiber": 105,
        "alpha": "105/43681"
      },
      {
        "p": 211,
        "maxfiber": 35,
        "alpha": "1/210"
      },
      {
        "p": 643,
        "maxfiber": 214,
        "alpha": "1/214"
      },
      {
        "p": 431,
        "maxfiber": 26,
        "alpha": "26/9245"
      },
      {
        "p": 439,
        "maxfiber": 80,
        "alpha": "40/15987"
      },
      {
        "p": 223,
        "maxfiber": 222,
        "alpha": "1/222"
      },
      {
        "p": 5107,
        "maxfiber": 15,
        "alpha": "5/10212"
      },
      {
        "p": 227,
        "maxfiber": 113,
        "alpha": "1/226"
      },
      {
        "p": 6211,
        "maxfiber": 23,
        "alpha": "1/690"
      },
      {
        "p": 1171,
        "maxfiber": 15,
        "alpha": "1/702"
      },
      {
        "p": 479,
        "maxfiber": 120,
        "alpha": "120/57121"
      },
      {
        "p": 491,
        "maxfiber": 28,
        "alpha": "4/1715"
      },
      {
        "p": 499,
        "maxfiber": 90,
        "alpha": "15/6889"
      },
      {
        "p": 2591,
        "maxfiber": 27,
        "alpha": "27/47915"
      },
      {
        "p": 263,
        "maxfiber": 131,
        "alpha": "1/262"
      },
      {
        "p": 4591,
        "maxfiber": 18,
        "alpha": "1/2295"
      },
      {
        "p": 283,
        "maxfiber": 282,
        "alpha": "1/282"
      },
      {
        "p": 599,
        "maxfiber": 150,
        "alpha": "150/89401"
      },
      {
        "p": 307,
        "maxfiber": 34,
        "alpha": "1/306"
      },
      {
        "p": 619,
        "maxfiber": 111,
        "alpha": "37/21218"
      },
      {
        "p": 659,
        "maxfiber": 165,
        "alpha": "165/108241"
      },
      {
        "p": 331,
        "maxfiber": 165,
        "alpha": "1/330"
      },
      {
        "p": 347,
        "maxfiber": 173,
        "alpha": "1/346"
      },
      {
        "p": 719,
        "maxfiber": 180,
        "alpha": "180/128881"
      },
      {
        "p": 379,
        "maxfiber": 21,
        "alpha": "1/378"
      },
      {
        "p": 383,
        "maxfiber": 191,
        "alpha": "1/382"
      },
      {
        "p": 27091,
        "maxfiber": 129,
        "alpha": "1/774"
      },
      {
        "p": 827,
        "maxfiber": 71,
        "alpha": "71/48734"
      },
      {
        "p": 839,
        "maxfiber": 210,
        "alpha": "210/175561"
      },
      {
        "p": 1303,
        "maxfiber": 62,
        "alpha": "1/434"
      },
      {
        "p": 443,
        "maxfiber": 221,
        "alpha": "1/442"
      },
      {
        "p": 911,
        "maxfiber": 228,
        "alpha": "228/207025"
      },
      {
        "p": 919,
        "maxfiber": 162,
        "alpha": "1/867"
      }
    ],
    "status": "PROVED_IMPOSSIBLE_BY_EXACT_LOCAL_CAPACITY"
  },
  "search": {
    "status": "UNRESOLVED_ITERATION_LIMIT",
    "iterations_completed": 5,
    "constraints": 5,
    "elapsed_seconds": 0.08020329099986157,
    "iteration_log": [
      {
        "iteration": 1,
        "candidate_seconds": 0.01614034200019887,
        "oracle": {
          "backend": "exact-witness-grid",
          "status": "sat",
          "c": 0,
          "d": 0,
          "seconds": 0.0
        },
        "t_values": {
          "11": 0,
          "7": 0,
          "19": 0,
          "23": 0,
          "67": 0,
          "59": 0,
          "31": 0,
          "271": 0,
          "71": 0,
          "43": 0,
          "47": 0,
          "131": 0,
          "151": 0,
          "79": 0,
          "83": 0,
          "179": 0,
          "191": 0,
          "2851": 0,
          "103": 0,
          "107": 0,
          "1091": 0,
          "239": 0,
          "367": 0,
          "251": 0,
          "127": 0,
          "883": 0,
          "139": 0,
          "311": 0,
          "163": 0,
          "167": 0,
          "1531": 0,
          "359": 0,
          "199": 0,
          "419": 0,
          "211": 0,
          "643": 0,
          "431": 0,
          "439": 0,
          "223": 0,
          "5107": 0,
          "227": 0,
          "6211": 0,
          "1171": 0,
          "479": 0,
          "491": 0,
          "499": 0,
          "2591": 0,
          "263": 0,
          "4591": 0,
          "283": 0,
          "599": 0,
          "307": 0,
          "619": 0,
          "659": 0,
          "331": 0,
          "347": 0,
          "719": 0,
          "379": 0,
          "383": 0,
          "27091": 0,
          "827": 0,
          "839": 0,
          "1303": 0,
          "443": 0,
          "911": 0,
          "919": 0
        }
      },
      {
        "iteration": 2,
        "candidate_seconds": 0.0031956079999417852,
        "oracle": {
          "backend": "exact-witness-grid",
          "status": "sat",
          "c": 0,
          "d": 1,
          "seconds": 0.0
        },
        "t_values": {
          "11": 13,
          "7": 9,
          "19": 21,
          "23": 25,
          "67": 69,
          "59": 61,
          "31": 33,
          "271": 273,
          "71": 73,
          "43": 45,
          "47": 49,
          "131": 133,
          "151": 153,
          "79": 81,
          "83": 85,
          "179": 181,
          "191": 193,
          "2851": 2853,
          "103": 105,
          "107": 109,
          "1091": 1093,
          "239": 241,
          "367": 369,
          "251": 253,
          "127": 129,
          "883": 885,
          "139": 141,
          "311": 313,
          "163": 165,
          "167": 169,
          "1531": 1533,
          "359": 361,
          "199": 201,
          "419": 421,
          "211": 213,
          "643": 645,
          "431": 433,
          "439": 441,
          "223": 225,
          "5107": 5109,
          "227": 229,
          "6211": 6213,
          "1171": 1173,
          "479": 481,
          "491": 493,
          "499": 501,
          "2591": 2593,
          "263": 265,
          "4591": 4593,
          "283": 285,
          "599": 601,
          "307": 309,
          "619": 621,
          "659": 661,
          "331": 333,
          "347": 349,
          "719": 721,
          "379": 381,
          "383": 385,
          "27091": 27093,
          "827": 829,
          "839": 841,
          "1303": 1305,
          "443": 445,
          "911": 913,
          "919": 921
        }
      },
      {
        "iteration": 3,
        "candidate_seconds": 0.002323231999980635,
        "oracle": {
          "backend": "exact-witness-grid",
          "status": "sat",
          "c": 0,
          "d": 2,
          "seconds": 0.0
        },
        "t_values": {
          "11": 17,
          "7": 13,
          "19": 25,
          "23": 29,
          "67": 73,
          "59": 65,
          "31": 37,
          "271": 277,
          "71": 77,
          "43": 49,
          "47": 53,
          "131": 137,
          "151": 157,
          "79": 85,
          "83": 85,
          "179": 185,
          "191": 193,
          "2851": 2852,
          "103": 109,
          "107": 113,
          "1091": 1097,
          "239": 245,
          "367": 373,
          "251": 257,
          "127": 133,
          "883": 885,
          "139": 145,
          "311": 317,
          "163": 169,
          "167": 173,
          "1531": 1537,
          "359": 365,
          "199": 200,
          "419": 425,
          "211": 217,
          "643": 645,
          "431": 437,
          "439": 445,
          "223": 229,
          "5107": 5113,
          "227": 233,
          "6211": 6217,
          "1171": 1177,
          "479": 485,
          "491": 497,
          "499": 505,
          "2591": 2597,
          "263": 269,
          "4591": 4597,
          "283": 289,
          "599": 605,
          "307": 313,
          "619": 625,
          "659": 665,
          "331": 337,
          "347": 353,
          "719": 725,
          "379": 385,
          "383": 389,
          "27091": 27097,
          "827": 833,
          "839": 845,
          "1303": 1309,
          "443": 449,
          "911": 917,
          "919": 925
        }
      },
      {
        "iteration": 4,
        "candidate_seconds": 0.001932877000172084,
        "oracle": {
          "backend": "exact-witness-grid",
          "status": "sat",
          "c": 0,
          "d": 6,
          "seconds": 0.0
        },
        "t_values": {
          "11": 16,
          "7": 12,
          "19": 26,
          "23": 5,
          "67": 93,
          "59": 85,
          "31": 57,
          "271": 297,
          "71": 97,
          "43": 69,
          "47": 73,
          "131": 157,
          "151": 177,
          "79": 105,
          "83": 109,
          "179": 205,
          "191": 217,
          "2851": 2852,
          "103": 129,
          "107": 133,
          "1091": 1117,
          "239": 265,
          "367": 393,
          "251": 277,
          "127": 153,
          "883": 909,
          "139": 165,
          "311": 337,
          "163": 189,
          "167": 193,
          "1531": 1557,
          "359": 385,
          "199": 200,
          "419": 445,
          "211": 237,
          "643": 645,
          "431": 457,
          "439": 465,
          "223": 249,
          "5107": 5133,
          "227": 253,
          "6211": 6237,
          "1171": 1197,
          "479": 505,
          "491": 517,
          "499": 525,
          "2591": 2617,
          "263": 289,
          "4591": 4617,
          "283": 309,
          "599": 625,
          "307": 333,
          "619": 645,
          "659": 685,
          "331": 357,
          "347": 373,
          "719": 745,
          "379": 405,
          "383": 409,
          "27091": 27117,
          "827": 853,
          "839": 865,
          "1303": 1309,
          "443": 449,
          "911": 917,
          "919": 925
        }
      },
      {
        "iteration": 5,
        "candidate_seconds": 0.0036971120000544033,
        "oracle": {
          "backend": "exact-witness-grid",
          "status": "sat",
          "c": 0,
          "d": 4,
          "seconds": 0.0
        },
        "t_values": {
          "11": 6,
          "7": 9,
          "19": 26,
          "23": 6,
          "67": 92,
          "59": 85,
          "31": 2,
          "271": 450,
          "71": 77,
          "43": 68,
          "47": 72,
          "131": 157,
          "151": 177,
          "79": 105,
          "83": 108,
          "179": 205,
          "191": 217,
          "2851": 2852,
          "103": 129,
          "107": 112,
          "1091": 1118,
          "239": 265,
          "367": 393,
          "251": 277,
          "127": 132,
          "883": 909,
          "139": 165,
          "311": 337,
          "163": 189,
          "167": 193,
          "1531": 1557,
          "359": 385,
          "199": 200,
          "419": 445,
          "211": 236,
          "643": 645,
          "431": 457,
          "439": 465,
          "223": 248,
          "5107": 5133,
          "227": 253,
          "6211": 6237,
          "1171": 1197,
          "479": 505,
          "491": 517,
          "499": 525,
          "2591": 2617,
          "263": 289,
          "4591": 4617,
          "283": 309,
          "599": 625,
          "307": 333,
          "619": 770,
          "659": 685,
          "331": 357,
          "347": 358,
          "719": 745,
          "379": 405,
          "383": 409,
          "27091": 27117,
          "827": 1567,
          "839": 865,
          "1303": 1309,
          "443": 449,
          "911": 917,
          "919": 924
        }
      }
    ]
  }
}
