SHIFT 2 survivors=8494586
SHIFT 4 survivors=7092448
SHIFT 6 survivors=5926225
SHIFT 8 survivors=4874764
SHIFT 10 survivors=4061647
SHIFT 14 survivors=3435637
SHIFT 26 survivors=3010318
SHIFT 28 survivors=2423990
SHIFT 32 survivors=1977624
SHIFT 34 survivors=1688987
SHIFT 52 survivors=1396289
SHIFT 82 survivors=1219312
SHIFT 86 survivors=1050544
SHIFT 106 survivors=946055
SHIFT 126 survivors=810611
SHIFT 128 survivors=629975
SHIFT 134 survivors=565105
SHIFT 152 survivors=451343
SHIFT 206 survivors=413063
SHIFT 244 survivors=331496
SHIFT 248 survivors=275371
SHIFT 268 survivors=224956
SHIFT 368 survivors=194962
SHIFT 626 survivors=173003
SHIFT 628 survivors=147563
SHIFT 634 survivors=124353
SHIFT 652 survivors=103138
SHIFT 706 survivors=89870
SHIFT 730 survivors=79657
SHIFT 734 survivors=72306
SHIFT 754 survivors=66011
SHIFT 854 survivors=61122
SHIFT 868 survivors=52270
SHIFT 1354 survivors=48228
SHIFT 2188 survivors=40867
SHIFT 2192 survivors=33698
SHIFT 2212 survivors=30548
SHIFT 2312 survivors=26359
SHIFT 2812 survivors=23230
SHIFT 3126 survivors=18417
SHIFT 3128 survivors=15804
SHIFT 3134 survivors=13609
SHIFT 3152 survivors=11223
SHIFT 3206 survivors=9948
SHIFT 3368 survivors=8622
SHIFT 3854 survivors=7741
SHIFT 5312 survivors=6897
SHIFT 6562 survivors=6155
SHIFT 6566 survivors=5658
SHIFT 6586 survivors=5042
SHIFT 6686 survivors=4603
SHIFT 7186 survivors=4183
SHIFT 9686 survivors=3890
SHIFT 15626 survivors=3492
SHIFT 15628 survivors=2974
SHIFT 15634 survivors=2734
SHIFT 15652 survivors=2380
SHIFT 15706 survivors=2134
SHIFT 15868 survivors=1868
SHIFT 16354 survivors=1681
SHIFT 17812 survivors=1508
SHIFT 19684 survivors=1441
SHIFT 19688 survivors=1284
SHIFT 19708 survivors=1168
SHIFT 19808 survivors=1020
SHIFT 20308 survivors=974
SHIFT 22186 survivors=860
SHIFT 22808 survivors=809
SHIFT 35308 survivors=769
SHIFT 59050 survivors=694
SHIFT 59054 survivors=627
SHIFT 59074 survivors=549
SHIFT 59174 survivors=502
SHIFT 59674 survivors=448
SHIFT 62174 survivors=419
SHIFT 74674 survivors=384
SHIFT 78126 survivors=301
SHIFT 78128 survivors=263
SHIFT 78134 survivors=234
SHIFT 78152 survivors=212
SHIFT 78206 survivors=197
SHIFT 78368 survivors=179
SHIFT 78854 survivors=165
SHIFT 80312 survivors=152
SHIFT 84686 survivors=143
SHIFT 97808 survivors=132
SHIFT 137174 survivors=127
SHIFT 177148 survivors=116
SHIFT 177152 survivors=107
SHIFT 177172 survivors=101
SHIFT 177272 survivors=99
SHIFT 177772 survivors=96
SHIFT 180272 survivors=93
SHIFT 192772 survivors=88
SHIFT 255272 survivors=88
SHIFT 390626 survivors=82
SHIFT 390628 survivors=80
SHIFT 390634 survivors=65
SHIFT 390652 survivors=57
SHIFT 390706 survivors=50
SHIFT 390868 survivors=49
SHIFT 391354 survivors=40
SHIFT 392812 survivors=39
SHIFT 397186 survivors=33
SHIFT 410308 survivors=32
SHIFT 449674 survivors=23
SHIFT 531442 survivors=20
SHIFT 531446 survivors=19
SHIFT 531466 survivors=17
SHIFT 531566 survivors=16
SHIFT 532066 survivors=13
SHIFT 534566 survivors=11
SHIFT 547066 survivors=10
SHIFT 567772 survivors=9
SHIFT 609566 survivors=9
SHIFT 922066 survivors=7
SHIFT 1594324 survivors=6
SHIFT 1594328 survivors=6
SHIFT 1594348 survivors=5
SHIFT 1594448 survivors=5
SHIFT 1594948 survivors=5
SHIFT 1597448 survivors=5
SHIFT 1609948 survivors=5
SHIFT 1672448 survivors=5
SHIFT 1953126 survivors=4
SHIFT 1953128 survivors=4
SHIFT 1953134 survivors=3
SHIFT 1953152 survivors=2
SHIFT 1953206 survivors=2
SHIFT 1953368 survivors=2
SHIFT 1953854 survivors=2
SHIFT 1955312 survivors=2
SHIFT 1959686 survivors=2
SHIFT 1972808 survivors=2
SHIFT 1984948 survivors=2
SHIFT 2012174 survivors=2
SHIFT 2130272 survivors=2
SHIFT 2484566 survivors=2
SHIFT 3547448 survivors=2
SHIFT 4782970 survivors=2
SHIFT 4782974 survivors=2
SHIFT 4782994 survivors=2
SHIFT 4783094 survivors=2
SHIFT 4783594 survivors=2
SHIFT 4786094 survivors=2
SHIFT 4798594 survivors=2
SHIFT 4861094 survivors=2
SHIFT 5173594 survivors=2
SHIFT 6736094 survivors=2
SHIFT 9765626 survivors=2
SHIFT 9765628 survivors=1
SHIFT 9765634 survivors=0
integers_tested=10000000
admissible_pair_count_at_high=407
distinct_shift_count_at_high=406
shifts_processed_before_termination=152
candidate_count=0
elapsed_seconds=15.4994
EXACT_EMPTY
