SHIFT 2 survivors=8494388
SHIFT 4 survivors=7092086
SHIFT 6 survivors=5925122
SHIFT 8 survivors=4872994
SHIFT 10 survivors=4059602
SHIFT 14 survivors=3433727
SHIFT 26 survivors=3007927
SHIFT 28 survivors=2420957
SHIFT 32 survivors=1974782
SHIFT 34 survivors=1686939
SHIFT 52 survivors=1393384
SHIFT 82 survivors=1217158
SHIFT 86 survivors=1048797
SHIFT 106 survivors=943952
SHIFT 126 survivors=808061
SHIFT 128 survivors=627564
SHIFT 134 survivors=563285
SHIFT 152 survivors=449809
SHIFT 206 survivors=411776
SHIFT 244 survivors=330302
SHIFT 248 survivors=274218
SHIFT 268 survivors=223692
SHIFT 368 survivors=193866
SHIFT 626 survivors=172079
SHIFT 628 survivors=146658
SHIFT 634 survivors=123410
SHIFT 652 survivors=102311
SHIFT 706 survivors=89361
SHIFT 730 survivors=78974
SHIFT 734 survivors=71563
SHIFT 754 survivors=65292
SHIFT 854 survivors=60405
SHIFT 868 survivors=51819
SHIFT 1354 survivors=47665
SHIFT 2188 survivors=40214
SHIFT 2192 survivors=33311
SHIFT 2212 survivors=30236
SHIFT 2312 survivors=26193
SHIFT 2812 survivors=23073
SHIFT 3126 survivors=18394
SHIFT 3128 survivors=15759
SHIFT 3134 survivors=13527
SHIFT 3152 survivors=11238
SHIFT 3206 survivors=10016
SHIFT 3368 survivors=8647
SHIFT 3854 survivors=7760
SHIFT 5312 survivors=6966
SHIFT 6562 survivors=6271
SHIFT 6566 survivors=5752
SHIFT 6586 survivors=5200
SHIFT 6686 survivors=4711
SHIFT 7186 survivors=4271
SHIFT 9686 survivors=3946
SHIFT 15626 survivors=3499
SHIFT 15628 survivors=2973
SHIFT 15634 survivors=2754
SHIFT 15652 survivors=2391
SHIFT 15706 survivors=2154
SHIFT 15868 survivors=1847
SHIFT 16354 survivors=1686
SHIFT 17812 survivors=1513
SHIFT 19684 survivors=1425
SHIFT 19688 survivors=1255
SHIFT 19708 survivors=1127
SHIFT 19808 survivors=1003
SHIFT 20308 survivors=957
SHIFT 22186 survivors=862
SHIFT 22808 survivors=804
SHIFT 35308 survivors=755
SHIFT 59050 survivors=674
SHIFT 59054 survivors=593
SHIFT 59074 survivors=538
SHIFT 59174 survivors=482
SHIFT 59674 survivors=440
SHIFT 62174 survivors=417
SHIFT 74674 survivors=384
SHIFT 78126 survivors=316
SHIFT 78128 survivors=280
SHIFT 78134 survivors=258
SHIFT 78152 survivors=230
SHIFT 78206 survivors=212
SHIFT 78368 survivors=185
SHIFT 78854 survivors=175
SHIFT 80312 survivors=162
SHIFT 84686 survivors=151
SHIFT 97808 survivors=144
SHIFT 137174 survivors=136
SHIFT 177148 survivors=126
SHIFT 177152 survivors=119
SHIFT 177172 survivors=109
SHIFT 177272 survivors=103
SHIFT 177772 survivors=103
SHIFT 180272 survivors=98
SHIFT 192772 survivors=94
SHIFT 255272 survivors=92
SHIFT 390626 survivors=86
SHIFT 390628 survivors=86
SHIFT 390634 survivors=70
SHIFT 390652 survivors=65
SHIFT 390706 survivors=55
SHIFT 390868 survivors=51
SHIFT 391354 survivors=43
SHIFT 392812 survivors=38
SHIFT 397186 survivors=32
SHIFT 410308 survivors=29
SHIFT 449674 survivors=24
SHIFT 531442 survivors=21
SHIFT 531446 survivors=19
SHIFT 531466 survivors=18
SHIFT 531566 survivors=17
SHIFT 532066 survivors=15
SHIFT 534566 survivors=14
SHIFT 547066 survivors=14
SHIFT 567772 survivors=13
SHIFT 609566 survivors=12
SHIFT 922066 survivors=12
SHIFT 1594324 survivors=11
SHIFT 1594328 survivors=10
SHIFT 1594348 survivors=10
SHIFT 1594448 survivors=10
SHIFT 1594948 survivors=10
SHIFT 1597448 survivors=10
SHIFT 1609948 survivors=9
SHIFT 1672448 survivors=9
SHIFT 1953126 survivors=6
SHIFT 1953128 survivors=6
SHIFT 1953134 survivors=6
SHIFT 1953152 survivors=4
SHIFT 1953206 survivors=3
SHIFT 1953368 survivors=3
SHIFT 1953854 survivors=3
SHIFT 1955312 survivors=3
SHIFT 1959686 survivors=3
SHIFT 1972808 survivors=3
SHIFT 1984948 survivors=3
SHIFT 2012174 survivors=3
SHIFT 2130272 survivors=2
SHIFT 2484566 survivors=2
SHIFT 3547448 survivors=2
SHIFT 4782970 survivors=2
SHIFT 4782974 survivors=2
SHIFT 4782994 survivors=2
SHIFT 4783094 survivors=2
SHIFT 4783594 survivors=2
SHIFT 4786094 survivors=2
SHIFT 4798594 survivors=2
SHIFT 4861094 survivors=2
SHIFT 5173594 survivors=2
SHIFT 6736094 survivors=2
SHIFT 9765626 survivors=2
SHIFT 9765628 survivors=2
SHIFT 9765634 survivors=2
SHIFT 9765652 survivors=2
SHIFT 9765706 survivors=2
SHIFT 9765868 survivors=2
SHIFT 9766354 survivors=1
SHIFT 9767812 survivors=1
SHIFT 9772186 survivors=1
SHIFT 9785308 survivors=0
integers_tested=10000000
admissible_pair_count_at_high=407
distinct_shift_count_at_high=406
shifts_processed_before_termination=159
candidate_count=0
elapsed_seconds=15.6522
EXACT_EMPTY
