SHIFT 2 survivors=8494250
SHIFT 4 survivors=7091759
SHIFT 6 survivors=5925083
SHIFT 8 survivors=4873148
SHIFT 10 survivors=4059785
SHIFT 14 survivors=3433966
SHIFT 26 survivors=3007958
SHIFT 28 survivors=2420896
SHIFT 32 survivors=1974016
SHIFT 34 survivors=1685921
SHIFT 52 survivors=1393424
SHIFT 82 survivors=1217126
SHIFT 86 survivors=1048871
SHIFT 106 survivors=944115
SHIFT 126 survivors=808392
SHIFT 128 survivors=627881
SHIFT 134 survivors=563278
SHIFT 152 survivors=449921
SHIFT 206 survivors=411879
SHIFT 244 survivors=330032
SHIFT 248 survivors=274354
SHIFT 268 survivors=224142
SHIFT 368 survivors=194125
SHIFT 626 survivors=172289
SHIFT 628 survivors=146803
SHIFT 634 survivors=123329
SHIFT 652 survivors=102396
SHIFT 706 survivors=89317
SHIFT 730 survivors=78983
SHIFT 734 survivors=71616
SHIFT 754 survivors=65384
SHIFT 854 survivors=60544
SHIFT 868 survivors=51797
SHIFT 1354 survivors=47574
SHIFT 2188 survivors=40324
SHIFT 2192 survivors=33357
SHIFT 2212 survivors=30295
SHIFT 2312 survivors=26095
SHIFT 2812 survivors=23058
SHIFT 3126 survivors=18385
SHIFT 3128 survivors=15790
SHIFT 3134 survivors=13579
SHIFT 3152 survivors=11259
SHIFT 3206 survivors=10096
SHIFT 3368 survivors=8757
SHIFT 3854 survivors=7826
SHIFT 5312 survivors=7033
SHIFT 6562 survivors=6300
SHIFT 6566 survivors=5772
SHIFT 6586 survivors=5170
SHIFT 6686 survivors=4671
SHIFT 7186 survivors=4245
SHIFT 9686 survivors=3923
SHIFT 15626 survivors=3505
SHIFT 15628 survivors=2998
SHIFT 15634 survivors=2749
SHIFT 15652 survivors=2373
SHIFT 15706 survivors=2127
SHIFT 15868 survivors=1860
SHIFT 16354 survivors=1656
SHIFT 17812 survivors=1484
SHIFT 19684 survivors=1401
SHIFT 19688 survivors=1250
SHIFT 19708 survivors=1131
SHIFT 19808 survivors=1001
SHIFT 20308 survivors=944
SHIFT 22186 survivors=860
SHIFT 22808 survivors=803
SHIFT 35308 survivors=747
SHIFT 59050 survivors=669
SHIFT 59054 survivors=594
SHIFT 59074 survivors=528
SHIFT 59174 survivors=480
SHIFT 59674 survivors=439
SHIFT 62174 survivors=399
SHIFT 74674 survivors=369
SHIFT 78126 survivors=297
SHIFT 78128 survivors=264
SHIFT 78134 survivors=235
SHIFT 78152 survivors=204
SHIFT 78206 survivors=185
SHIFT 78368 survivors=162
SHIFT 78854 survivors=157
SHIFT 80312 survivors=142
SHIFT 84686 survivors=134
SHIFT 97808 survivors=125
SHIFT 137174 survivors=118
SHIFT 177148 survivors=112
SHIFT 177152 survivors=106
SHIFT 177172 survivors=101
SHIFT 177272 survivors=97
SHIFT 177772 survivors=93
SHIFT 180272 survivors=91
SHIFT 192772 survivors=86
SHIFT 255272 survivors=83
SHIFT 390626 survivors=75
SHIFT 390628 survivors=72
SHIFT 390634 survivors=61
SHIFT 390652 survivors=52
SHIFT 390706 survivors=42
SHIFT 390868 survivors=40
SHIFT 391354 survivors=29
SHIFT 392812 survivors=28
SHIFT 397186 survivors=24
SHIFT 410308 survivors=23
SHIFT 449674 survivors=15
SHIFT 531442 survivors=12
SHIFT 531446 survivors=10
SHIFT 531466 survivors=10
SHIFT 531566 survivors=9
SHIFT 532066 survivors=9
SHIFT 534566 survivors=8
SHIFT 547066 survivors=7
SHIFT 567772 survivors=7
SHIFT 609566 survivors=6
SHIFT 922066 survivors=6
SHIFT 1594324 survivors=5
SHIFT 1594328 survivors=5
SHIFT 1594348 survivors=5
SHIFT 1594448 survivors=4
SHIFT 1594948 survivors=4
SHIFT 1597448 survivors=4
SHIFT 1609948 survivors=4
SHIFT 1672448 survivors=4
SHIFT 1953126 survivors=3
SHIFT 1953128 survivors=2
SHIFT 1953134 survivors=1
SHIFT 1953152 survivors=1
SHIFT 1953206 survivors=1
SHIFT 1953368 survivors=1
SHIFT 1953854 survivors=1
SHIFT 1955312 survivors=1
SHIFT 1959686 survivors=1
SHIFT 1972808 survivors=1
SHIFT 1984948 survivors=1
SHIFT 2012174 survivors=1
SHIFT 2130272 survivors=1
SHIFT 2484566 survivors=1
SHIFT 3547448 survivors=1
SHIFT 4782970 survivors=1
SHIFT 4782974 survivors=1
SHIFT 4782994 survivors=1
SHIFT 4783094 survivors=1
SHIFT 4783594 survivors=1
SHIFT 4786094 survivors=1
SHIFT 4798594 survivors=1
SHIFT 4861094 survivors=1
SHIFT 5173594 survivors=1
SHIFT 6736094 survivors=1
SHIFT 9765626 survivors=1
SHIFT 9765628 survivors=1
SHIFT 9765634 survivors=1
SHIFT 9765652 survivors=1
SHIFT 9765706 survivors=1
SHIFT 9765868 survivors=1
SHIFT 9766354 survivors=1
SHIFT 9767812 survivors=1
SHIFT 9772186 survivors=1
SHIFT 9785308 survivors=1
SHIFT 9824674 survivors=1
SHIFT 9942772 survivors=1
SHIFT 10297066 survivors=1
SHIFT 11359948 survivors=1
SHIFT 14348908 survivors=1
SHIFT 14348912 survivors=1
SHIFT 14348932 survivors=1
SHIFT 14349032 survivors=1
SHIFT 14349532 survivors=1
SHIFT 14352032 survivors=1
SHIFT 14364532 survivors=1
SHIFT 14427032 survivors=1
SHIFT 14548594 survivors=1
SHIFT 14739532 survivors=1
SHIFT 16302032 survivors=1
SHIFT 24114532 survivors=1
SHIFT 43046722 survivors=0
integers_tested=10000000
admissible_pair_count_at_high=407
distinct_shift_count_at_high=406
shifts_processed_before_termination=176
candidate_count=0
elapsed_seconds=31.3679
EXACT_EMPTY
