SHIFT 2 survivors=8494254
SHIFT 4 survivors=7091674
SHIFT 6 survivors=5924660
SHIFT 8 survivors=4872273
SHIFT 10 survivors=4058487
SHIFT 14 survivors=3432296
SHIFT 26 survivors=3006583
SHIFT 28 survivors=2420067
SHIFT 32 survivors=1973281
SHIFT 34 survivors=1684977
SHIFT 52 survivors=1392569
SHIFT 82 survivors=1216945
SHIFT 86 survivors=1048688
SHIFT 106 survivors=943935
SHIFT 126 survivors=808054
SHIFT 128 survivors=627483
SHIFT 134 survivors=563092
SHIFT 152 survivors=450029
SHIFT 206 survivors=412402
SHIFT 244 survivors=330688
SHIFT 248 survivors=274472
SHIFT 268 survivors=224101
SHIFT 368 survivors=194221
SHIFT 626 survivors=172094
SHIFT 628 survivors=146873
SHIFT 634 survivors=123874
SHIFT 652 survivors=102719
SHIFT 706 survivors=89479
SHIFT 730 survivors=79079
SHIFT 734 survivors=71775
SHIFT 754 survivors=65528
SHIFT 854 survivors=60766
SHIFT 868 survivors=52005
SHIFT 1354 survivors=47888
SHIFT 2188 survivors=40552
SHIFT 2192 survivors=33414
SHIFT 2212 survivors=30389
SHIFT 2312 survivors=26297
SHIFT 2812 survivors=23226
SHIFT 3126 survivors=18459
SHIFT 3128 survivors=15880
SHIFT 3134 survivors=13703
SHIFT 3152 survivors=11304
SHIFT 3206 survivors=10073
SHIFT 3368 survivors=8765
SHIFT 3854 survivors=7883
SHIFT 5312 survivors=7043
SHIFT 6562 survivors=6305
SHIFT 6566 survivors=5767
SHIFT 6586 survivors=5201
SHIFT 6686 survivors=4727
SHIFT 7186 survivors=4259
SHIFT 9686 survivors=3920
SHIFT 15626 survivors=3480
SHIFT 15628 survivors=2991
SHIFT 15634 survivors=2770
SHIFT 15652 survivors=2437
SHIFT 15706 survivors=2202
SHIFT 15868 survivors=1901
SHIFT 16354 survivors=1703
SHIFT 17812 survivors=1521
SHIFT 19684 survivors=1436
SHIFT 19688 survivors=1278
SHIFT 19708 survivors=1145
SHIFT 19808 survivors=1013
SHIFT 20308 survivors=962
SHIFT 22186 survivors=842
SHIFT 22808 survivors=787
SHIFT 35308 survivors=750
SHIFT 59050 survivors=675
SHIFT 59054 survivors=609
SHIFT 59074 survivors=544
SHIFT 59174 survivors=499
SHIFT 59674 survivors=448
SHIFT 62174 survivors=418
SHIFT 74674 survivors=375
SHIFT 78126 survivors=292
SHIFT 78128 survivors=259
SHIFT 78134 survivors=233
SHIFT 78152 survivors=211
SHIFT 78206 survivors=192
SHIFT 78368 survivors=170
SHIFT 78854 survivors=155
SHIFT 80312 survivors=138
SHIFT 84686 survivors=130
SHIFT 97808 survivors=123
SHIFT 137174 survivors=115
SHIFT 177148 survivors=110
SHIFT 177152 survivors=107
SHIFT 177172 survivors=101
SHIFT 177272 survivors=96
SHIFT 177772 survivors=92
SHIFT 180272 survivors=86
SHIFT 192772 survivors=85
SHIFT 255272 survivors=84
SHIFT 390626 survivors=75
SHIFT 390628 survivors=73
SHIFT 390634 survivors=60
SHIFT 390652 survivors=51
SHIFT 390706 survivors=36
SHIFT 390868 survivors=35
SHIFT 391354 survivors=28
SHIFT 392812 survivors=25
SHIFT 397186 survivors=23
SHIFT 410308 survivors=23
SHIFT 449674 survivors=19
SHIFT 531442 survivors=18
SHIFT 531446 survivors=16
SHIFT 531466 survivors=15
SHIFT 531566 survivors=15
SHIFT 532066 survivors=12
SHIFT 534566 survivors=12
SHIFT 547066 survivors=11
SHIFT 567772 survivors=10
SHIFT 609566 survivors=10
SHIFT 922066 survivors=9
SHIFT 1594324 survivors=9
SHIFT 1594328 survivors=8
SHIFT 1594348 survivors=8
SHIFT 1594448 survivors=8
SHIFT 1594948 survivors=8
SHIFT 1597448 survivors=8
SHIFT 1609948 survivors=8
SHIFT 1672448 survivors=8
SHIFT 1953126 survivors=5
SHIFT 1953128 survivors=4
SHIFT 1953134 survivors=4
SHIFT 1953152 survivors=4
SHIFT 1953206 survivors=4
SHIFT 1953368 survivors=4
SHIFT 1953854 survivors=3
SHIFT 1955312 survivors=3
SHIFT 1959686 survivors=3
SHIFT 1972808 survivors=3
SHIFT 1984948 survivors=3
SHIFT 2012174 survivors=3
SHIFT 2130272 survivors=3
SHIFT 2484566 survivors=3
SHIFT 3547448 survivors=3
SHIFT 4782970 survivors=3
SHIFT 4782974 survivors=2
SHIFT 4782994 survivors=2
SHIFT 4783094 survivors=2
SHIFT 4783594 survivors=1
SHIFT 4786094 survivors=1
SHIFT 4798594 survivors=1
SHIFT 4861094 survivors=1
SHIFT 5173594 survivors=1
SHIFT 6736094 survivors=1
SHIFT 9765626 survivors=1
SHIFT 9765628 survivors=1
SHIFT 9765634 survivors=1
SHIFT 9765652 survivors=1
SHIFT 9765706 survivors=1
SHIFT 9765868 survivors=1
SHIFT 9766354 survivors=1
SHIFT 9767812 survivors=0
integers_tested=10000000
admissible_pair_count_at_high=407
distinct_shift_count_at_high=406
shifts_processed_before_termination=157
candidate_count=0
elapsed_seconds=15.3337
EXACT_EMPTY
