SHIFT 2 survivors=8493890
SHIFT 4 survivors=7091052
SHIFT 6 survivors=5923753
SHIFT 8 survivors=4871260
SHIFT 10 survivors=4057648
SHIFT 14 survivors=3431508
SHIFT 26 survivors=3006416
SHIFT 28 survivors=2420320
SHIFT 32 survivors=1973711
SHIFT 34 survivors=1685151
SHIFT 52 survivors=1393092
SHIFT 82 survivors=1216875
SHIFT 86 survivors=1048825
SHIFT 106 survivors=944716
SHIFT 126 survivors=808296
SHIFT 128 survivors=627405
SHIFT 134 survivors=563193
SHIFT 152 survivors=449681
SHIFT 206 survivors=412014
SHIFT 244 survivors=330198
SHIFT 248 survivors=274034
SHIFT 268 survivors=223337
SHIFT 368 survivors=193463
SHIFT 626 survivors=171419
SHIFT 628 survivors=146484
SHIFT 634 survivors=123315
SHIFT 652 survivors=102059
SHIFT 706 survivors=89003
SHIFT 730 survivors=78803
SHIFT 734 survivors=71537
SHIFT 754 survivors=65191
SHIFT 854 survivors=60330
SHIFT 868 survivors=51635
SHIFT 1354 survivors=47635
SHIFT 2188 survivors=40426
SHIFT 2192 survivors=33455
SHIFT 2212 survivors=30338
SHIFT 2312 survivors=26188
SHIFT 2812 survivors=23186
SHIFT 3126 survivors=18473
SHIFT 3128 survivors=15794
SHIFT 3134 survivors=13557
SHIFT 3152 survivors=11129
SHIFT 3206 survivors=9947
SHIFT 3368 survivors=8656
SHIFT 3854 survivors=7758
SHIFT 5312 survivors=6922
SHIFT 6562 survivors=6216
SHIFT 6566 survivors=5744
SHIFT 6586 survivors=5166
SHIFT 6686 survivors=4701
SHIFT 7186 survivors=4259
SHIFT 9686 survivors=3939
SHIFT 15626 survivors=3512
SHIFT 15628 survivors=3012
SHIFT 15634 survivors=2800
SHIFT 15652 survivors=2424
SHIFT 15706 survivors=2194
SHIFT 15868 survivors=1912
SHIFT 16354 survivors=1714
SHIFT 17812 survivors=1533
SHIFT 19684 survivors=1450
SHIFT 19688 survivors=1276
SHIFT 19708 survivors=1178
SHIFT 19808 survivors=1035
SHIFT 20308 survivors=967
SHIFT 22186 survivors=876
SHIFT 22808 survivors=823
SHIFT 35308 survivors=781
SHIFT 59050 survivors=692
SHIFT 59054 survivors=615
SHIFT 59074 survivors=534
SHIFT 59174 survivors=485
SHIFT 59674 survivors=440
SHIFT 62174 survivors=410
SHIFT 74674 survivors=375
SHIFT 78126 survivors=308
SHIFT 78128 survivors=273
SHIFT 78134 survivors=248
SHIFT 78152 survivors=212
SHIFT 78206 survivors=192
SHIFT 78368 survivors=164
SHIFT 78854 survivors=154
SHIFT 80312 survivors=139
SHIFT 84686 survivors=132
SHIFT 97808 survivors=125
SHIFT 137174 survivors=117
SHIFT 177148 survivors=106
SHIFT 177152 survivors=99
SHIFT 177172 survivors=94
SHIFT 177272 survivors=89
SHIFT 177772 survivors=81
SHIFT 180272 survivors=79
SHIFT 192772 survivors=76
SHIFT 255272 survivors=73
SHIFT 390626 survivors=64
SHIFT 390628 survivors=62
SHIFT 390634 survivors=51
SHIFT 390652 survivors=45
SHIFT 390706 survivors=36
SHIFT 390868 survivors=35
SHIFT 391354 survivors=30
SHIFT 392812 survivors=29
SHIFT 397186 survivors=24
SHIFT 410308 survivors=21
SHIFT 449674 survivors=14
SHIFT 531442 survivors=11
SHIFT 531446 survivors=8
SHIFT 531466 survivors=6
SHIFT 531566 survivors=6
SHIFT 532066 survivors=5
SHIFT 534566 survivors=5
SHIFT 547066 survivors=4
SHIFT 567772 survivors=4
SHIFT 609566 survivors=3
SHIFT 922066 survivors=3
SHIFT 1594324 survivors=2
SHIFT 1594328 survivors=1
SHIFT 1594348 survivors=1
SHIFT 1594448 survivors=1
SHIFT 1594948 survivors=1
SHIFT 1597448 survivors=1
SHIFT 1609948 survivors=1
SHIFT 1672448 survivors=1
SHIFT 1953126 survivors=1
SHIFT 1953128 survivors=1
SHIFT 1953134 survivors=1
SHIFT 1953152 survivors=1
SHIFT 1953206 survivors=1
SHIFT 1953368 survivors=1
SHIFT 1953854 survivors=1
SHIFT 1955312 survivors=1
SHIFT 1959686 survivors=0
integers_tested=10000000
admissible_pair_count_at_high=407
distinct_shift_count_at_high=406
shifts_processed_before_termination=133
candidate_count=0
elapsed_seconds=9.06149
EXACT_EMPTY
