SHIFT shift=2 processed=1 newly_cleared=1498586 survivors=8501414 elapsed_seconds=0.0211804
SHIFT shift=4 processed=2 newly_cleared=1399071 survivors=7102343 elapsed_seconds=0.0418323
SHIFT shift=6 processed=3 newly_cleared=1165066 survivors=5937277 elapsed_seconds=0.0616746
SHIFT shift=8 processed=4 newly_cleared=1050216 survivors=4887061 elapsed_seconds=0.0820138
SHIFT shift=10 processed=5 newly_cleared=812271 survivors=4074790 elapsed_seconds=0.102318
SHIFT shift=14 processed=6 newly_cleared=624550 survivors=3450240 elapsed_seconds=0.122137
SHIFT shift=26 processed=7 newly_cleared=424538 survivors=3025702 elapsed_seconds=0.14687
SHIFT shift=28 processed=8 newly_cleared=590244 survivors=2435458 elapsed_seconds=0.1675
SHIFT shift=32 processed=9 newly_cleared=446711 survivors=1988747 elapsed_seconds=0.188222
SHIFT shift=34 processed=10 newly_cleared=287409 survivors=1701338 elapsed_seconds=0.209016
SHIFT shift=52 processed=11 newly_cleared=294663 survivors=1406675 elapsed_seconds=0.230425
SHIFT shift=82 processed=12 newly_cleared=175487 survivors=1231188 elapsed_seconds=0.248988
SHIFT shift=86 processed=13 newly_cleared=168544 survivors=1062644 elapsed_seconds=0.269464
SHIFT shift=106 processed=14 newly_cleared=103965 survivors=958679 elapsed_seconds=0.288143
SHIFT shift=126 processed=15 newly_cleared=137421 survivors=821258 elapsed_seconds=0.307165
SHIFT shift=128 processed=16 newly_cleared=183434 survivors=637824 elapsed_seconds=0.327194
SHIFT shift=134 processed=17 newly_cleared=64991 survivors=572833 elapsed_seconds=0.346102
SHIFT shift=152 processed=18 newly_cleared=115400 survivors=457433 elapsed_seconds=0.366319
SHIFT shift=206 processed=19 newly_cleared=37908 survivors=419525 elapsed_seconds=0.385158
SHIFT shift=244 processed=20 newly_cleared=83311 survivors=336214 elapsed_seconds=0.403912
SHIFT shift=734 processed=30 newly_cleared=7348 survivors=73957 elapsed_seconds=0.599545
SHIFT shift=3126 processed=40 newly_cleared=4788 survivors=19062 elapsed_seconds=0.804357
SHIFT shift=6586 processed=50 newly_cleared=578 survivors=5461 elapsed_seconds=1.00646
SHIFT shift=16354 processed=60 newly_cleared=222 survivors=1800 elapsed_seconds=1.20749
SHIFT shift=59050 processed=70 newly_cleared=87 survivors=762 elapsed_seconds=1.40927
SHIFT shift=78152 processed=80 newly_cleared=28 survivors=259 elapsed_seconds=1.61544
SHIFT shift=177172 processed=90 newly_cleared=5 survivors=138 elapsed_seconds=1.84247
SHIFT shift=390706 processed=100 newly_cleared=15 survivors=60 elapsed_seconds=2.04856
SHIFT shift=531566 processed=110 newly_cleared=0 survivors=20 elapsed_seconds=2.25462
SHIFT shift=1594448 processed=120 newly_cleared=1 survivors=8 elapsed_seconds=2.4488
SHIFT shift=1953368 processed=130 newly_cleared=0 survivors=1 elapsed_seconds=2.64238
SHIFT shift=4782970 processed=140 newly_cleared=0 survivors=1 elapsed_seconds=2.83811
SHIFT shift=4782994 processed=142 newly_cleared=1 survivors=0 elapsed_seconds=2.89036
integers_tested=10000000
admissible_pair_count_at_high=407
distinct_shift_count_at_high=406
shifts_processed=142
candidate_count=0
elapsed_seconds=2.89158
EXACT_EMPTY
