search_all_exact_one_clean 41360 bytes
beam_structured_search 63152 bytes
search_factor_sieve_clean_current 41240 bytes
search_twosquares_bitset_current 37520 bytes
search_twosquares_clean_current 32656 bytes
search_twosquares_bitset 37464 bytes
search_exhaustive_clean_current 37928 bytes
search_twosquares_bitset.clean 37520 bytes
search_factor_sieve_current 40808 bytes
search_all_odd_valuation 45896 bytes
search_bitset 56952 bytes
search_bitset_current 56952 bytes
search_exhaustive_clean 37928 bytes
search_twosquares_clean.clean 32656 bytes
search_shifted_factor_sieve 45688 bytes
search_shifted_sieve 47408 bytes
verifier_gmp_current 69200 bytes
search_all_exact_one 45896 bytes
search_twosquares_clean 32608 bytes
verifier_gmp 63944 bytes
search_all_odd_valuation_clean 45536 bytes
