serial,43,9547,progression_candidates,26186237
serial,43,42743,progression_candidates,5848911
serial,43,18471511,progression_candidates,13534
serial,43,558801427,progression_candidates,447
serial,43,7866608083,progression_candidates,32
serial,127,2287,progression_candidates,109313511
serial,127,23623,progression_candidates,10582906
serial,127,133351,progression_candidates,1874752
serial,127,4283203,progression_candidates,58368
serial,379,6823,progression_candidates,36640774
serial,379,15919,progression_candidates,15704504
serial,379,111427,progression_candidates,2243621
serial,379,7401871,progression_candidates,33775
serial,7603,319327,progression_candidates,782897
serial,7603,1262099,progression_candidates,198083
serial,7603,1596631,progression_candidates,156580
serial,7603,188721667,progression_candidates,1325
serial,7603,648003691,progression_candidates,386
serial,19531,11835787,progression_candidates,21122
serial,19531,42304147,progression_candidates,5910
serial,19531,3326871479,progression_candidates,75
serial,519499,36364931,progression_candidates,6875
serial,519499,327284371,progression_candidates,764
elapsed=8.11
