./README.md: OK
./REPORT_zh.md: OK
./cert/gcd_factor_B5000.txt: OK
./logs/method_a_7_11.log: OK
./logs/method_a_7_11.time: OK
./logs/method_a_7_11_19_refused.log: OK
./logs/method_b_7_11.log: OK
./logs/method_b_7_11.time: OK
./logs/method_b_exact_oracle_7_11_19.log: OK
./logs/method_b_exact_oracle_7_11_19.time: OK
./logs/method_b_top10.log: OK
./logs/method_b_top10.time: OK
./logs/method_b_top10_pruned.log: OK
./logs/method_b_top66_loose_pass.log: OK
./logs/method_b_top66_loose_pass.time: OK
./logs/verify_pruning.log: OK
./logs/verify_pruning.time: OK
./output/method_a_7_11.json: OK
./output/method_a_7_11_19_refused.json: OK
./output/method_b_7_11.json: OK
./output/method_b_exact_oracle_7_11_19.json: OK
./output/method_b_top10.json: OK
./output/method_b_top10_pruned.json: OK
./output/method_b_top66_loose_pass.json: OK
./output/primes_B5000_verified.csv: OK
./output/primes_B5000_verified_by_order.csv: OK
./requirements.txt: OK
./run_reproduce.sh: OK
./src/factor_gcd.py: OK
./src/generate_gcd.cpp: OK
./src/method_a_bitset.py: OK
./src/method_b_lazy.py: OK
./src/verify_pruning.cpp: OK
./verify_pruning: OK
