SHIFT 2 survivors=8494262
SHIFT 4 survivors=7092073
SHIFT 6 survivors=5925259
SHIFT 8 survivors=4872948
SHIFT 10 survivors=4059539
SHIFT 14 survivors=3433152
SHIFT 26 survivors=3007744
SHIFT 28 survivors=2421746
SHIFT 32 survivors=1974212
SHIFT 34 survivors=1685759
SHIFT 52 survivors=1393840
SHIFT 82 survivors=1217308
SHIFT 86 survivors=1049221
SHIFT 106 survivors=944663
SHIFT 126 survivors=809249
SHIFT 128 survivors=628717
SHIFT 134 survivors=564085
SHIFT 152 survivors=451079
SHIFT 206 survivors=413149
SHIFT 244 survivors=331406
SHIFT 248 survivors=275302
SHIFT 268 survivors=224535
SHIFT 368 survivors=194450
SHIFT 626 survivors=172633
SHIFT 628 survivors=147248
SHIFT 634 survivors=124122
SHIFT 652 survivors=103106
SHIFT 706 survivors=89837
SHIFT 730 survivors=79531
SHIFT 734 survivors=72199
SHIFT 754 survivors=65811
SHIFT 854 survivors=61037
SHIFT 868 survivors=52463
SHIFT 1354 survivors=48372
SHIFT 2188 survivors=41027
SHIFT 2192 survivors=34054
SHIFT 2212 survivors=30919
SHIFT 2312 survivors=26817
SHIFT 2812 survivors=23639
SHIFT 3126 survivors=18841
SHIFT 3128 survivors=16252
SHIFT 3134 survivors=13996
SHIFT 3152 survivors=11568
SHIFT 3206 survivors=10293
SHIFT 3368 survivors=8908
SHIFT 3854 survivors=7934
SHIFT 5312 survivors=7046
SHIFT 6562 survivors=6291
SHIFT 6566 survivors=5786
SHIFT 6586 survivors=5237
SHIFT 6686 survivors=4743
SHIFT 7186 survivors=4286
SHIFT 9686 survivors=3990
SHIFT 15626 survivors=3558
SHIFT 15628 survivors=3042
SHIFT 15634 survivors=2815
SHIFT 15652 survivors=2452
SHIFT 15706 survivors=2212
SHIFT 15868 survivors=1927
SHIFT 16354 survivors=1727
SHIFT 17812 survivors=1552
SHIFT 19684 survivors=1463
SHIFT 19688 survivors=1286
SHIFT 19708 survivors=1160
SHIFT 19808 survivors=1017
SHIFT 20308 survivors=957
SHIFT 22186 survivors=849
SHIFT 22808 survivors=786
SHIFT 35308 survivors=753
SHIFT 59050 survivors=681
SHIFT 59054 survivors=603
SHIFT 59074 survivors=549
SHIFT 59174 survivors=500
SHIFT 59674 survivors=459
SHIFT 62174 survivors=427
SHIFT 74674 survivors=385
SHIFT 78126 survivors=318
SHIFT 78128 survivors=274
SHIFT 78134 survivors=249
SHIFT 78152 survivors=217
SHIFT 78206 survivors=196
SHIFT 78368 survivors=175
SHIFT 78854 survivors=164
SHIFT 80312 survivors=158
SHIFT 84686 survivors=154
SHIFT 97808 survivors=144
SHIFT 137174 survivors=138
SHIFT 177148 survivors=133
SHIFT 177152 survivors=124
SHIFT 177172 survivors=116
SHIFT 177272 survivors=111
SHIFT 177772 survivors=105
SHIFT 180272 survivors=102
SHIFT 192772 survivors=99
SHIFT 255272 survivors=95
SHIFT 390626 survivors=87
SHIFT 390628 survivors=86
SHIFT 390634 survivors=71
SHIFT 390652 survivors=63
SHIFT 390706 survivors=53
SHIFT 390868 survivors=48
SHIFT 391354 survivors=39
SHIFT 392812 survivors=39
SHIFT 397186 survivors=35
SHIFT 410308 survivors=33
SHIFT 449674 survivors=26
SHIFT 531442 survivors=19
SHIFT 531446 survivors=18
SHIFT 531466 survivors=16
SHIFT 531566 survivors=16
SHIFT 532066 survivors=12
SHIFT 534566 survivors=12
SHIFT 547066 survivors=9
SHIFT 567772 survivors=7
SHIFT 609566 survivors=6
SHIFT 922066 survivors=6
SHIFT 1594324 survivors=6
SHIFT 1594328 survivors=5
SHIFT 1594348 survivors=5
SHIFT 1594448 survivors=5
SHIFT 1594948 survivors=5
SHIFT 1597448 survivors=5
SHIFT 1609948 survivors=5
SHIFT 1672448 survivors=4
SHIFT 1953126 survivors=2
SHIFT 1953128 survivors=1
SHIFT 1953134 survivors=1
SHIFT 1953152 survivors=1
SHIFT 1953206 survivors=1
SHIFT 1953368 survivors=1
SHIFT 1953854 survivors=1
SHIFT 1955312 survivors=1
SHIFT 1959686 survivors=0
integers_tested=10000000
admissible_pair_count_at_high=407
distinct_shift_count_at_high=406
shifts_processed_before_termination=133
candidate_count=0
elapsed_seconds=17.414
EXACT_EMPTY
