SHIFT 2 survivors=8494230
SHIFT 4 survivors=7091771
SHIFT 6 survivors=5925104
SHIFT 8 survivors=4873328
SHIFT 10 survivors=4060035
SHIFT 14 survivors=3434163
SHIFT 26 survivors=3009360
SHIFT 28 survivors=2423079
SHIFT 32 survivors=1976750
SHIFT 34 survivors=1688451
SHIFT 52 survivors=1396471
SHIFT 82 survivors=1219681
SHIFT 86 survivors=1050957
SHIFT 106 survivors=946748
SHIFT 126 survivors=810941
SHIFT 128 survivors=629809
SHIFT 134 survivors=564781
SHIFT 152 survivors=450869
SHIFT 206 survivors=413089
SHIFT 244 survivors=331270
SHIFT 248 survivors=275193
SHIFT 268 survivors=224781
SHIFT 368 survivors=194873
SHIFT 626 survivors=173247
SHIFT 628 survivors=147933
SHIFT 634 survivors=124675
SHIFT 652 survivors=103412
SHIFT 706 survivors=90214
SHIFT 730 survivors=79983
SHIFT 734 survivors=72680
SHIFT 754 survivors=66255
SHIFT 854 survivors=61471
SHIFT 868 survivors=52771
SHIFT 1354 survivors=48539
SHIFT 2188 survivors=41022
SHIFT 2192 survivors=34028
SHIFT 2212 survivors=30803
SHIFT 2312 survivors=26616
SHIFT 2812 survivors=23509
SHIFT 3126 survivors=18718
SHIFT 3128 survivors=16043
SHIFT 3134 survivors=13731
SHIFT 3152 survivors=11371
SHIFT 3206 survivors=10162
SHIFT 3368 survivors=8859
SHIFT 3854 survivors=7957
SHIFT 5312 survivors=7107
SHIFT 6562 survivors=6353
SHIFT 6566 survivors=5823
SHIFT 6586 survivors=5262
SHIFT 6686 survivors=4782
SHIFT 7186 survivors=4318
SHIFT 9686 survivors=4006
SHIFT 15626 survivors=3553
SHIFT 15628 survivors=3049
SHIFT 15634 survivors=2809
SHIFT 15652 survivors=2451
SHIFT 15706 survivors=2227
SHIFT 15868 survivors=1929
SHIFT 16354 survivors=1718
SHIFT 17812 survivors=1551
SHIFT 19684 survivors=1446
SHIFT 19688 survivors=1260
SHIFT 19708 survivors=1133
SHIFT 19808 survivors=1009
SHIFT 20308 survivors=949
SHIFT 22186 survivors=841
SHIFT 22808 survivors=788
SHIFT 35308 survivors=745
SHIFT 59050 survivors=670
SHIFT 59054 survivors=599
SHIFT 59074 survivors=531
SHIFT 59174 survivors=488
SHIFT 59674 survivors=435
SHIFT 62174 survivors=412
SHIFT 74674 survivors=369
SHIFT 78126 survivors=290
SHIFT 78128 survivors=251
SHIFT 78134 survivors=226
SHIFT 78152 survivors=194
SHIFT 78206 survivors=169
SHIFT 78368 survivors=145
SHIFT 78854 survivors=142
SHIFT 80312 survivors=127
SHIFT 84686 survivors=122
SHIFT 97808 survivors=117
SHIFT 137174 survivors=111
SHIFT 177148 survivors=103
SHIFT 177152 survivors=101
SHIFT 177172 survivors=93
SHIFT 177272 survivors=89
SHIFT 177772 survivors=86
SHIFT 180272 survivors=81
SHIFT 192772 survivors=79
SHIFT 255272 survivors=74
SHIFT 390626 survivors=68
SHIFT 390628 survivors=66
SHIFT 390634 survivors=57
SHIFT 390652 survivors=49
SHIFT 390706 survivors=33
SHIFT 390868 survivors=30
SHIFT 391354 survivors=27
SHIFT 392812 survivors=26
SHIFT 397186 survivors=19
SHIFT 410308 survivors=19
SHIFT 449674 survivors=15
SHIFT 531442 survivors=14
SHIFT 531446 survivors=13
SHIFT 531466 survivors=12
SHIFT 531566 survivors=11
SHIFT 532066 survivors=8
SHIFT 534566 survivors=8
SHIFT 547066 survivors=7
SHIFT 567772 survivors=7
SHIFT 609566 survivors=7
SHIFT 922066 survivors=7
SHIFT 1594324 survivors=7
SHIFT 1594328 survivors=7
SHIFT 1594348 survivors=7
SHIFT 1594448 survivors=7
SHIFT 1594948 survivors=7
SHIFT 1597448 survivors=6
SHIFT 1609948 survivors=6
SHIFT 1672448 survivors=5
SHIFT 1953126 survivors=4
SHIFT 1953128 survivors=4
SHIFT 1953134 survivors=4
SHIFT 1953152 survivors=4
SHIFT 1953206 survivors=2
SHIFT 1953368 survivors=2
SHIFT 1953854 survivors=2
SHIFT 1955312 survivors=2
SHIFT 1959686 survivors=2
SHIFT 1972808 survivors=1
SHIFT 1984948 survivors=1
SHIFT 2012174 survivors=1
SHIFT 2130272 survivors=1
SHIFT 2484566 survivors=1
SHIFT 3547448 survivors=1
SHIFT 4782970 survivors=1
SHIFT 4782974 survivors=1
SHIFT 4782994 survivors=1
SHIFT 4783094 survivors=1
SHIFT 4783594 survivors=1
SHIFT 4786094 survivors=1
SHIFT 4798594 survivors=1
SHIFT 4861094 survivors=1
SHIFT 5173594 survivors=1
SHIFT 6736094 survivors=1
SHIFT 9765626 survivors=0
integers_tested=10000000
admissible_pair_count_at_high=407
distinct_shift_count_at_high=406
shifts_processed_before_termination=150
candidate_count=0
elapsed_seconds=23.8901
EXACT_EMPTY
