SHIFT 2 survivors=8494434
SHIFT 4 survivors=7092258
SHIFT 6 survivors=5925351
SHIFT 8 survivors=4873310
SHIFT 10 survivors=4060249
SHIFT 14 survivors=3434261
SHIFT 26 survivors=3009025
SHIFT 28 survivors=2422963
SHIFT 32 survivors=1976557
SHIFT 34 survivors=1688671
SHIFT 52 survivors=1396419
SHIFT 82 survivors=1219717
SHIFT 86 survivors=1051204
SHIFT 106 survivors=946279
SHIFT 126 survivors=810547
SHIFT 128 survivors=629651
SHIFT 134 survivors=564966
SHIFT 152 survivors=450918
SHIFT 206 survivors=412799
SHIFT 244 survivors=330681
SHIFT 248 survivors=274387
SHIFT 268 survivors=224259
SHIFT 368 survivors=194234
SHIFT 626 survivors=172310
SHIFT 628 survivors=146956
SHIFT 634 survivors=123615
SHIFT 652 survivors=102521
SHIFT 706 survivors=89373
SHIFT 730 survivors=78987
SHIFT 734 survivors=71542
SHIFT 754 survivors=65187
SHIFT 854 survivors=60382
SHIFT 868 survivors=51690
SHIFT 1354 survivors=47445
SHIFT 2188 survivors=40229
SHIFT 2192 survivors=33299
SHIFT 2212 survivors=30229
SHIFT 2312 survivors=26107
SHIFT 2812 survivors=23065
SHIFT 3126 survivors=18311
SHIFT 3128 survivors=15805
SHIFT 3134 survivors=13632
SHIFT 3152 survivors=11247
SHIFT 3206 survivors=10017
SHIFT 3368 survivors=8672
SHIFT 3854 survivors=7770
SHIFT 5312 survivors=6940
SHIFT 6562 survivors=6214
SHIFT 6566 survivors=5744
SHIFT 6586 survivors=5172
SHIFT 6686 survivors=4700
SHIFT 7186 survivors=4221
SHIFT 9686 survivors=3940
SHIFT 15626 survivors=3501
SHIFT 15628 survivors=2993
SHIFT 15634 survivors=2745
SHIFT 15652 survivors=2400
SHIFT 15706 survivors=2138
SHIFT 15868 survivors=1847
SHIFT 16354 survivors=1647
SHIFT 17812 survivors=1480
SHIFT 19684 survivors=1387
SHIFT 19688 survivors=1229
SHIFT 19708 survivors=1120
SHIFT 19808 survivors=984
SHIFT 20308 survivors=933
SHIFT 22186 survivors=823
SHIFT 22808 survivors=778
SHIFT 35308 survivors=733
SHIFT 59050 survivors=659
SHIFT 59054 survivors=590
SHIFT 59074 survivors=523
SHIFT 59174 survivors=482
SHIFT 59674 survivors=423
SHIFT 62174 survivors=388
SHIFT 74674 survivors=354
SHIFT 78126 survivors=288
SHIFT 78128 survivors=245
SHIFT 78134 survivors=230
SHIFT 78152 survivors=202
SHIFT 78206 survivors=181
SHIFT 78368 survivors=163
SHIFT 78854 survivors=155
SHIFT 80312 survivors=149
SHIFT 84686 survivors=145
SHIFT 97808 survivors=135
SHIFT 137174 survivors=131
SHIFT 177148 survivors=124
SHIFT 177152 survivors=116
SHIFT 177172 survivors=110
SHIFT 177272 survivors=106
SHIFT 177772 survivors=99
SHIFT 180272 survivors=95
SHIFT 192772 survivors=91
SHIFT 255272 survivors=88
SHIFT 390626 survivors=80
SHIFT 390628 survivors=78
SHIFT 390634 survivors=68
SHIFT 390652 survivors=62
SHIFT 390706 survivors=53
SHIFT 390868 survivors=51
SHIFT 391354 survivors=37
SHIFT 392812 survivors=36
SHIFT 397186 survivors=30
SHIFT 410308 survivors=29
SHIFT 449674 survivors=25
SHIFT 531442 survivors=21
SHIFT 531446 survivors=17
SHIFT 531466 survivors=14
SHIFT 531566 survivors=14
SHIFT 532066 survivors=14
SHIFT 534566 survivors=10
SHIFT 547066 survivors=9
SHIFT 567772 survivors=9
SHIFT 609566 survivors=9
SHIFT 922066 survivors=8
SHIFT 1594324 survivors=8
SHIFT 1594328 survivors=8
SHIFT 1594348 survivors=8
SHIFT 1594448 survivors=7
SHIFT 1594948 survivors=7
SHIFT 1597448 survivors=7
SHIFT 1609948 survivors=6
SHIFT 1672448 survivors=5
SHIFT 1953126 survivors=5
SHIFT 1953128 survivors=5
SHIFT 1953134 survivors=5
SHIFT 1953152 survivors=5
SHIFT 1953206 survivors=4
SHIFT 1953368 survivors=4
SHIFT 1953854 survivors=2
SHIFT 1955312 survivors=1
SHIFT 1959686 survivors=1
SHIFT 1972808 survivors=1
SHIFT 1984948 survivors=1
SHIFT 2012174 survivors=1
SHIFT 2130272 survivors=1
SHIFT 2484566 survivors=1
SHIFT 3547448 survivors=1
SHIFT 4782970 survivors=1
SHIFT 4782974 survivors=1
SHIFT 4782994 survivors=1
SHIFT 4783094 survivors=1
SHIFT 4783594 survivors=1
SHIFT 4786094 survivors=1
SHIFT 4798594 survivors=1
SHIFT 4861094 survivors=1
SHIFT 5173594 survivors=0
integers_tested=10000000
admissible_pair_count_at_high=407
distinct_shift_count_at_high=406
shifts_processed_before_termination=148
candidate_count=0
elapsed_seconds=23.8098
EXACT_EMPTY
