SHIFT 2 survivors=8494025
SHIFT 4 survivors=7091549
SHIFT 6 survivors=5924834
SHIFT 8 survivors=4872926
SHIFT 10 survivors=4059733
SHIFT 14 survivors=3433608
SHIFT 26 survivors=3007492
SHIFT 28 survivors=2420355
SHIFT 32 survivors=1973740
SHIFT 34 survivors=1685433
SHIFT 52 survivors=1392549
SHIFT 82 survivors=1216125
SHIFT 86 survivors=1048130
SHIFT 106 survivors=943785
SHIFT 126 survivors=807701
SHIFT 128 survivors=626559
SHIFT 134 survivors=561969
SHIFT 152 survivors=448530
SHIFT 206 survivors=410774
SHIFT 244 survivors=329157
SHIFT 248 survivors=273331
SHIFT 268 survivors=222810
SHIFT 368 survivors=192934
SHIFT 626 survivors=171206
SHIFT 628 survivors=145845
SHIFT 634 survivors=122986
SHIFT 652 survivors=101999
SHIFT 706 survivors=88940
SHIFT 730 survivors=78710
SHIFT 734 survivors=71508
SHIFT 754 survivors=65171
SHIFT 854 survivors=60431
SHIFT 868 survivors=51845
SHIFT 1354 survivors=47758
SHIFT 2188 survivors=40347
SHIFT 2192 survivors=33547
SHIFT 2212 survivors=30501
SHIFT 2312 survivors=26384
SHIFT 2812 survivors=23241
SHIFT 3126 survivors=18547
SHIFT 3128 survivors=15943
SHIFT 3134 survivors=13764
SHIFT 3152 survivors=11340
SHIFT 3206 survivors=10124
SHIFT 3368 survivors=8764
SHIFT 3854 survivors=7894
SHIFT 5312 survivors=7036
SHIFT 6562 survivors=6246
SHIFT 6566 survivors=5770
SHIFT 6586 survivors=5181
SHIFT 6686 survivors=4712
SHIFT 7186 survivors=4255
SHIFT 9686 survivors=3946
SHIFT 15626 survivors=3511
SHIFT 15628 survivors=2991
SHIFT 15634 survivors=2768
SHIFT 15652 survivors=2435
SHIFT 15706 survivors=2184
SHIFT 15868 survivors=1943
SHIFT 16354 survivors=1752
SHIFT 17812 survivors=1591
SHIFT 19684 survivors=1507
SHIFT 19688 survivors=1334
SHIFT 19708 survivors=1183
SHIFT 19808 survivors=1060
SHIFT 20308 survivors=990
SHIFT 22186 survivors=889
SHIFT 22808 survivors=807
SHIFT 35308 survivors=771
SHIFT 59050 survivors=682
SHIFT 59054 survivors=612
SHIFT 59074 survivors=549
SHIFT 59174 survivors=494
SHIFT 59674 survivors=446
SHIFT 62174 survivors=405
SHIFT 74674 survivors=368
SHIFT 78126 survivors=297
SHIFT 78128 survivors=249
SHIFT 78134 survivors=229
SHIFT 78152 survivors=203
SHIFT 78206 survivors=185
SHIFT 78368 survivors=159
SHIFT 78854 survivors=150
SHIFT 80312 survivors=140
SHIFT 84686 survivors=128
SHIFT 97808 survivors=124
SHIFT 137174 survivors=116
SHIFT 177148 survivors=107
SHIFT 177152 survivors=105
SHIFT 177172 survivors=93
SHIFT 177272 survivors=91
SHIFT 177772 survivors=88
SHIFT 180272 survivors=84
SHIFT 192772 survivors=83
SHIFT 255272 survivors=80
SHIFT 390626 survivors=76
SHIFT 390628 survivors=76
SHIFT 390634 survivors=67
SHIFT 390652 survivors=61
SHIFT 390706 survivors=54
SHIFT 390868 survivors=51
SHIFT 391354 survivors=47
SHIFT 392812 survivors=45
SHIFT 397186 survivors=39
SHIFT 410308 survivors=38
SHIFT 449674 survivors=31
SHIFT 531442 survivors=29
SHIFT 531446 survivors=25
SHIFT 531466 survivors=23
SHIFT 531566 survivors=21
SHIFT 532066 survivors=19
SHIFT 534566 survivors=17
SHIFT 547066 survivors=10
SHIFT 567772 survivors=10
SHIFT 609566 survivors=10
SHIFT 922066 survivors=10
SHIFT 1594324 survivors=9
SHIFT 1594328 survivors=9
SHIFT 1594348 survivors=9
SHIFT 1594448 survivors=8
SHIFT 1594948 survivors=8
SHIFT 1597448 survivors=8
SHIFT 1609948 survivors=8
SHIFT 1672448 survivors=8
SHIFT 1953126 survivors=7
SHIFT 1953128 survivors=6
SHIFT 1953134 survivors=5
SHIFT 1953152 survivors=3
SHIFT 1953206 survivors=3
SHIFT 1953368 survivors=3
SHIFT 1953854 survivors=3
SHIFT 1955312 survivors=3
SHIFT 1959686 survivors=3
SHIFT 1972808 survivors=3
SHIFT 1984948 survivors=2
SHIFT 2012174 survivors=2
SHIFT 2130272 survivors=2
SHIFT 2484566 survivors=2
SHIFT 3547448 survivors=2
SHIFT 4782970 survivors=2
SHIFT 4782974 survivors=2
SHIFT 4782994 survivors=2
SHIFT 4783094 survivors=2
SHIFT 4783594 survivors=2
SHIFT 4786094 survivors=2
SHIFT 4798594 survivors=2
SHIFT 4861094 survivors=2
SHIFT 5173594 survivors=2
SHIFT 6736094 survivors=2
SHIFT 9765626 survivors=2
SHIFT 9765628 survivors=2
SHIFT 9765634 survivors=2
SHIFT 9765652 survivors=1
SHIFT 9765706 survivors=1
SHIFT 9765868 survivors=1
SHIFT 9766354 survivors=0
integers_tested=10000000
admissible_pair_count_at_high=407
distinct_shift_count_at_high=406
shifts_processed_before_termination=156
candidate_count=0
elapsed_seconds=23.2641
EXACT_EMPTY
