SHIFT 2 survivors=8494156
SHIFT 4 survivors=7091637
SHIFT 6 survivors=5924371
SHIFT 8 survivors=4871651
SHIFT 10 survivors=4058222
SHIFT 14 survivors=3432661
SHIFT 26 survivors=3007139
SHIFT 28 survivors=2420603
SHIFT 32 survivors=1973460
SHIFT 34 survivors=1685076
SHIFT 52 survivors=1392884
SHIFT 82 survivors=1216470
SHIFT 86 survivors=1048417
SHIFT 106 survivors=944062
SHIFT 126 survivors=808532
SHIFT 128 survivors=628004
SHIFT 134 survivors=563579
SHIFT 152 survivors=450084
SHIFT 206 survivors=412042
SHIFT 244 survivors=330347
SHIFT 248 survivors=274504
SHIFT 268 survivors=224021
SHIFT 368 survivors=194115
SHIFT 626 survivors=172425
SHIFT 628 survivors=146996
SHIFT 634 survivors=123745
SHIFT 652 survivors=102693
SHIFT 706 survivors=89798
SHIFT 730 survivors=79535
SHIFT 734 survivors=72200
SHIFT 754 survivors=65964
SHIFT 854 survivors=61133
SHIFT 868 survivors=52427
SHIFT 1354 survivors=48292
SHIFT 2188 survivors=40913
SHIFT 2192 survivors=33903
SHIFT 2212 survivors=30680
SHIFT 2312 survivors=26588
SHIFT 2812 survivors=23556
SHIFT 3126 survivors=18732
SHIFT 3128 survivors=16079
SHIFT 3134 survivors=13828
SHIFT 3152 survivors=11379
SHIFT 3206 survivors=10171
SHIFT 3368 survivors=8786
SHIFT 3854 survivors=7884
SHIFT 5312 survivors=7027
SHIFT 6562 survivors=6293
SHIFT 6566 survivors=5783
SHIFT 6586 survivors=5189
SHIFT 6686 survivors=4681
SHIFT 7186 survivors=4221
SHIFT 9686 survivors=3935
SHIFT 15626 survivors=3518
SHIFT 15628 survivors=3027
SHIFT 15634 survivors=2809
SHIFT 15652 survivors=2490
SHIFT 15706 survivors=2236
SHIFT 15868 survivors=1929
SHIFT 16354 survivors=1728
SHIFT 17812 survivors=1547
SHIFT 19684 survivors=1456
SHIFT 19688 survivors=1301
SHIFT 19708 survivors=1183
SHIFT 19808 survivors=1052
SHIFT 20308 survivors=991
SHIFT 22186 survivors=888
SHIFT 22808 survivors=819
SHIFT 35308 survivors=776
SHIFT 59050 survivors=694
SHIFT 59054 survivors=623
SHIFT 59074 survivors=569
SHIFT 59174 survivors=518
SHIFT 59674 survivors=470
SHIFT 62174 survivors=446
SHIFT 74674 survivors=405
SHIFT 78126 survivors=316
SHIFT 78128 survivors=274
SHIFT 78134 survivors=248
SHIFT 78152 survivors=213
SHIFT 78206 survivors=191
SHIFT 78368 survivors=161
SHIFT 78854 survivors=151
SHIFT 80312 survivors=145
SHIFT 84686 survivors=138
SHIFT 97808 survivors=127
SHIFT 137174 survivors=119
SHIFT 177148 survivors=112
SHIFT 177152 survivors=105
SHIFT 177172 survivors=100
SHIFT 177272 survivors=94
SHIFT 177772 survivors=88
SHIFT 180272 survivors=83
SHIFT 192772 survivors=81
SHIFT 255272 survivors=80
SHIFT 390626 survivors=74
SHIFT 390628 survivors=73
SHIFT 390634 survivors=54
SHIFT 390652 survivors=51
SHIFT 390706 survivors=43
SHIFT 390868 survivors=40
SHIFT 391354 survivors=31
SHIFT 392812 survivors=30
SHIFT 397186 survivors=25
SHIFT 410308 survivors=25
SHIFT 449674 survivors=23
SHIFT 531442 survivors=21
SHIFT 531446 survivors=18
SHIFT 531466 survivors=16
SHIFT 531566 survivors=15
SHIFT 532066 survivors=14
SHIFT 534566 survivors=12
SHIFT 547066 survivors=8
SHIFT 567772 survivors=8
SHIFT 609566 survivors=8
SHIFT 922066 survivors=7
SHIFT 1594324 survivors=6
SHIFT 1594328 survivors=6
SHIFT 1594348 survivors=6
SHIFT 1594448 survivors=6
SHIFT 1594948 survivors=5
SHIFT 1597448 survivors=5
SHIFT 1609948 survivors=5
SHIFT 1672448 survivors=5
SHIFT 1953126 survivors=3
SHIFT 1953128 survivors=3
SHIFT 1953134 survivors=3
SHIFT 1953152 survivors=3
SHIFT 1953206 survivors=2
SHIFT 1953368 survivors=1
SHIFT 1953854 survivors=0
integers_tested=10000000
admissible_pair_count_at_high=407
distinct_shift_count_at_high=406
shifts_processed_before_termination=131
candidate_count=0
elapsed_seconds=17.0366
EXACT_EMPTY
