?? .venv/
?? AGENTS.md
?? NEXT_TASK.md
?? logs/audit_takeover_20260713/
?? logs/boundary_hardening_20260713/
?? logs/tn_pilot_20260713/
?? reproduce_audit_20260713/
?? src/__pycache__/aggregate_direct_components.cpython-312.pyc
?? src/__pycache__/aggregate_factor_chunks.cpython-312.pyc
?? src/__pycache__/aggregate_twosquares_dual.cpython-312.pyc
?? src/__pycache__/audit_formal_results.cpython-312.pyc
?? src/__pycache__/common.cpython-312.pyc
?? src/__pycache__/direct_scanner_provenance.cpython-312.pyc
?? src/__pycache__/prime_analysis.cpython-312.pyc
?? src/__pycache__/run_factor_chunks.cpython-312.pyc
?? src/__pycache__/run_twosquares_chunks.cpython-312.pyc
?? src/__pycache__/search_exhaustive_python.cpython-312.pyc
?? src/__pycache__/search_z3_cegis.cpython-312.pyc
?? src/__pycache__/search_z3_direct.cpython-312.pyc
?? src/__pycache__/verifier.cpython-312.pyc
?? src/__pycache__/verify_direct_outputs.cpython-312.pyc
?? tests/__pycache__/direct_boundary_property_tests.cpython-312.pyc
?? tests/__pycache__/direct_provenance_tests.cpython-312.pyc
?? tests/__pycache__/direct_small_crosscheck.cpython-312.pyc
?? tests/__pycache__/factor_small_crosscheck.cpython-312.pyc
?? tests/__pycache__/toy_tests.cpython-312.pyc
