SHIFT 2 survivors=8501341
SHIFT 4 survivors=7101983
SHIFT 6 survivors=5937216
SHIFT 8 survivors=4887649
SHIFT 10 survivors=4076076
SHIFT 14 survivors=3452412
SHIFT 26 survivors=3028345
SHIFT 28 survivors=2437508
SHIFT 32 survivors=1990323
SHIFT 34 survivors=1702545
SHIFT 52 survivors=1408286
SHIFT 82 survivors=1232359
SHIFT 86 survivors=1063487
SHIFT 106 survivors=960008
SHIFT 126 survivors=822584
SHIFT 128 survivors=638909
SHIFT 134 survivors=573917
SHIFT 152 survivors=458169
SHIFT 206 survivors=420377
SHIFT 244 survivors=336686
SHIFT 248 survivors=279756
SHIFT 268 survivors=228179
SHIFT 368 survivors=197819
SHIFT 626 survivors=176556
SHIFT 628 survivors=150676
SHIFT 634 survivors=127149
SHIFT 652 survivors=105482
SHIFT 706 survivors=92344
SHIFT 730 survivors=82108
SHIFT 734 survivors=74754
SHIFT 754 survivors=68298
SHIFT 854 survivors=63431
SHIFT 868 survivors=54398
SHIFT 1354 survivors=50221
SHIFT 2188 survivors=42466
SHIFT 2192 survivors=35167
SHIFT 2212 survivors=31825
SHIFT 2312 survivors=27440
SHIFT 2812 survivors=24232
SHIFT 3126 survivors=19296
SHIFT 3128 survivors=16488
SHIFT 3134 survivors=14154
SHIFT 3152 survivors=11710
SHIFT 3206 survivors=10481
SHIFT 3368 survivors=9131
SHIFT 3854 survivors=8211
SHIFT 5312 survivors=7329
SHIFT 6562 survivors=6569
SHIFT 6566 survivors=6037
SHIFT 6586 survivors=5458
SHIFT 6686 survivors=4974
SHIFT 7186 survivors=4514
SHIFT 9686 survivors=4200
SHIFT 15626 survivors=3742
SHIFT 15628 survivors=3205
SHIFT 15634 survivors=2963
SHIFT 15652 survivors=2582
SHIFT 15706 survivors=2344
SHIFT 15868 survivors=2030
SHIFT 16354 survivors=1812
SHIFT 17812 survivors=1629
SHIFT 19684 survivors=1520
SHIFT 19688 survivors=1328
SHIFT 19708 survivors=1191
SHIFT 19808 survivors=1054
SHIFT 20308 survivors=993
SHIFT 22186 survivors=883
SHIFT 22808 survivors=825
SHIFT 35308 survivors=780
SHIFT 59050 survivors=701
SHIFT 59054 survivors=628
SHIFT 59074 survivors=561
SHIFT 59174 survivors=517
SHIFT 59674 survivors=461
SHIFT 62174 survivors=436
SHIFT 74674 survivors=393
SHIFT 78126 survivors=306
SHIFT 78128 survivors=266
SHIFT 78134 survivors=240
SHIFT 78152 survivors=207
SHIFT 78206 survivors=180
SHIFT 78368 survivors=154
SHIFT 78854 survivors=151
SHIFT 80312 survivors=135
SHIFT 84686 survivors=130
SHIFT 97808 survivors=125
SHIFT 137174 survivors=117
SHIFT 177148 survivors=109
SHIFT 177152 survivors=107
SHIFT 177172 survivors=98
SHIFT 177272 survivors=93
SHIFT 177772 survivors=91
SHIFT 180272 survivors=85
SHIFT 192772 survivors=83
SHIFT 255272 survivors=77
SHIFT 390626 survivors=71
SHIFT 390628 survivors=69
SHIFT 390634 survivors=60
SHIFT 390652 survivors=51
SHIFT 390706 survivors=35
SHIFT 390868 survivors=32
SHIFT 391354 survivors=29
SHIFT 392812 survivors=28
SHIFT 397186 survivors=21
SHIFT 410308 survivors=21
SHIFT 449674 survivors=17
SHIFT 531442 survivors=16
SHIFT 531446 survivors=15
SHIFT 531466 survivors=14
SHIFT 531566 survivors=13
SHIFT 532066 survivors=10
SHIFT 534566 survivors=10
SHIFT 547066 survivors=9
SHIFT 567772 survivors=9
SHIFT 609566 survivors=9
SHIFT 922066 survivors=9
SHIFT 1594324 survivors=9
SHIFT 1594328 survivors=9
SHIFT 1594348 survivors=9
SHIFT 1594448 survivors=9
SHIFT 1594948 survivors=9
SHIFT 1597448 survivors=8
SHIFT 1609948 survivors=8
SHIFT 1672448 survivors=7
SHIFT 1953126 survivors=6
SHIFT 1953128 survivors=5
SHIFT 1953134 survivors=4
SHIFT 1953152 survivors=4
SHIFT 1953206 survivors=2
SHIFT 1953368 survivors=2
SHIFT 1953854 survivors=2
SHIFT 1955312 survivors=2
SHIFT 1959686 survivors=2
SHIFT 1972808 survivors=1
SHIFT 1984948 survivors=1
SHIFT 2012174 survivors=1
SHIFT 2130272 survivors=1
SHIFT 2484566 survivors=1
SHIFT 3547448 survivors=1
SHIFT 4782970 survivors=1
SHIFT 4782974 survivors=1
SHIFT 4782994 survivors=1
SHIFT 4783094 survivors=1
SHIFT 4783594 survivors=1
SHIFT 4786094 survivors=1
SHIFT 4798594 survivors=1
SHIFT 4861094 survivors=1
SHIFT 5173594 survivors=1
SHIFT 6736094 survivors=1
SHIFT 9765626 survivors=0
integers_tested=10000000
admissible_pair_count_at_high=407
distinct_shift_count_at_high=406
shifts_processed_before_termination=150
candidate_count=0
elapsed_seconds=17.6853
EXACT_EMPTY
