SHIFT 2 survivors=8501113
SHIFT 4 survivors=7101765
SHIFT 6 survivors=5937006
SHIFT 8 survivors=4887348
SHIFT 10 survivors=4075888
SHIFT 14 survivors=3451896
SHIFT 26 survivors=3026481
SHIFT 28 survivors=2434813
SHIFT 32 survivors=1987277
SHIFT 34 survivors=1699441
SHIFT 52 survivors=1404349
SHIFT 82 survivors=1228806
SHIFT 86 survivors=1060704
SHIFT 106 survivors=957063
SHIFT 126 survivors=819471
SHIFT 128 survivors=635774
SHIFT 134 survivors=571150
SHIFT 152 survivors=455850
SHIFT 206 survivors=418114
SHIFT 244 survivors=334647
SHIFT 248 survivors=277919
SHIFT 268 survivors=226252
SHIFT 368 survivors=195847
SHIFT 626 survivors=174425
SHIFT 628 survivors=148486
SHIFT 634 survivors=125353
SHIFT 652 survivors=103979
SHIFT 706 survivors=90980
SHIFT 730 survivors=80740
SHIFT 734 survivors=73495
SHIFT 754 survivors=67128
SHIFT 854 survivors=62337
SHIFT 868 survivors=53439
SHIFT 1354 survivors=49438
SHIFT 2188 survivors=41775
SHIFT 2192 survivors=34664
SHIFT 2212 survivors=31503
SHIFT 2312 survivors=27205
SHIFT 2812 survivors=23954
SHIFT 3126 survivors=19127
SHIFT 3128 survivors=16393
SHIFT 3134 survivors=14200
SHIFT 3152 survivors=11698
SHIFT 3206 survivors=10471
SHIFT 3368 survivors=9070
SHIFT 3854 survivors=8175
SHIFT 5312 survivors=7294
SHIFT 6562 survivors=6502
SHIFT 6566 survivors=6021
SHIFT 6586 survivors=5416
SHIFT 6686 survivors=4943
SHIFT 7186 survivors=4472
SHIFT 9686 survivors=4157
SHIFT 15626 survivors=3723
SHIFT 15628 survivors=3155
SHIFT 15634 survivors=2923
SHIFT 15652 survivors=2566
SHIFT 15706 survivors=2307
SHIFT 15868 survivors=2043
SHIFT 16354 survivors=1841
SHIFT 17812 survivors=1665
SHIFT 19684 survivors=1574
SHIFT 19688 survivors=1391
SHIFT 19708 survivors=1235
SHIFT 19808 survivors=1107
SHIFT 20308 survivors=1032
SHIFT 22186 survivors=928
SHIFT 22808 survivors=844
SHIFT 35308 survivors=805
SHIFT 59050 survivors=716
SHIFT 59054 survivors=645
SHIFT 59074 survivors=579
SHIFT 59174 survivors=522
SHIFT 59674 survivors=475
SHIFT 62174 survivors=432
SHIFT 74674 survivors=394
SHIFT 78126 survivors=317
SHIFT 78128 survivors=267
SHIFT 78134 survivors=244
SHIFT 78152 survivors=215
SHIFT 78206 survivors=196
SHIFT 78368 survivors=167
SHIFT 78854 survivors=158
SHIFT 80312 survivors=148
SHIFT 84686 survivors=137
SHIFT 97808 survivors=133
SHIFT 137174 survivors=125
SHIFT 177148 survivors=116
SHIFT 177152 survivors=111
SHIFT 177172 survivors=99
SHIFT 177272 survivors=97
SHIFT 177772 survivors=93
SHIFT 180272 survivors=88
SHIFT 192772 survivors=86
SHIFT 255272 survivors=83
SHIFT 390626 survivors=79
SHIFT 390628 survivors=79
SHIFT 390634 survivors=70
SHIFT 390652 survivors=64
SHIFT 390706 survivors=57
SHIFT 390868 survivors=52
SHIFT 391354 survivors=48
SHIFT 392812 survivors=46
SHIFT 397186 survivors=41
SHIFT 410308 survivors=40
SHIFT 449674 survivors=33
SHIFT 531442 survivors=31
SHIFT 531446 survivors=27
SHIFT 531466 survivors=24
SHIFT 531566 survivors=22
SHIFT 532066 survivors=20
SHIFT 534566 survivors=17
SHIFT 547066 survivors=10
SHIFT 567772 survivors=10
SHIFT 609566 survivors=10
SHIFT 922066 survivors=10
SHIFT 1594324 survivors=9
SHIFT 1594328 survivors=9
SHIFT 1594348 survivors=9
SHIFT 1594448 survivors=8
SHIFT 1594948 survivors=8
SHIFT 1597448 survivors=8
SHIFT 1609948 survivors=8
SHIFT 1672448 survivors=8
SHIFT 1953126 survivors=7
SHIFT 1953128 survivors=6
SHIFT 1953134 survivors=5
SHIFT 1953152 survivors=3
SHIFT 1953206 survivors=3
SHIFT 1953368 survivors=3
SHIFT 1953854 survivors=3
SHIFT 1955312 survivors=3
SHIFT 1959686 survivors=3
SHIFT 1972808 survivors=3
SHIFT 1984948 survivors=2
SHIFT 2012174 survivors=2
SHIFT 2130272 survivors=2
SHIFT 2484566 survivors=2
SHIFT 3547448 survivors=2
SHIFT 4782970 survivors=2
SHIFT 4782974 survivors=2
SHIFT 4782994 survivors=2
SHIFT 4783094 survivors=2
SHIFT 4783594 survivors=2
SHIFT 4786094 survivors=2
SHIFT 4798594 survivors=2
SHIFT 4861094 survivors=2
SHIFT 5173594 survivors=2
SHIFT 6736094 survivors=2
SHIFT 9765626 survivors=2
SHIFT 9765628 survivors=2
SHIFT 9765634 survivors=2
SHIFT 9765652 survivors=1
SHIFT 9765706 survivors=1
SHIFT 9765868 survivors=1
SHIFT 9766354 survivors=0
integers_tested=10000000
admissible_pair_count_at_high=407
distinct_shift_count_at_high=406
shifts_processed_before_termination=156
candidate_count=0
elapsed_seconds=18.1876
EXACT_EMPTY
