SHIFT 2 survivors=8501541
SHIFT 4 survivors=7102464
SHIFT 6 survivors=5937459
SHIFT 8 survivors=4887629
SHIFT 10 survivors=4076273
SHIFT 14 survivors=3452449
SHIFT 26 survivors=3027956
SHIFT 28 survivors=2437355
SHIFT 32 survivors=1989982
SHIFT 34 survivors=1702586
SHIFT 52 survivors=1408102
SHIFT 82 survivors=1232310
SHIFT 86 survivors=1063600
SHIFT 106 survivors=959458
SHIFT 126 survivors=822244
SHIFT 128 survivors=638793
SHIFT 134 survivors=574113
SHIFT 152 survivors=458164
SHIFT 206 survivors=420048
SHIFT 244 survivors=336113
SHIFT 248 survivors=278925
SHIFT 268 survivors=227735
SHIFT 368 survivors=197166
SHIFT 626 survivors=175576
SHIFT 628 survivors=149634
SHIFT 634 survivors=126039
SHIFT 652 survivors=104560
SHIFT 706 survivors=91442
SHIFT 730 survivors=81058
SHIFT 734 survivors=73559
SHIFT 754 survivors=67180
SHIFT 854 survivors=62301
SHIFT 868 survivors=53324
SHIFT 1354 survivors=49142
SHIFT 2188 survivors=41672
SHIFT 2192 survivors=34421
SHIFT 2212 survivors=31243
SHIFT 2312 survivors=26953
SHIFT 2812 survivors=23795
SHIFT 3126 survivors=18914
SHIFT 3128 survivors=16288
SHIFT 3134 survivors=14097
SHIFT 3152 survivors=11639
SHIFT 3206 survivors=10393
SHIFT 3368 survivors=8998
SHIFT 3854 survivors=8075
SHIFT 5312 survivors=7212
SHIFT 6562 survivors=6471
SHIFT 6566 survivors=5998
SHIFT 6586 survivors=5413
SHIFT 6686 survivors=4932
SHIFT 7186 survivors=4450
SHIFT 9686 survivors=4166
SHIFT 15626 survivors=3714
SHIFT 15628 survivors=3166
SHIFT 15634 survivors=2906
SHIFT 15652 survivors=2534
SHIFT 15706 survivors=2260
SHIFT 15868 survivors=1952
SHIFT 16354 survivors=1745
SHIFT 17812 survivors=1564
SHIFT 19684 survivors=1467
SHIFT 19688 survivors=1299
SHIFT 19708 survivors=1186
SHIFT 19808 survivors=1044
SHIFT 20308 survivors=991
SHIFT 22186 survivors=877
SHIFT 22808 survivors=829
SHIFT 35308 survivors=780
SHIFT 59050 survivors=701
SHIFT 59054 survivors=631
SHIFT 59074 survivors=559
SHIFT 59174 survivors=517
SHIFT 59674 survivors=453
SHIFT 62174 survivors=418
SHIFT 74674 survivors=383
SHIFT 78126 survivors=310
SHIFT 78128 survivors=262
SHIFT 78134 survivors=247
SHIFT 78152 survivors=219
SHIFT 78206 survivors=197
SHIFT 78368 survivors=178
SHIFT 78854 survivors=170
SHIFT 80312 survivors=164
SHIFT 84686 survivors=160
SHIFT 97808 survivors=149
SHIFT 137174 survivors=145
SHIFT 177148 survivors=138
SHIFT 177152 survivors=130
SHIFT 177172 survivors=124
SHIFT 177272 survivors=120
SHIFT 177772 survivors=113
SHIFT 180272 survivors=110
SHIFT 192772 survivors=103
SHIFT 255272 survivors=100
SHIFT 390626 survivors=91
SHIFT 390628 survivors=88
SHIFT 390634 survivors=78
SHIFT 390652 survivors=69
SHIFT 390706 survivors=58
SHIFT 390868 survivors=55
SHIFT 391354 survivors=40
SHIFT 392812 survivors=39
SHIFT 397186 survivors=33
SHIFT 410308 survivors=31
SHIFT 449674 survivors=27
SHIFT 531442 survivors=23
SHIFT 531446 survivors=18
SHIFT 531466 survivors=15
SHIFT 531566 survivors=15
SHIFT 532066 survivors=15
SHIFT 534566 survivors=11
SHIFT 547066 survivors=10
SHIFT 567772 survivors=9
SHIFT 609566 survivors=9
SHIFT 922066 survivors=8
SHIFT 1594324 survivors=8
SHIFT 1594328 survivors=8
SHIFT 1594348 survivors=8
SHIFT 1594448 survivors=7
SHIFT 1594948 survivors=7
SHIFT 1597448 survivors=7
SHIFT 1609948 survivors=6
SHIFT 1672448 survivors=5
SHIFT 1953126 survivors=5
SHIFT 1953128 survivors=5
SHIFT 1953134 survivors=5
SHIFT 1953152 survivors=5
SHIFT 1953206 survivors=4
SHIFT 1953368 survivors=4
SHIFT 1953854 survivors=2
SHIFT 1955312 survivors=1
SHIFT 1959686 survivors=1
SHIFT 1972808 survivors=1
SHIFT 1984948 survivors=1
SHIFT 2012174 survivors=1
SHIFT 2130272 survivors=1
SHIFT 2484566 survivors=1
SHIFT 3547448 survivors=1
SHIFT 4782970 survivors=1
SHIFT 4782974 survivors=1
SHIFT 4782994 survivors=1
SHIFT 4783094 survivors=1
SHIFT 4783594 survivors=1
SHIFT 4786094 survivors=1
SHIFT 4798594 survivors=1
SHIFT 4861094 survivors=1
SHIFT 5173594 survivors=0
integers_tested=10000000
admissible_pair_count_at_high=407
distinct_shift_count_at_high=406
shifts_processed_before_termination=148
candidate_count=0
elapsed_seconds=18.4201
EXACT_EMPTY
