p 3 opts 9 max 143
p 7 opts 49 max 62
p 11 opts 75 max 55
p 19 opts 275 max 26
p 23 opts 314 max 22
p 31 opts 389 max 17
p 43 opts 417 max 12
p 47 opts 417 max 12
p 59 opts 443 max 10
p 67 opts 461 max 18
p 71 opts 457 max 14
p 79 opts 473 max 9
p 83 opts 476 max 10
p 103 opts 498 max 10
p 107 opts 503 max 9
p 127 opts 512 max 7
p 131 opts 508 max 7
p 139 opts 517 max 7
p 151 opts 523 max 7
p 163 opts 524 max 6
step 1 p 3 t 2 gain 143 left 264
step 2 p 7 t 7 gain 42 left 222
step 3 p 11 t 50 gain 34 left 188
step 4 p 19 t 33 gain 14 left 174
step 5 p 23 t 120 gain 11 left 163
step 6 p 31 t 35 gain 11 left 152
step 7 p 71 t 11 gain 9 left 143
step 8 p 103 t 35 gain 8 left 135
step 9 p 43 t 23 gain 6 left 129
step 10 p 47 t 35 gain 6 left 123
step 11 p 59 t 7 gain 5 left 118
step 12 p 79 t 58 gain 5 left 113
step 13 p 83 t 19 gain 5 left 108
step 14 p 67 t 69 gain 4 left 104
step 15 p 127 t 13 gain 4 left 100
step 16 p 151 t 74 gain 4 left 96
step 17 p 107 t 113 gain 3 left 93
step 18 p 131 t 145 gain 3 left 90
step 19 p 139 t 20 gain 3 left 87
step 20 p 163 t 49 gain 3 left 84
step 21 p 179 t 101 gain 3 left 81
step 22 p 211 t 181 gain 3 left 78
step 23 p 223 t 21 gain 3 left 75
step 24 p 227 t 184 gain 3 left 72
step 25 p 251 t 285 gain 3 left 69
step 26 p 263 t 182 gain 3 left 66
step 27 p 271 t 111 gain 3 left 63
step 28 p 347 t 245 gain 3 left 60
step 29 p 383 t 251 gain 3 left 57
step 30 p 547 t 25 gain 3 left 54
step 31 p 2851 t 2849 gain 3 left 51
step 32 p 3847 t 4577 gain 3 left 48
step 33 p 167 t 173 gain 2 left 46
step 34 p 191 t 55 gain 2 left 44
step 35 p 199 t 139 gain 2 left 42
step 36 p 239 t 198 gain 2 left 40
step 37 p 283 t 369 gain 2 left 38
step 38 p 307 t 92 gain 2 left 36
step 39 p 311 t 39 gain 2 left 34
step 40 p 331 t 437 gain 2 left 32
step 41 p 379 t 94 gain 2 left 30
step 42 p 439 t 282 gain 2 left 28
step 43 p 463 t 99 gain 2 left 26
step 44 p 467 t 25 gain 2 left 24
step 45 p 499 t 267 gain 2 left 22
step 46 p 691 t 92 gain 2 left 20
step 47 p 739 t 19 gain 2 left 18
step 48 p 859 t 620 gain 2 left 16
step 49 p 887 t 168 gain 2 left 14
step 50 p 947 t 1075 gain 2 left 12
step 51 p 1019 t 290 gain 2 left 10
step 52 p 1499 t 809 gain 2 left 8
step 53 p 2179 t 649 gain 2 left 6
step 54 p 4127 t 2930 gain 2 left 4
step 55 p 359 t 369 gain 1 left 3
step 56 p 367 t 347 gain 1 left 2
step 57 p 419 t 115 gain 1 left 1
step 58 p 431 t 214 gain 1 left 0
covered True chosen 58 left 0
CRT digits 271 M digits 272
x 4881696866508488092612824273930901206285077978722704194109816998679773912745223654264682603388113046968816544849108282580431438989632814059212851190579249101006606333200002936727272579597989893972985091021544199297536996946462864952802321996694176470953365580500062014132
M 34105437943846926991709567868735426054185684331670632258372078578567947844923553266718350157202153454621417373055256157893428478564470707991559583127376776083836476962572294911630099305390532585883541464522988708372820452290258693706679506121186914942586859428976206614529
self pairs dims 568 388 distinct 220382 bad 72306 first [282429536506, 282429537106, 282429539606, 282439302106, 282478364606, 282673677106, 435017427106, 762939453126, 762939453134, 762939453152, 762939459686, 762941047448, 762953802032, 763068593288, 763326873614, 764101714592, 766426237526, 847288610068, 847288612568, 847298375068]
