	Command being timed: "env PYTHON=/mnt/data/a303656_venv/bin/python3 SKIP_STAGE0=1 LEVEL=quick JOBS=5 REPRO_DIR=/tmp/a303656_repro_quick_final2 bash run_reproduce.sh"
	User time (seconds): 55.32
	System time (seconds): 6.21
	Percent of CPU this job got: 253%
	Elapsed (wall clock) time (h:mm:ss or m:ss): 0:24.30
	Average shared text size (kbytes): 0
	Average unshared data size (kbytes): 0
	Average stack size (kbytes): 0
	Average total size (kbytes): 0
	Maximum resident set size (kbytes): 191468
	Average resident set size (kbytes): 0
	Major (requiring I/O) page faults: 0
	Minor (reclaiming a frame) page faults: 0
	Voluntary context switches: 320
	Involuntary context switches: 0
	Swaps: 0
	File system inputs: 0
	File system outputs: 0
	Socket messages sent: 0
	Socket messages received: 0
	Signals delivered: 0
	Page size (bytes): 4096
	Exit status: 0
