SHIFT 2 survivors=8500934
SHIFT 4 survivors=7101162
SHIFT 6 survivors=5935800
SHIFT 8 survivors=4885536
SHIFT 10 survivors=4073597
SHIFT 14 survivors=3449627
SHIFT 26 survivors=3025239
SHIFT 28 survivors=2434607
SHIFT 32 survivors=1987135
SHIFT 34 survivors=1699026
SHIFT 52 survivors=1404763
SHIFT 82 survivors=1229356
SHIFT 86 survivors=1061131
SHIFT 106 survivors=957781
SHIFT 126 survivors=819758
SHIFT 128 survivors=636340
SHIFT 134 survivors=572146
SHIFT 152 survivors=456741
SHIFT 206 survivors=419063
SHIFT 244 survivors=335489
SHIFT 248 survivors=278485
SHIFT 268 survivors=226689
SHIFT 368 survivors=196299
SHIFT 626 survivors=174651
SHIFT 628 survivors=149179
SHIFT 634 survivors=125772
SHIFT 652 survivors=104125
SHIFT 706 survivors=91052
SHIFT 730 survivors=80858
SHIFT 734 survivors=73550
SHIFT 754 survivors=67196
SHIFT 854 survivors=62259
SHIFT 868 survivors=53230
SHIFT 1354 survivors=49327
SHIFT 2188 survivors=41855
SHIFT 2192 survivors=34581
SHIFT 2212 survivors=31337
SHIFT 2312 survivors=27006
SHIFT 2812 survivors=23913
SHIFT 3126 survivors=19070
SHIFT 3128 survivors=16254
SHIFT 3134 survivors=14017
SHIFT 3152 survivors=11500
SHIFT 3206 survivors=10305
SHIFT 3368 survivors=8958
SHIFT 3854 survivors=8048
SHIFT 5312 survivors=7169
SHIFT 6562 survivors=6452
SHIFT 6566 survivors=5990
SHIFT 6586 survivors=5395
SHIFT 6686 survivors=4919
SHIFT 7186 survivors=4477
SHIFT 9686 survivors=4152
SHIFT 15626 survivors=3729
SHIFT 15628 survivors=3183
SHIFT 15634 survivors=2965
SHIFT 15652 survivors=2566
SHIFT 15706 survivors=2329
SHIFT 15868 survivors=2032
SHIFT 16354 survivors=1831
SHIFT 17812 survivors=1640
SHIFT 19684 survivors=1551
SHIFT 19688 survivors=1370
SHIFT 19708 survivors=1261
SHIFT 19808 survivors=1108
SHIFT 20308 survivors=1034
SHIFT 22186 survivors=938
SHIFT 22808 survivors=879
SHIFT 35308 survivors=837
SHIFT 59050 survivors=744
SHIFT 59054 survivors=666
SHIFT 59074 survivors=582
SHIFT 59174 survivors=531
SHIFT 59674 survivors=482
SHIFT 62174 survivors=450
SHIFT 74674 survivors=414
SHIFT 78126 survivors=333
SHIFT 78128 survivors=297
SHIFT 78134 survivors=272
SHIFT 78152 survivors=232
SHIFT 78206 survivors=208
SHIFT 78368 survivors=178
SHIFT 78854 survivors=168
SHIFT 80312 survivors=151
SHIFT 84686 survivors=143
SHIFT 97808 survivors=134
SHIFT 137174 survivors=126
SHIFT 177148 survivors=115
SHIFT 177152 survivors=108
SHIFT 177172 survivors=101
SHIFT 177272 survivors=95
SHIFT 177772 survivors=87
SHIFT 180272 survivors=85
SHIFT 192772 survivors=82
SHIFT 255272 survivors=79
SHIFT 390626 survivors=71
SHIFT 390628 survivors=69
SHIFT 390634 survivors=58
SHIFT 390652 survivors=50
SHIFT 390706 survivors=41
SHIFT 390868 survivors=40
SHIFT 391354 survivors=34
SHIFT 392812 survivors=33
SHIFT 397186 survivors=27
SHIFT 410308 survivors=24
SHIFT 449674 survivors=17
SHIFT 531442 survivors=13
SHIFT 531446 survivors=9
SHIFT 531466 survivors=7
SHIFT 531566 survivors=7
SHIFT 532066 survivors=6
SHIFT 534566 survivors=6
SHIFT 547066 survivors=5
SHIFT 567772 survivors=5
SHIFT 609566 survivors=4
SHIFT 922066 survivors=4
SHIFT 1594324 survivors=3
SHIFT 1594328 survivors=2
SHIFT 1594348 survivors=2
SHIFT 1594448 survivors=2
SHIFT 1594948 survivors=2
SHIFT 1597448 survivors=2
SHIFT 1609948 survivors=2
SHIFT 1672448 survivors=2
SHIFT 1953126 survivors=2
SHIFT 1953128 survivors=2
SHIFT 1953134 survivors=2
SHIFT 1953152 survivors=2
SHIFT 1953206 survivors=2
SHIFT 1953368 survivors=2
SHIFT 1953854 survivors=2
SHIFT 1955312 survivors=2
SHIFT 1959686 survivors=1
SHIFT 1972808 survivors=1
SHIFT 1984948 survivors=1
SHIFT 2012174 survivors=1
SHIFT 2130272 survivors=1
SHIFT 2484566 survivors=1
SHIFT 3547448 survivors=1
SHIFT 4782970 survivors=1
SHIFT 4782974 survivors=1
SHIFT 4782994 survivors=1
SHIFT 4783094 survivors=1
SHIFT 4783594 survivors=1
SHIFT 4786094 survivors=1
SHIFT 4798594 survivors=1
SHIFT 4861094 survivors=1
SHIFT 5173594 survivors=1
SHIFT 6736094 survivors=1
SHIFT 9765626 survivors=1
SHIFT 9765628 survivors=1
SHIFT 9765634 survivors=1
SHIFT 9765652 survivors=1
SHIFT 9765706 survivors=1
SHIFT 9765868 survivors=1
SHIFT 9766354 survivors=1
SHIFT 9767812 survivors=1
SHIFT 9772186 survivors=1
SHIFT 9785308 survivors=0
integers_tested=10000000
admissible_pair_count_at_high=407
distinct_shift_count_at_high=406
shifts_processed_before_termination=159
candidate_count=0
elapsed_seconds=21.8681
EXACT_EMPTY
