SHIFT 2 survivors=8501695
SHIFT 4 survivors=7102612
SHIFT 6 survivors=5938313
SHIFT 8 survivors=4889057
SHIFT 10 survivors=4077681
SHIFT 14 survivors=3453943
SHIFT 26 survivors=3029434
SHIFT 28 survivors=2438554
SHIFT 32 survivors=1991345
SHIFT 34 survivors=1703149
SHIFT 52 survivors=1408284
SHIFT 82 survivors=1232065
SHIFT 86 survivors=1063096
SHIFT 106 survivors=959344
SHIFT 126 survivors=822332
SHIFT 128 survivors=639149
SHIFT 134 survivors=574308
SHIFT 152 survivors=458637
SHIFT 206 survivors=420343
SHIFT 244 survivors=337024
SHIFT 248 survivors=279948
SHIFT 268 survivors=228418
SHIFT 368 survivors=197899
SHIFT 626 survivors=176275
SHIFT 628 survivors=150276
SHIFT 634 survivors=126797
SHIFT 652 survivors=105133
SHIFT 706 survivors=91948
SHIFT 730 survivors=81696
SHIFT 734 survivors=74310
SHIFT 754 survivors=68006
SHIFT 854 survivors=63065
SHIFT 868 survivors=53913
SHIFT 1354 survivors=49918
SHIFT 2188 survivors=42312
SHIFT 2192 survivors=34837
SHIFT 2212 survivors=31567
SHIFT 2312 survivors=27201
SHIFT 2812 survivors=23981
SHIFT 3126 survivors=19032
SHIFT 3128 survivors=16270
SHIFT 3134 survivors=14065
SHIFT 3152 survivors=11610
SHIFT 3206 survivors=10320
SHIFT 3368 survivors=8933
SHIFT 3854 survivors=8041
SHIFT 5312 survivors=7168
SHIFT 6562 survivors=6415
SHIFT 6566 survivors=5913
SHIFT 6586 survivors=5282
SHIFT 6686 survivors=4839
SHIFT 7186 survivors=4412
SHIFT 9686 survivors=4112
SHIFT 15626 survivors=3715
SHIFT 15628 survivors=3147
SHIFT 15634 survivors=2897
SHIFT 15652 survivors=2517
SHIFT 15706 survivors=2251
SHIFT 15868 survivors=1976
SHIFT 16354 survivors=1782
SHIFT 17812 survivors=1599
SHIFT 19684 survivors=1526
SHIFT 19688 survivors=1361
SHIFT 19708 survivors=1239
SHIFT 19808 survivors=1079
SHIFT 20308 survivors=1034
SHIFT 22186 survivors=915
SHIFT 22808 survivors=859
SHIFT 35308 survivors=813
SHIFT 59050 survivors=735
SHIFT 59054 survivors=665
SHIFT 59074 survivors=583
SHIFT 59174 survivors=533
SHIFT 59674 survivors=479
SHIFT 62174 survivors=449
SHIFT 74674 survivors=410
SHIFT 78126 survivors=321
SHIFT 78128 survivors=281
SHIFT 78134 survivors=252
SHIFT 78152 survivors=226
SHIFT 78206 survivors=211
SHIFT 78368 survivors=188
SHIFT 78854 survivors=173
SHIFT 80312 survivors=159
SHIFT 84686 survivors=150
SHIFT 97808 survivors=139
SHIFT 137174 survivors=134
SHIFT 177148 survivors=123
SHIFT 177152 survivors=114
SHIFT 177172 survivors=107
SHIFT 177272 survivors=105
SHIFT 177772 survivors=102
SHIFT 180272 survivors=99
SHIFT 192772 survivors=91
SHIFT 255272 survivors=90
SHIFT 390626 survivors=83
SHIFT 390628 survivors=81
SHIFT 390634 survivors=66
SHIFT 390652 survivors=58
SHIFT 390706 survivors=50
SHIFT 390868 survivors=49
SHIFT 391354 survivors=40
SHIFT 392812 survivors=39
SHIFT 397186 survivors=33
SHIFT 410308 survivors=32
SHIFT 449674 survivors=23
SHIFT 531442 survivors=20
SHIFT 531446 survivors=19
SHIFT 531466 survivors=17
SHIFT 531566 survivors=16
SHIFT 532066 survivors=13
SHIFT 534566 survivors=11
SHIFT 547066 survivors=10
SHIFT 567772 survivors=9
SHIFT 609566 survivors=9
SHIFT 922066 survivors=7
SHIFT 1594324 survivors=6
SHIFT 1594328 survivors=6
SHIFT 1594348 survivors=5
SHIFT 1594448 survivors=5
SHIFT 1594948 survivors=5
SHIFT 1597448 survivors=5
SHIFT 1609948 survivors=5
SHIFT 1672448 survivors=5
SHIFT 1953126 survivors=4
SHIFT 1953128 survivors=4
SHIFT 1953134 survivors=3
SHIFT 1953152 survivors=2
SHIFT 1953206 survivors=2
SHIFT 1953368 survivors=2
SHIFT 1953854 survivors=2
SHIFT 1955312 survivors=2
SHIFT 1959686 survivors=2
SHIFT 1972808 survivors=2
SHIFT 1984948 survivors=2
SHIFT 2012174 survivors=2
SHIFT 2130272 survivors=2
SHIFT 2484566 survivors=2
SHIFT 3547448 survivors=2
SHIFT 4782970 survivors=2
SHIFT 4782974 survivors=2
SHIFT 4782994 survivors=2
SHIFT 4783094 survivors=2
SHIFT 4783594 survivors=2
SHIFT 4786094 survivors=2
SHIFT 4798594 survivors=2
SHIFT 4861094 survivors=2
SHIFT 5173594 survivors=2
SHIFT 6736094 survivors=2
SHIFT 9765626 survivors=2
SHIFT 9765628 survivors=1
SHIFT 9765634 survivors=0
integers_tested=10000000
admissible_pair_count_at_high=407
distinct_shift_count_at_high=406
shifts_processed_before_termination=152
candidate_count=0
elapsed_seconds=22.3504
EXACT_EMPTY
