SHIFT 2 survivors=8501464
SHIFT 4 survivors=7102226
SHIFT 6 survivors=5937189
SHIFT 8 survivors=4887308
SHIFT 10 survivors=4075658
SHIFT 14 survivors=3452013
SHIFT 26 survivors=3026946
SHIFT 28 survivors=2435461
SHIFT 32 survivors=1988405
SHIFT 34 survivors=1701053
SHIFT 52 survivors=1405247
SHIFT 82 survivors=1229914
SHIFT 86 survivors=1061368
SHIFT 106 survivors=957345
SHIFT 126 survivors=819865
SHIFT 128 survivors=636799
SHIFT 134 survivors=572479
SHIFT 152 survivors=457093
SHIFT 206 survivors=419067
SHIFT 244 survivors=335754
SHIFT 248 survivors=278751
SHIFT 268 survivors=227113
SHIFT 368 survivors=196786
SHIFT 626 survivors=175286
SHIFT 628 survivors=149312
SHIFT 634 survivors=125814
SHIFT 652 survivors=104275
SHIFT 706 survivors=91366
SHIFT 730 survivors=80987
SHIFT 734 survivors=73518
SHIFT 754 survivors=67217
SHIFT 854 survivors=62280
SHIFT 868 survivors=53401
SHIFT 1354 survivors=49302
SHIFT 2188 survivors=41609
SHIFT 2192 survivors=34417
SHIFT 2212 survivors=31230
SHIFT 2312 survivors=27022
SHIFT 2812 survivors=23808
SHIFT 3126 survivors=18978
SHIFT 3128 survivors=16213
SHIFT 3134 survivors=13975
SHIFT 3152 survivors=11616
SHIFT 3206 survivors=10379
SHIFT 3368 survivors=8948
SHIFT 3854 survivors=8047
SHIFT 5312 survivors=7220
SHIFT 6562 survivors=6522
SHIFT 6566 survivors=6005
SHIFT 6586 survivors=5434
SHIFT 6686 survivors=4927
SHIFT 7186 survivors=4483
SHIFT 9686 survivors=4149
SHIFT 15626 survivors=3710
SHIFT 15628 survivors=3156
SHIFT 15634 survivors=2924
SHIFT 15652 survivors=2537
SHIFT 15706 survivors=2293
SHIFT 15868 survivors=1964
SHIFT 16354 survivors=1797
SHIFT 17812 survivors=1609
SHIFT 19684 survivors=1515
SHIFT 19688 survivors=1337
SHIFT 19708 survivors=1200
SHIFT 19808 survivors=1069
SHIFT 20308 survivors=1017
SHIFT 22186 survivors=915
SHIFT 22808 survivors=853
SHIFT 35308 survivors=801
SHIFT 59050 survivors=716
SHIFT 59054 survivors=634
SHIFT 59074 survivors=575
SHIFT 59174 survivors=519
SHIFT 59674 survivors=477
SHIFT 62174 survivors=454
SHIFT 74674 survivors=416
SHIFT 78126 survivors=342
SHIFT 78128 survivors=300
SHIFT 78134 survivors=277
SHIFT 78152 survivors=245
SHIFT 78206 survivors=227
SHIFT 78368 survivors=200
SHIFT 78854 survivors=190
SHIFT 80312 survivors=174
SHIFT 84686 survivors=163
SHIFT 97808 survivors=154
SHIFT 137174 survivors=145
SHIFT 177148 survivors=134
SHIFT 177152 survivors=126
SHIFT 177172 survivors=116
SHIFT 177272 survivors=110
SHIFT 177772 survivors=109
SHIFT 180272 survivors=104
SHIFT 192772 survivors=99
SHIFT 255272 survivors=97
SHIFT 390626 survivors=91
SHIFT 390628 survivors=91
SHIFT 390634 survivors=74
SHIFT 390652 survivors=67
SHIFT 390706 survivors=57
SHIFT 390868 survivors=53
SHIFT 391354 survivors=45
SHIFT 392812 survivors=40
SHIFT 397186 survivors=34
SHIFT 410308 survivors=31
SHIFT 449674 survivors=26
SHIFT 531442 survivors=23
SHIFT 531446 survivors=20
SHIFT 531466 survivors=19
SHIFT 531566 survivors=18
SHIFT 532066 survivors=15
SHIFT 534566 survivors=14
SHIFT 547066 survivors=14
SHIFT 567772 survivors=13
SHIFT 609566 survivors=12
SHIFT 922066 survivors=12
SHIFT 1594324 survivors=11
SHIFT 1594328 survivors=10
SHIFT 1594348 survivors=10
SHIFT 1594448 survivors=10
SHIFT 1594948 survivors=10
SHIFT 1597448 survivors=10
SHIFT 1609948 survivors=9
SHIFT 1672448 survivors=9
SHIFT 1953126 survivors=6
SHIFT 1953128 survivors=6
SHIFT 1953134 survivors=6
SHIFT 1953152 survivors=4
SHIFT 1953206 survivors=3
SHIFT 1953368 survivors=3
SHIFT 1953854 survivors=3
SHIFT 1955312 survivors=3
SHIFT 1959686 survivors=3
SHIFT 1972808 survivors=3
SHIFT 1984948 survivors=3
SHIFT 2012174 survivors=3
SHIFT 2130272 survivors=2
SHIFT 2484566 survivors=2
SHIFT 3547448 survivors=2
SHIFT 4782970 survivors=2
SHIFT 4782974 survivors=2
SHIFT 4782994 survivors=2
SHIFT 4783094 survivors=2
SHIFT 4783594 survivors=2
SHIFT 4786094 survivors=2
SHIFT 4798594 survivors=2
SHIFT 4861094 survivors=2
SHIFT 5173594 survivors=2
SHIFT 6736094 survivors=2
SHIFT 9765626 survivors=2
SHIFT 9765628 survivors=2
SHIFT 9765634 survivors=2
SHIFT 9765652 survivors=2
SHIFT 9765706 survivors=2
SHIFT 9765868 survivors=2
SHIFT 9766354 survivors=1
SHIFT 9767812 survivors=1
SHIFT 9772186 survivors=1
SHIFT 9785308 survivors=0
integers_tested=10000000
admissible_pair_count_at_high=407
distinct_shift_count_at_high=406
shifts_processed_before_termination=159
candidate_count=0
elapsed_seconds=20.6995
EXACT_EMPTY
