SHIFT 2 survivors=8501361
SHIFT 4 survivors=7101879
SHIFT 6 survivors=5936773
SHIFT 8 survivors=4886581
SHIFT 10 survivors=4074465
SHIFT 14 survivors=3450390
SHIFT 26 survivors=3025470
SHIFT 28 survivors=2434471
SHIFT 32 survivors=1986909
SHIFT 34 survivors=1699073
SHIFT 52 survivors=1404458
SHIFT 82 survivors=1229699
SHIFT 86 survivors=1061360
SHIFT 106 survivors=957323
SHIFT 126 survivors=819939
SHIFT 128 survivors=636801
SHIFT 134 survivors=572430
SHIFT 152 survivors=457423
SHIFT 206 survivors=419782
SHIFT 244 survivors=336283
SHIFT 248 survivors=279159
SHIFT 268 survivors=227592
SHIFT 368 survivors=197219
SHIFT 626 survivors=175428
SHIFT 628 survivors=149639
SHIFT 634 survivors=126353
SHIFT 652 survivors=104723
SHIFT 706 survivors=91511
SHIFT 730 survivors=81076
SHIFT 734 survivors=73718
SHIFT 754 survivors=67455
SHIFT 854 survivors=62609
SHIFT 868 survivors=53536
SHIFT 1354 survivors=49510
SHIFT 2188 survivors=41959
SHIFT 2192 survivors=34485
SHIFT 2212 survivors=31350
SHIFT 2312 survivors=27058
SHIFT 2812 survivors=23893
SHIFT 3126 survivors=18996
SHIFT 3128 survivors=16313
SHIFT 3134 survivors=14138
SHIFT 3152 survivors=11679
SHIFT 3206 survivors=10449
SHIFT 3368 survivors=9069
SHIFT 3854 survivors=8169
SHIFT 5312 survivors=7297
SHIFT 6562 survivors=6551
SHIFT 6566 survivors=6020
SHIFT 6586 survivors=5440
SHIFT 6686 survivors=4962
SHIFT 7186 survivors=4487
SHIFT 9686 survivors=4148
SHIFT 15626 survivors=3712
SHIFT 15628 survivors=3177
SHIFT 15634 survivors=2939
SHIFT 15652 survivors=2579
SHIFT 15706 survivors=2336
SHIFT 15868 survivors=2014
SHIFT 16354 survivors=1803
SHIFT 17812 survivors=1607
SHIFT 19684 survivors=1514
SHIFT 19688 survivors=1347
SHIFT 19708 survivors=1204
SHIFT 19808 survivors=1067
SHIFT 20308 survivors=1016
SHIFT 22186 survivors=888
SHIFT 22808 survivors=829
SHIFT 35308 survivors=790
SHIFT 59050 survivors=714
SHIFT 59054 survivors=645
SHIFT 59074 survivors=578
SHIFT 59174 survivors=529
SHIFT 59674 survivors=477
SHIFT 62174 survivors=447
SHIFT 74674 survivors=401
SHIFT 78126 survivors=315
SHIFT 78128 survivors=276
SHIFT 78134 survivors=248
SHIFT 78152 survivors=225
SHIFT 78206 survivors=205
SHIFT 78368 survivors=182
SHIFT 78854 survivors=166
SHIFT 80312 survivors=148
SHIFT 84686 survivors=139
SHIFT 97808 survivors=131
SHIFT 137174 survivors=123
SHIFT 177148 survivors=116
SHIFT 177152 survivors=113
SHIFT 177172 survivors=106
SHIFT 177272 survivors=101
SHIFT 177772 survivors=96
SHIFT 180272 survivors=90
SHIFT 192772 survivors=87
SHIFT 255272 survivors=86
SHIFT 390626 survivors=77
SHIFT 390628 survivors=75
SHIFT 390634 survivors=62
SHIFT 390652 survivors=52
SHIFT 390706 survivors=37
SHIFT 390868 survivors=36
SHIFT 391354 survivors=28
SHIFT 392812 survivors=25
SHIFT 397186 survivors=23
SHIFT 410308 survivors=23
SHIFT 449674 survivors=19
SHIFT 531442 survivors=18
SHIFT 531446 survivors=16
SHIFT 531466 survivors=15
SHIFT 531566 survivors=15
SHIFT 532066 survivors=12
SHIFT 534566 survivors=12
SHIFT 547066 survivors=11
SHIFT 567772 survivors=10
SHIFT 609566 survivors=10
SHIFT 922066 survivors=9
SHIFT 1594324 survivors=9
SHIFT 1594328 survivors=8
SHIFT 1594348 survivors=8
SHIFT 1594448 survivors=8
SHIFT 1594948 survivors=8
SHIFT 1597448 survivors=8
SHIFT 1609948 survivors=8
SHIFT 1672448 survivors=8
SHIFT 1953126 survivors=5
SHIFT 1953128 survivors=4
SHIFT 1953134 survivors=4
SHIFT 1953152 survivors=4
SHIFT 1953206 survivors=4
SHIFT 1953368 survivors=4
SHIFT 1953854 survivors=3
SHIFT 1955312 survivors=3
SHIFT 1959686 survivors=3
SHIFT 1972808 survivors=3
SHIFT 1984948 survivors=3
SHIFT 2012174 survivors=3
SHIFT 2130272 survivors=3
SHIFT 2484566 survivors=3
SHIFT 3547448 survivors=3
SHIFT 4782970 survivors=3
SHIFT 4782974 survivors=2
SHIFT 4782994 survivors=2
SHIFT 4783094 survivors=2
SHIFT 4783594 survivors=1
SHIFT 4786094 survivors=1
SHIFT 4798594 survivors=1
SHIFT 4861094 survivors=1
SHIFT 5173594 survivors=1
SHIFT 6736094 survivors=1
SHIFT 9765626 survivors=1
SHIFT 9765628 survivors=1
SHIFT 9765634 survivors=1
SHIFT 9765652 survivors=1
SHIFT 9765706 survivors=1
SHIFT 9765868 survivors=1
SHIFT 9766354 survivors=1
SHIFT 9767812 survivors=0
integers_tested=10000000
admissible_pair_count_at_high=407
distinct_shift_count_at_high=406
shifts_processed_before_termination=157
candidate_count=0
elapsed_seconds=20.9206
EXACT_EMPTY
