SHIFT 2 survivors=8501280
SHIFT 4 survivors=7101860
SHIFT 6 survivors=5937088
SHIFT 8 survivors=4887376
SHIFT 10 survivors=4075718
SHIFT 14 survivors=3452046
SHIFT 26 survivors=3026762
SHIFT 28 survivors=2435269
SHIFT 32 survivors=1987557
SHIFT 34 survivors=1699892
SHIFT 52 survivors=1405179
SHIFT 82 survivors=1229662
SHIFT 86 survivors=1061226
SHIFT 106 survivors=957220
SHIFT 126 survivors=819931
SHIFT 128 survivors=636906
SHIFT 134 survivors=572338
SHIFT 152 survivors=457169
SHIFT 206 survivors=419105
SHIFT 244 survivors=335469
SHIFT 248 survivors=278923
SHIFT 268 survivors=227589
SHIFT 368 survivors=197062
SHIFT 626 survivors=175570
SHIFT 628 survivors=149511
SHIFT 634 survivors=125778
SHIFT 652 survivors=104444
SHIFT 706 survivors=91412
SHIFT 730 survivors=81077
SHIFT 734 survivors=73664
SHIFT 754 survivors=67378
SHIFT 854 survivors=62472
SHIFT 868 survivors=53410
SHIFT 1354 survivors=49280
SHIFT 2188 survivors=41788
SHIFT 2192 survivors=34488
SHIFT 2212 survivors=31321
SHIFT 2312 survivors=26945
SHIFT 2812 survivors=23801
SHIFT 3126 survivors=19005
SHIFT 3128 survivors=16263
SHIFT 3134 survivors=14043
SHIFT 3152 survivors=11633
SHIFT 3206 survivors=10456
SHIFT 3368 survivors=9068
SHIFT 3854 survivors=8125
SHIFT 5312 survivors=7298
SHIFT 6562 survivors=6549
SHIFT 6566 survivors=6024
SHIFT 6586 survivors=5414
SHIFT 6686 survivors=4912
SHIFT 7186 survivors=4475
SHIFT 9686 survivors=4143
SHIFT 15626 survivors=3722
SHIFT 15628 survivors=3182
SHIFT 15634 survivors=2923
SHIFT 15652 survivors=2519
SHIFT 15706 survivors=2256
SHIFT 15868 survivors=1973
SHIFT 16354 survivors=1759
SHIFT 17812 survivors=1574
SHIFT 19684 survivors=1484
SHIFT 19688 survivors=1324
SHIFT 19708 survivors=1194
SHIFT 19808 survivors=1060
SHIFT 20308 survivors=1002
SHIFT 22186 survivors=909
SHIFT 22808 survivors=849
SHIFT 35308 survivors=790
SHIFT 59050 survivors=708
SHIFT 59054 survivors=633
SHIFT 59074 survivors=565
SHIFT 59174 survivors=517
SHIFT 59674 survivors=474
SHIFT 62174 survivors=433
SHIFT 74674 survivors=401
SHIFT 78126 survivors=325
SHIFT 78128 survivors=288
SHIFT 78134 survivors=255
SHIFT 78152 survivors=219
SHIFT 78206 survivors=199
SHIFT 78368 survivors=175
SHIFT 78854 survivors=168
SHIFT 80312 survivors=150
SHIFT 84686 survivors=142
SHIFT 97808 survivors=132
SHIFT 137174 survivors=125
SHIFT 177148 survivors=119
SHIFT 177152 survivors=113
SHIFT 177172 survivors=107
SHIFT 177272 survivors=102
SHIFT 177772 survivors=98
SHIFT 180272 survivors=96
SHIFT 192772 survivors=91
SHIFT 255272 survivors=88
SHIFT 390626 survivors=80
SHIFT 390628 survivors=77
SHIFT 390634 survivors=66
SHIFT 390652 survivors=57
SHIFT 390706 survivors=46
SHIFT 390868 survivors=43
SHIFT 391354 survivors=31
SHIFT 392812 survivors=30
SHIFT 397186 survivors=25
SHIFT 410308 survivors=23
SHIFT 449674 survivors=15
SHIFT 531442 survivors=12
SHIFT 531446 survivors=10
SHIFT 531466 survivors=10
SHIFT 531566 survivors=9
SHIFT 532066 survivors=9
SHIFT 534566 survivors=8
SHIFT 547066 survivors=7
SHIFT 567772 survivors=7
SHIFT 609566 survivors=6
SHIFT 922066 survivors=6
SHIFT 1594324 survivors=5
SHIFT 1594328 survivors=5
SHIFT 1594348 survivors=5
SHIFT 1594448 survivors=4
SHIFT 1594948 survivors=4
SHIFT 1597448 survivors=4
SHIFT 1609948 survivors=4
SHIFT 1672448 survivors=4
SHIFT 1953126 survivors=3
SHIFT 1953128 survivors=2
SHIFT 1953134 survivors=1
SHIFT 1953152 survivors=1
SHIFT 1953206 survivors=1
SHIFT 1953368 survivors=1
SHIFT 1953854 survivors=1
SHIFT 1955312 survivors=1
SHIFT 1959686 survivors=1
SHIFT 1972808 survivors=1
SHIFT 1984948 survivors=1
SHIFT 2012174 survivors=1
SHIFT 2130272 survivors=1
SHIFT 2484566 survivors=1
SHIFT 3547448 survivors=1
SHIFT 4782970 survivors=1
SHIFT 4782974 survivors=1
SHIFT 4782994 survivors=1
SHIFT 4783094 survivors=1
SHIFT 4783594 survivors=1
SHIFT 4786094 survivors=1
SHIFT 4798594 survivors=1
SHIFT 4861094 survivors=1
SHIFT 5173594 survivors=1
SHIFT 6736094 survivors=1
SHIFT 9765626 survivors=1
SHIFT 9765628 survivors=1
SHIFT 9765634 survivors=1
SHIFT 9765652 survivors=1
SHIFT 9765706 survivors=1
SHIFT 9765868 survivors=1
SHIFT 9766354 survivors=1
SHIFT 9767812 survivors=1
SHIFT 9772186 survivors=1
SHIFT 9785308 survivors=1
SHIFT 9824674 survivors=1
SHIFT 9942772 survivors=1
SHIFT 10297066 survivors=1
SHIFT 11359948 survivors=1
SHIFT 14348908 survivors=1
SHIFT 14348912 survivors=1
SHIFT 14348932 survivors=1
SHIFT 14349032 survivors=1
SHIFT 14349532 survivors=1
SHIFT 14352032 survivors=1
SHIFT 14364532 survivors=1
SHIFT 14427032 survivors=1
SHIFT 14548594 survivors=1
SHIFT 14739532 survivors=1
SHIFT 16302032 survivors=1
SHIFT 24114532 survivors=1
SHIFT 43046722 survivors=0
integers_tested=10000000
admissible_pair_count_at_high=407
distinct_shift_count_at_high=406
shifts_processed_before_termination=176
candidate_count=0
elapsed_seconds=29.4988
EXACT_EMPTY
