SHIFT shift=2 processed=1 newly_cleared=1494149 survivors=8505851 elapsed_seconds=0.0214426
SHIFT shift=4 processed=2 newly_cleared=1395351 survivors=7110500 elapsed_seconds=0.0819841
SHIFT shift=6 processed=3 newly_cleared=1162565 survivors=5947935 elapsed_seconds=0.105089
SHIFT shift=8 processed=4 newly_cleared=1048024 survivors=4899911 elapsed_seconds=0.166013
SHIFT shift=10 processed=5 newly_cleared=811322 survivors=4088589 elapsed_seconds=0.184568
SHIFT shift=14 processed=6 newly_cleared=623765 survivors=3464824 elapsed_seconds=0.206232
SHIFT shift=26 processed=7 newly_cleared=425183 survivors=3039641 elapsed_seconds=0.284162
SHIFT shift=28 processed=8 newly_cleared=590753 survivors=2448888 elapsed_seconds=0.306812
SHIFT shift=32 processed=9 newly_cleared=448002 survivors=2000886 elapsed_seconds=0.380126
SHIFT shift=34 processed=10 newly_cleared=289017 survivors=1711869 elapsed_seconds=0.399771
SHIFT shift=52 processed=11 newly_cleared=295354 survivors=1416515 elapsed_seconds=0.471813
SHIFT shift=82 processed=12 newly_cleared=176802 survivors=1239713 elapsed_seconds=0.494821
SHIFT shift=86 processed=13 newly_cleared=169361 survivors=1070352 elapsed_seconds=0.573217
SHIFT shift=106 processed=14 newly_cleared=104565 survivors=965787 elapsed_seconds=0.593567
SHIFT shift=126 processed=15 newly_cleared=138598 survivors=827189 elapsed_seconds=0.668144
SHIFT shift=128 processed=16 newly_cleared=183769 survivors=643420 elapsed_seconds=0.688301
SHIFT shift=134 processed=17 newly_cleared=65182 survivors=578238 elapsed_seconds=0.709381
SHIFT shift=152 processed=18 newly_cleared=116172 survivors=462066 elapsed_seconds=0.783337
SHIFT shift=206 processed=19 newly_cleared=38200 survivors=423866 elapsed_seconds=0.803692
SHIFT shift=244 processed=20 newly_cleared=84386 survivors=339480 elapsed_seconds=0.872397
SHIFT shift=248 processed=21 newly_cleared=57685 survivors=281795 elapsed_seconds=0.891771
SHIFT shift=268 processed=22 newly_cleared=51783 survivors=230012 elapsed_seconds=0.911547
SHIFT shift=368 processed=23 newly_cleared=31032 survivors=198980 elapsed_seconds=0.990603
SHIFT shift=626 processed=24 newly_cleared=21592 survivors=177388 elapsed_seconds=1.01082
SHIFT shift=628 processed=25 newly_cleared=25860 survivors=151528 elapsed_seconds=1.07438
SHIFT shift=634 processed=26 newly_cleared=23656 survivors=127872 elapsed_seconds=1.09382
SHIFT shift=652 processed=27 newly_cleared=21654 survivors=106218 elapsed_seconds=1.11231
SHIFT shift=706 processed=28 newly_cleared=13056 survivors=93162 elapsed_seconds=1.17632
SHIFT shift=730 processed=29 newly_cleared=10299 survivors=82863 elapsed_seconds=1.19567
SHIFT shift=734 processed=30 newly_cleared=7525 survivors=75338 elapsed_seconds=1.2197
SHIFT shift=754 processed=31 newly_cleared=6361 survivors=68977 elapsed_seconds=1.27618
SHIFT shift=854 processed=32 newly_cleared=4890 survivors=64087 elapsed_seconds=1.2965
SHIFT shift=868 processed=33 newly_cleared=9290 survivors=54797 elapsed_seconds=1.31657
SHIFT shift=1354 processed=34 newly_cleared=4249 survivors=50548 elapsed_seconds=1.37498
SHIFT shift=2188 processed=35 newly_cleared=7656 survivors=42892 elapsed_seconds=1.39526
SHIFT shift=2192 processed=36 newly_cleared=7480 survivors=35412 elapsed_seconds=1.42862
SHIFT shift=2212 processed=37 newly_cleared=3242 survivors=32170 elapsed_seconds=1.50205
SHIFT shift=2312 processed=38 newly_cleared=4451 survivors=27719 elapsed_seconds=1.52216
SHIFT shift=2812 processed=39 newly_cleared=3230 survivors=24489 elapsed_seconds=1.58219
SHIFT shift=3126 processed=40 newly_cleared=4907 survivors=19582 elapsed_seconds=1.60352
SHIFT shift=3128 processed=41 newly_cleared=2826 survivors=16756 elapsed_seconds=1.62395
SHIFT shift=3134 processed=42 newly_cleared=2215 survivors=14541 elapsed_seconds=1.67917
SHIFT shift=3152 processed=43 newly_cleared=2507 survivors=12034 elapsed_seconds=1.70228
SHIFT shift=3206 processed=44 newly_cleared=1262 survivors=10772 elapsed_seconds=1.72452
SHIFT shift=3368 processed=45 newly_cleared=1427 survivors=9345 elapsed_seconds=1.78525
SHIFT shift=3854 processed=46 newly_cleared=992 survivors=8353 elapsed_seconds=1.8044
SHIFT shift=5312 processed=47 newly_cleared=940 survivors=7413 elapsed_seconds=1.82544
SHIFT shift=6562 processed=48 newly_cleared=755 survivors=6658 elapsed_seconds=1.88391
SHIFT shift=6566 processed=49 newly_cleared=523 survivors=6135 elapsed_seconds=1.90749
SHIFT shift=6586 processed=50 newly_cleared=640 survivors=5495 elapsed_seconds=1.92935
SHIFT shift=6686 processed=51 newly_cleared=517 survivors=4978 elapsed_seconds=1.9492
SHIFT shift=7186 processed=52 newly_cleared=432 survivors=4546 elapsed_seconds=1.97389
SHIFT shift=9686 processed=53 newly_cleared=303 survivors=4243 elapsed_seconds=2.00959
SHIFT shift=15626 processed=54 newly_cleared=438 survivors=3805 elapsed_seconds=2.04493
SHIFT shift=15628 processed=55 newly_cleared=540 survivors=3265 elapsed_seconds=2.07624
SHIFT shift=15634 processed=56 newly_cleared=236 survivors=3029 elapsed_seconds=2.0967
SHIFT shift=15652 processed=57 newly_cleared=375 survivors=2654 elapsed_seconds=2.11665
SHIFT shift=15706 processed=58 newly_cleared=250 survivors=2404 elapsed_seconds=2.16875
SHIFT shift=15868 processed=59 newly_cleared=296 survivors=2108 elapsed_seconds=2.20191
SHIFT shift=16354 processed=60 newly_cleared=210 survivors=1898 elapsed_seconds=2.27441
SHIFT shift=17812 processed=61 newly_cleared=198 survivors=1700 elapsed_seconds=2.29608
SHIFT shift=19684 processed=62 newly_cleared=103 survivors=1597 elapsed_seconds=2.31879
SHIFT shift=19688 processed=63 newly_cleared=178 survivors=1419 elapsed_seconds=2.37578
SHIFT shift=19708 processed=64 newly_cleared=139 survivors=1280 elapsed_seconds=2.41236
SHIFT shift=19808 processed=65 newly_cleared=134 survivors=1146 elapsed_seconds=2.47003
SHIFT shift=20308 processed=66 newly_cleared=65 survivors=1081 elapsed_seconds=2.49187
SHIFT shift=22186 processed=67 newly_cleared=111 survivors=970 elapsed_seconds=2.51195
SHIFT shift=22808 processed=68 newly_cleared=68 survivors=902 elapsed_seconds=2.58258
SHIFT shift=35308 processed=69 newly_cleared=43 survivors=859 elapsed_seconds=2.62072
SHIFT shift=59050 processed=70 newly_cleared=90 survivors=769 elapsed_seconds=2.67883
SHIFT shift=59054 processed=71 newly_cleared=81 survivors=688 elapsed_seconds=2.69935
SHIFT shift=59074 processed=72 newly_cleared=70 survivors=618 elapsed_seconds=2.72173
SHIFT shift=59174 processed=73 newly_cleared=52 survivors=566 elapsed_seconds=2.7745
SHIFT shift=59674 processed=74 newly_cleared=58 survivors=508 elapsed_seconds=2.7946
SHIFT shift=62174 processed=75 newly_cleared=33 survivors=475 elapsed_seconds=2.8144
SHIFT shift=74674 processed=76 newly_cleared=40 survivors=435 elapsed_seconds=2.86593
SHIFT shift=78126 processed=77 newly_cleared=100 survivors=335 elapsed_seconds=2.88663
SHIFT shift=78128 processed=78 newly_cleared=45 survivors=290 elapsed_seconds=2.92259
SHIFT shift=78134 processed=79 newly_cleared=21 survivors=269 elapsed_seconds=2.97928
SHIFT shift=78152 processed=80 newly_cleared=29 survivors=240 elapsed_seconds=3.00213
SHIFT shift=78206 processed=81 newly_cleared=21 survivors=219 elapsed_seconds=3.02192
SHIFT shift=78368 processed=82 newly_cleared=21 survivors=198 elapsed_seconds=3.07659
SHIFT shift=78854 processed=83 newly_cleared=11 survivors=187 elapsed_seconds=3.09944
SHIFT shift=80312 processed=84 newly_cleared=14 survivors=173 elapsed_seconds=3.11749
SHIFT shift=84686 processed=85 newly_cleared=4 survivors=169 elapsed_seconds=3.17736
SHIFT shift=97808 processed=86 newly_cleared=13 survivors=156 elapsed_seconds=3.19735
SHIFT shift=137174 processed=87 newly_cleared=12 survivors=144 elapsed_seconds=3.21867
SHIFT shift=177148 processed=88 newly_cleared=11 survivors=133 elapsed_seconds=3.27771
SHIFT shift=177152 processed=89 newly_cleared=11 survivors=122 elapsed_seconds=3.29766
SHIFT shift=177172 processed=90 newly_cleared=7 survivors=115 elapsed_seconds=3.31805
SHIFT shift=177272 processed=91 newly_cleared=3 survivors=112 elapsed_seconds=3.37511
SHIFT shift=177772 processed=92 newly_cleared=6 survivors=106 elapsed_seconds=3.39525
SHIFT shift=180272 processed=93 newly_cleared=6 survivors=100 elapsed_seconds=3.4159
SHIFT shift=192772 processed=94 newly_cleared=9 survivors=91 elapsed_seconds=3.47811
SHIFT shift=255272 processed=95 newly_cleared=1 survivors=90 elapsed_seconds=3.49986
SHIFT shift=390626 processed=96 newly_cleared=13 survivors=77 elapsed_seconds=3.52134
SHIFT shift=390628 processed=97 newly_cleared=0 survivors=77 elapsed_seconds=3.57461
SHIFT shift=390634 processed=98 newly_cleared=9 survivors=68 elapsed_seconds=3.59641
SHIFT shift=390652 processed=99 newly_cleared=11 survivors=57 elapsed_seconds=3.61698
SHIFT shift=390706 processed=100 newly_cleared=9 survivors=48 elapsed_seconds=3.6869
SHIFT shift=390868 processed=101 newly_cleared=2 survivors=46 elapsed_seconds=3.70872
SHIFT shift=391354 processed=102 newly_cleared=5 survivors=41 elapsed_seconds=3.77101
SHIFT shift=392812 processed=103 newly_cleared=1 survivors=40 elapsed_seconds=3.7918
SHIFT shift=397186 processed=104 newly_cleared=4 survivors=36 elapsed_seconds=3.81285
SHIFT shift=410308 processed=105 newly_cleared=3 survivors=33 elapsed_seconds=3.8766
SHIFT shift=449674 processed=106 newly_cleared=4 survivors=29 elapsed_seconds=3.90033
SHIFT shift=531442 processed=107 newly_cleared=8 survivors=21 elapsed_seconds=3.92092
SHIFT shift=531446 processed=108 newly_cleared=0 survivors=21 elapsed_seconds=3.98555
SHIFT shift=531466 processed=109 newly_cleared=3 survivors=18 elapsed_seconds=4.00422
SHIFT shift=531566 processed=110 newly_cleared=1 survivors=17 elapsed_seconds=4.02687
SHIFT shift=532066 processed=111 newly_cleared=2 survivors=15 elapsed_seconds=4.08959
SHIFT shift=534566 processed=112 newly_cleared=1 survivors=14 elapsed_seconds=4.11115
SHIFT shift=547066 processed=113 newly_cleared=0 survivors=14 elapsed_seconds=4.16921
SHIFT shift=567772 processed=114 newly_cleared=2 survivors=12 elapsed_seconds=4.19048
SHIFT shift=609566 processed=115 newly_cleared=1 survivors=11 elapsed_seconds=4.21127
SHIFT shift=922066 processed=116 newly_cleared=0 survivors=11 elapsed_seconds=4.27846
SHIFT shift=1594324 processed=117 newly_cleared=0 survivors=11 elapsed_seconds=4.29926
SHIFT shift=1594328 processed=118 newly_cleared=1 survivors=10 elapsed_seconds=4.37734
SHIFT shift=1594348 processed=119 newly_cleared=1 survivors=9 elapsed_seconds=4.39676
SHIFT shift=1594448 processed=120 newly_cleared=0 survivors=9 elapsed_seconds=4.41631
SHIFT shift=1594948 processed=121 newly_cleared=0 survivors=9 elapsed_seconds=4.46992
SHIFT shift=1597448 processed=122 newly_cleared=0 survivors=9 elapsed_seconds=4.4905
SHIFT shift=1609948 processed=123 newly_cleared=0 survivors=9 elapsed_seconds=4.5114
SHIFT shift=1672448 processed=124 newly_cleared=1 survivors=8 elapsed_seconds=4.5701
SHIFT shift=1953126 processed=125 newly_cleared=1 survivors=7 elapsed_seconds=4.5905
SHIFT shift=1953128 processed=126 newly_cleared=1 survivors=6 elapsed_seconds=4.61479
SHIFT shift=1953134 processed=127 newly_cleared=2 survivors=4 elapsed_seconds=4.68564
SHIFT shift=1953152 processed=128 newly_cleared=0 survivors=4 elapsed_seconds=4.76717
SHIFT shift=1953206 processed=129 newly_cleared=0 survivors=4 elapsed_seconds=4.78925
SHIFT shift=1953368 processed=130 newly_cleared=1 survivors=3 elapsed_seconds=4.80989
SHIFT shift=1953854 processed=131 newly_cleared=2 survivors=1 elapsed_seconds=4.83229
SHIFT shift=1955312 processed=132 newly_cleared=0 survivors=1 elapsed_seconds=4.88092
SHIFT shift=1959686 processed=133 newly_cleared=0 survivors=1 elapsed_seconds=4.90099
SHIFT shift=1972808 processed=134 newly_cleared=0 survivors=1 elapsed_seconds=4.92249
SHIFT shift=1984948 processed=135 newly_cleared=0 survivors=1 elapsed_seconds=4.97156
SHIFT shift=2012174 processed=136 newly_cleared=0 survivors=1 elapsed_seconds=4.995
SHIFT shift=2130272 processed=137 newly_cleared=0 survivors=1 elapsed_seconds=5.01667
SHIFT shift=2484566 processed=138 newly_cleared=1 survivors=0 elapsed_seconds=5.03751
integers_tested=10000000
admissible_pair_count_at_high=408
distinct_shift_count_at_high=407
shifts_processed=138
candidate_count=0
elapsed_seconds=5.0391
EXACT_EMPTY
