SHIFT 2 survivors=8439642
SHIFT 4 survivors=7015126
SHIFT 6 survivors=5834871
SHIFT 8 survivors=4768443
SHIFT 10 survivors=3942886
SHIFT 14 survivors=3300028
SHIFT 26 survivors=2866957
SHIFT 28 survivors=2314990
SHIFT 32 survivors=1875834
SHIFT 34 survivors=1583024
SHIFT 52 survivors=1306520
SHIFT 82 survivors=1127150
SHIFT 86 survivors=961711
SHIFT 106 survivors=853242
SHIFT 126 survivors=727361
SHIFT 128 survivors=564410
SHIFT 134 survivors=500723
SHIFT 152 survivors=399885
SHIFT 206 survivors=362535
SHIFT 244 survivors=292020
SHIFT 248 survivors=240432
SHIFT 268 survivors=197694
SHIFT 368 survivors=170760
SHIFT 626 survivors=149131
SHIFT 628 survivors=127953
SHIFT 634 survivors=106588
SHIFT 652 survivors=88263
SHIFT 706 survivors=75297
SHIFT 730 survivors=65074
SHIFT 734 survivors=58297
SHIFT 754 survivors=52230
SHIFT 854 survivors=48010
SHIFT 868 survivors=40659
SHIFT 1354 survivors=36253
SHIFT 2188 survivors=30083
SHIFT 2192 survivors=25244
SHIFT 2212 survivors=22676
SHIFT 2312 survivors=19841
SHIFT 2812 survivors=17382
SHIFT 3126 survivors=13750
SHIFT 3128 survivors=12151
SHIFT 3134 survivors=10069
SHIFT 3152 survivors=8353
SHIFT 3206 survivors=7226
SHIFT 3368 survivors=6209
SHIFT 3854 survivors=5332
SHIFT 5312 survivors=4736
SHIFT 6562 survivors=4132
SHIFT 6566 survivors=3741
SHIFT 6586 survivors=3320
SHIFT 6686 survivors=2968
SHIFT 7186 survivors=2627
SHIFT 9686 survivors=2374
SHIFT 15626 survivors=2046
SHIFT 15628 survivors=1760
SHIFT 15634 survivors=1607
SHIFT 15652 survivors=1423
SHIFT 15706 survivors=1257
SHIFT 15868 survivors=1121
SHIFT 16354 survivors=996
SHIFT 17812 survivors=899
SHIFT 19684 survivors=850
SHIFT 19688 survivors=732
SHIFT 19708 survivors=640
SHIFT 19808 survivors=566
SHIFT 20308 survivors=528
SHIFT 22186 survivors=470
SHIFT 22808 survivors=437
SHIFT 35308 survivors=413
SHIFT 59050 survivors=374
SHIFT 59054 survivors=317
SHIFT 59074 survivors=272
SHIFT 59174 survivors=242
SHIFT 59674 survivors=210
SHIFT 62174 survivors=196
SHIFT 74674 survivors=181
SHIFT 78126 survivors=141
SHIFT 78128 survivors=128
SHIFT 78134 survivors=108
SHIFT 78152 survivors=91
SHIFT 78206 survivors=84
SHIFT 78368 survivors=74
SHIFT 78854 survivors=64
SHIFT 80312 survivors=58
SHIFT 84686 survivors=54
SHIFT 97808 survivors=51
SHIFT 137174 survivors=46
SHIFT 177148 survivors=43
SHIFT 177152 survivors=41
SHIFT 177172 survivors=38
SHIFT 177272 survivors=33
SHIFT 177772 survivors=31
SHIFT 180272 survivors=27
SHIFT 192772 survivors=27
SHIFT 255272 survivors=25
SHIFT 390626 survivors=18
SHIFT 390628 survivors=18
SHIFT 390634 survivors=16
SHIFT 390652 survivors=15
SHIFT 390706 survivors=14
SHIFT 390868 survivors=14
SHIFT 391354 survivors=13
SHIFT 392812 survivors=13
SHIFT 397186 survivors=10
SHIFT 410308 survivors=10
SHIFT 449674 survivors=7
SHIFT 531442 survivors=6
SHIFT 531446 survivors=5
SHIFT 531466 survivors=5
SHIFT 531566 survivors=5
SHIFT 532066 survivors=5
SHIFT 534566 survivors=3
SHIFT 547066 survivors=3
SHIFT 567772 survivors=3
SHIFT 609566 survivors=3
SHIFT 922066 survivors=3
SHIFT 1594324 survivors=3
SHIFT 1594328 survivors=3
SHIFT 1594348 survivors=3
SHIFT 1594448 survivors=3
SHIFT 1594948 survivors=3
SHIFT 1597448 survivors=3
SHIFT 1609948 survivors=3
SHIFT 1672448 survivors=3
SHIFT 1953126 survivors=3
SHIFT 1953128 survivors=3
SHIFT 1953134 survivors=2
SHIFT 1953152 survivors=2
SHIFT 1953206 survivors=2
SHIFT 1953368 survivors=1
SHIFT 1953854 survivors=1
SHIFT 1955312 survivors=1
SHIFT 1959686 survivors=1
SHIFT 1972808 survivors=1
SHIFT 1984948 survivors=1
SHIFT 2012174 survivors=1
SHIFT 2130272 survivors=1
SHIFT 2484566 survivors=1
SHIFT 3547448 survivors=1
SHIFT 4782970 survivors=1
SHIFT 4782974 survivors=1
SHIFT 4782994 survivors=1
SHIFT 4783094 survivors=1
SHIFT 4783594 survivors=1
SHIFT 4786094 survivors=1
SHIFT 4798594 survivors=1
SHIFT 4861094 survivors=1
SHIFT 5173594 survivors=1
SHIFT 6736094 survivors=1
SHIFT 9765626 survivors=1
SHIFT 9765628 survivors=1
SHIFT 9765634 survivors=1
SHIFT 9765652 survivors=1
SHIFT 9765706 survivors=1
SHIFT 9765868 survivors=1
SHIFT 9766354 survivors=1
SHIFT 9767812 survivors=1
SHIFT 9772186 survivors=1
SHIFT 9785308 survivors=1
SHIFT 9824674 survivors=1
SHIFT 9942772 survivors=1
SHIFT 10297066 survivors=1
SHIFT 11359948 survivors=1
SHIFT 14348908 survivors=1
SHIFT 14348912 survivors=1
SHIFT 14348932 survivors=0
integers_tested=10000000
admissible_pair_count_at_high=408
distinct_shift_count_at_high=407
shifts_processed_before_termination=166
candidate_count=0
elapsed_seconds=24.0417
EXACT_EMPTY
