SHIFT 2 survivors=8439054
SHIFT 4 survivors=7013632
SHIFT 6 survivors=5832319
SHIFT 8 survivors=4765238
SHIFT 10 survivors=3939022
SHIFT 14 survivors=3295998
SHIFT 26 survivors=2863290
SHIFT 28 survivors=2311592
SHIFT 32 survivors=1872489
SHIFT 34 survivors=1580175
SHIFT 52 survivors=1305049
SHIFT 82 survivors=1125863
SHIFT 86 survivors=960590
SHIFT 106 survivors=852236
SHIFT 126 survivors=726402
SHIFT 128 survivors=563499
SHIFT 134 survivors=499776
SHIFT 152 survivors=399037
SHIFT 206 survivors=361537
SHIFT 244 survivors=290688
SHIFT 248 survivors=239642
SHIFT 268 survivors=196526
SHIFT 368 survivors=169764
SHIFT 626 survivors=148025
SHIFT 628 survivors=126809
SHIFT 634 survivors=105715
SHIFT 652 survivors=87538
SHIFT 706 survivors=74562
SHIFT 730 survivors=64312
SHIFT 734 survivors=57653
SHIFT 754 survivors=51635
SHIFT 854 survivors=47345
SHIFT 868 survivors=40104
SHIFT 1354 survivors=35907
SHIFT 2188 survivors=29681
SHIFT 2192 survivors=24919
SHIFT 2212 survivors=22379
SHIFT 2312 survivors=19648
SHIFT 2812 survivors=17082
SHIFT 3126 survivors=13566
SHIFT 3128 survivors=11961
SHIFT 3134 survivors=9956
SHIFT 3152 survivors=8223
SHIFT 3206 survivors=7127
SHIFT 3368 survivors=6075
SHIFT 3854 survivors=5180
SHIFT 5312 survivors=4590
SHIFT 6562 survivors=4034
SHIFT 6566 survivors=3651
SHIFT 6586 survivors=3230
SHIFT 6686 survivors=2850
SHIFT 7186 survivors=2548
SHIFT 9686 survivors=2307
SHIFT 15626 survivors=2019
SHIFT 15628 survivors=1747
SHIFT 15634 survivors=1595
SHIFT 15652 survivors=1418
SHIFT 15706 survivors=1268
SHIFT 15868 survivors=1111
SHIFT 16354 survivors=983
SHIFT 17812 survivors=876
SHIFT 19684 survivors=813
SHIFT 19688 survivors=692
SHIFT 19708 survivors=598
SHIFT 19808 survivors=529
SHIFT 20308 survivors=493
SHIFT 22186 survivors=441
SHIFT 22808 survivors=414
SHIFT 35308 survivors=402
SHIFT 59050 survivors=364
SHIFT 59054 survivors=304
SHIFT 59074 survivors=251
SHIFT 59174 survivors=220
SHIFT 59674 survivors=185
SHIFT 62174 survivors=172
SHIFT 74674 survivors=153
SHIFT 78126 survivors=133
SHIFT 78128 survivors=124
SHIFT 78134 survivors=115
SHIFT 78152 survivors=105
SHIFT 78206 survivors=97
SHIFT 78368 survivors=85
SHIFT 78854 survivors=79
SHIFT 80312 survivors=73
SHIFT 84686 survivors=66
SHIFT 97808 survivors=59
SHIFT 137174 survivors=57
SHIFT 177148 survivors=51
SHIFT 177152 survivors=47
SHIFT 177172 survivors=44
SHIFT 177272 survivors=43
SHIFT 177772 survivors=39
SHIFT 180272 survivors=33
SHIFT 192772 survivors=31
SHIFT 255272 survivors=30
SHIFT 390626 survivors=25
SHIFT 390628 survivors=25
SHIFT 390634 survivors=18
SHIFT 390652 survivors=18
SHIFT 390706 survivors=16
SHIFT 390868 survivors=12
SHIFT 391354 survivors=11
SHIFT 392812 survivors=11
SHIFT 397186 survivors=8
SHIFT 410308 survivors=6
SHIFT 449674 survivors=5
SHIFT 531442 survivors=4
SHIFT 531446 survivors=3
SHIFT 531466 survivors=3
SHIFT 531566 survivors=3
SHIFT 532066 survivors=3
SHIFT 534566 survivors=2
SHIFT 547066 survivors=2
SHIFT 567772 survivors=2
SHIFT 609566 survivors=2
SHIFT 922066 survivors=2
SHIFT 1594324 survivors=2
SHIFT 1594328 survivors=2
SHIFT 1594348 survivors=2
SHIFT 1594448 survivors=2
SHIFT 1594948 survivors=2
SHIFT 1597448 survivors=2
SHIFT 1609948 survivors=2
SHIFT 1672448 survivors=2
SHIFT 1953126 survivors=1
SHIFT 1953128 survivors=1
SHIFT 1953134 survivors=1
SHIFT 1953152 survivors=1
SHIFT 1953206 survivors=0
integers_tested=10000000
admissible_pair_count_at_high=408
distinct_shift_count_at_high=407
shifts_processed_before_termination=129
candidate_count=0
elapsed_seconds=12.8624
EXACT_EMPTY
