SHIFT 2 survivors=8439573
SHIFT 4 survivors=7014685
SHIFT 6 survivors=5833695
SHIFT 8 survivors=4766714
SHIFT 10 survivors=3941292
SHIFT 14 survivors=3298323
SHIFT 26 survivors=2865875
SHIFT 28 survivors=2314207
SHIFT 32 survivors=1875157
SHIFT 34 survivors=1582645
SHIFT 52 survivors=1307178
SHIFT 82 survivors=1127232
SHIFT 86 survivors=961471
SHIFT 106 survivors=853088
SHIFT 126 survivors=727735
SHIFT 128 survivors=565377
SHIFT 134 survivors=502126
SHIFT 152 survivors=400995
SHIFT 206 survivors=362901
SHIFT 244 survivors=292240
SHIFT 248 survivors=240882
SHIFT 268 survivors=197600
SHIFT 368 survivors=170640
SHIFT 626 survivors=148778
SHIFT 628 survivors=127663
SHIFT 634 survivors=106383
SHIFT 652 survivors=87936
SHIFT 706 survivors=74964
SHIFT 730 survivors=64913
SHIFT 734 survivors=58206
SHIFT 754 survivors=52031
SHIFT 854 survivors=47799
SHIFT 868 survivors=40527
SHIFT 1354 survivors=36110
SHIFT 2188 survivors=30021
SHIFT 2192 survivors=25179
SHIFT 2212 survivors=22524
SHIFT 2312 survivors=19732
SHIFT 2812 survivors=17191
SHIFT 3126 survivors=13600
SHIFT 3128 survivors=12021
SHIFT 3134 survivors=10083
SHIFT 3152 survivors=8319
SHIFT 3206 survivors=7216
SHIFT 3368 survivors=6157
SHIFT 3854 survivors=5276
SHIFT 5312 survivors=4695
SHIFT 6562 survivors=4117
SHIFT 6566 survivors=3695
SHIFT 6586 survivors=3261
SHIFT 6686 survivors=2916
SHIFT 7186 survivors=2557
SHIFT 9686 survivors=2291
SHIFT 15626 survivors=1950
SHIFT 15628 survivors=1702
SHIFT 15634 survivors=1534
SHIFT 15652 survivors=1361
SHIFT 15706 survivors=1216
SHIFT 15868 survivors=1065
SHIFT 16354 survivors=946
SHIFT 17812 survivors=852
SHIFT 19684 survivors=806
SHIFT 19688 survivors=691
SHIFT 19708 survivors=607
SHIFT 19808 survivors=530
SHIFT 20308 survivors=499
SHIFT 22186 survivors=447
SHIFT 22808 survivors=425
SHIFT 35308 survivors=407
SHIFT 59050 survivors=368
SHIFT 59054 survivors=312
SHIFT 59074 survivors=265
SHIFT 59174 survivors=234
SHIFT 59674 survivors=195
SHIFT 62174 survivors=177
SHIFT 74674 survivors=158
SHIFT 78126 survivors=116
SHIFT 78128 survivors=95
SHIFT 78134 survivors=82
SHIFT 78152 survivors=66
SHIFT 78206 survivors=60
SHIFT 78368 survivors=55
SHIFT 78854 survivors=52
SHIFT 80312 survivors=47
SHIFT 84686 survivors=46
SHIFT 97808 survivors=39
SHIFT 137174 survivors=37
SHIFT 177148 survivors=35
SHIFT 177152 survivors=33
SHIFT 177172 survivors=31
SHIFT 177272 survivors=25
SHIFT 177772 survivors=23
SHIFT 180272 survivors=22
SHIFT 192772 survivors=22
SHIFT 255272 survivors=22
SHIFT 390626 survivors=19
SHIFT 390628 survivors=19
SHIFT 390634 survivors=18
SHIFT 390652 survivors=16
SHIFT 390706 survivors=12
SHIFT 390868 survivors=10
SHIFT 391354 survivors=9
SHIFT 392812 survivors=9
SHIFT 397186 survivors=9
SHIFT 410308 survivors=9
SHIFT 449674 survivors=9
SHIFT 531442 survivors=7
SHIFT 531446 survivors=7
SHIFT 531466 survivors=6
SHIFT 531566 survivors=6
SHIFT 532066 survivors=6
SHIFT 534566 survivors=6
SHIFT 547066 survivors=4
SHIFT 567772 survivors=4
SHIFT 609566 survivors=4
SHIFT 922066 survivors=3
SHIFT 1594324 survivors=3
SHIFT 1594328 survivors=3
SHIFT 1594348 survivors=3
SHIFT 1594448 survivors=3
SHIFT 1594948 survivors=2
SHIFT 1597448 survivors=2
SHIFT 1609948 survivors=2
SHIFT 1672448 survivors=2
SHIFT 1953126 survivors=2
SHIFT 1953128 survivors=2
SHIFT 1953134 survivors=2
SHIFT 1953152 survivors=1
SHIFT 1953206 survivors=1
SHIFT 1953368 survivors=1
SHIFT 1953854 survivors=1
SHIFT 1955312 survivors=1
SHIFT 1959686 survivors=1
SHIFT 1972808 survivors=1
SHIFT 1984948 survivors=1
SHIFT 2012174 survivors=1
SHIFT 2130272 survivors=1
SHIFT 2484566 survivors=1
SHIFT 3547448 survivors=1
SHIFT 4782970 survivors=1
SHIFT 4782974 survivors=1
SHIFT 4782994 survivors=1
SHIFT 4783094 survivors=1
SHIFT 4783594 survivors=1
SHIFT 4786094 survivors=1
SHIFT 4798594 survivors=1
SHIFT 4861094 survivors=1
SHIFT 5173594 survivors=1
SHIFT 6736094 survivors=1
SHIFT 9765626 survivors=1
SHIFT 9765628 survivors=1
SHIFT 9765634 survivors=1
SHIFT 9765652 survivors=1
SHIFT 9765706 survivors=0
integers_tested=10000000
admissible_pair_count_at_high=408
distinct_shift_count_at_high=407
shifts_processed_before_termination=154
candidate_count=0
elapsed_seconds=18.4534
EXACT_EMPTY
