SHIFT 2 survivors=8439631
SHIFT 4 survivors=7014838
SHIFT 6 survivors=5834122
SHIFT 8 survivors=4767536
SHIFT 10 survivors=3942054
SHIFT 14 survivors=3300245
SHIFT 26 survivors=2867481
SHIFT 28 survivors=2315766
SHIFT 32 survivors=1876552
SHIFT 34 survivors=1583700
SHIFT 52 survivors=1307245
SHIFT 82 survivors=1127741
SHIFT 86 survivors=962514
SHIFT 106 survivors=853559
SHIFT 126 survivors=727700
SHIFT 128 survivors=565191
SHIFT 134 survivors=501679
SHIFT 152 survivors=400658
SHIFT 206 survivors=362854
SHIFT 244 survivors=291718
SHIFT 248 survivors=240863
SHIFT 268 survivors=197748
SHIFT 368 survivors=171039
SHIFT 626 survivors=149208
SHIFT 628 survivors=128000
SHIFT 634 survivors=106574
SHIFT 652 survivors=88144
SHIFT 706 survivors=75209
SHIFT 730 survivors=64924
SHIFT 734 survivors=58263
SHIFT 754 survivors=52031
SHIFT 854 survivors=47682
SHIFT 868 survivors=40365
SHIFT 1354 survivors=36067
SHIFT 2188 survivors=29955
SHIFT 2192 survivors=25099
SHIFT 2212 survivors=22543
SHIFT 2312 survivors=19720
SHIFT 2812 survivors=17124
SHIFT 3126 survivors=13454
SHIFT 3128 survivors=11868
SHIFT 3134 survivors=9894
SHIFT 3152 survivors=8090
SHIFT 3206 survivors=6941
SHIFT 3368 survivors=5973
SHIFT 3854 survivors=5125
SHIFT 5312 survivors=4507
SHIFT 6562 survivors=3951
SHIFT 6566 survivors=3529
SHIFT 6586 survivors=3096
SHIFT 6686 survivors=2728
SHIFT 7186 survivors=2400
SHIFT 9686 survivors=2167
SHIFT 15626 survivors=1859
SHIFT 15628 survivors=1594
SHIFT 15634 survivors=1466
SHIFT 15652 survivors=1287
SHIFT 15706 survivors=1131
SHIFT 15868 survivors=992
SHIFT 16354 survivors=880
SHIFT 17812 survivors=799
SHIFT 19684 survivors=754
SHIFT 19688 survivors=661
SHIFT 19708 survivors=578
SHIFT 19808 survivors=505
SHIFT 20308 survivors=471
SHIFT 22186 survivors=418
SHIFT 22808 survivors=380
SHIFT 35308 survivors=364
SHIFT 59050 survivors=323
SHIFT 59054 survivors=278
SHIFT 59074 survivors=225
SHIFT 59174 survivors=199
SHIFT 59674 survivors=164
SHIFT 62174 survivors=146
SHIFT 74674 survivors=138
SHIFT 78126 survivors=118
SHIFT 78128 survivors=101
SHIFT 78134 survivors=87
SHIFT 78152 survivors=80
SHIFT 78206 survivors=72
SHIFT 78368 survivors=63
SHIFT 78854 survivors=55
SHIFT 80312 survivors=54
SHIFT 84686 survivors=51
SHIFT 97808 survivors=47
SHIFT 137174 survivors=47
SHIFT 177148 survivors=43
SHIFT 177152 survivors=38
SHIFT 177172 survivors=32
SHIFT 177272 survivors=30
SHIFT 177772 survivors=28
SHIFT 180272 survivors=25
SHIFT 192772 survivors=24
SHIFT 255272 survivors=21
SHIFT 390626 survivors=19
SHIFT 390628 survivors=19
SHIFT 390634 survivors=15
SHIFT 390652 survivors=14
SHIFT 390706 survivors=11
SHIFT 390868 survivors=9
SHIFT 391354 survivors=8
SHIFT 392812 survivors=8
SHIFT 397186 survivors=7
SHIFT 410308 survivors=7
SHIFT 449674 survivors=6
SHIFT 531442 survivors=4
SHIFT 531446 survivors=4
SHIFT 531466 survivors=4
SHIFT 531566 survivors=1
SHIFT 532066 survivors=1
SHIFT 534566 survivors=1
SHIFT 547066 survivors=1
SHIFT 567772 survivors=1
SHIFT 609566 survivors=1
SHIFT 922066 survivors=1
SHIFT 1594324 survivors=1
SHIFT 1594328 survivors=1
SHIFT 1594348 survivors=1
SHIFT 1594448 survivors=1
SHIFT 1594948 survivors=1
SHIFT 1597448 survivors=1
SHIFT 1609948 survivors=1
SHIFT 1672448 survivors=0
integers_tested=10000000
admissible_pair_count_at_high=408
distinct_shift_count_at_high=407
shifts_processed_before_termination=124
candidate_count=0
elapsed_seconds=13.0051
EXACT_EMPTY
