SHIFT 2 survivors=8439638
SHIFT 4 survivors=7014635
SHIFT 6 survivors=5833424
SHIFT 8 survivors=4766196
SHIFT 10 survivors=3940238
SHIFT 14 survivors=3297458
SHIFT 26 survivors=2864800
SHIFT 28 survivors=2313206
SHIFT 32 survivors=1874085
SHIFT 34 survivors=1581944
SHIFT 52 survivors=1305947
SHIFT 82 survivors=1126127
SHIFT 86 survivors=961447
SHIFT 106 survivors=853288
SHIFT 126 survivors=727546
SHIFT 128 survivors=565286
SHIFT 134 survivors=501756
SHIFT 152 survivors=400781
SHIFT 206 survivors=362802
SHIFT 244 survivors=291930
SHIFT 248 survivors=240907
SHIFT 268 survivors=197858
SHIFT 368 survivors=171346
SHIFT 626 survivors=149466
SHIFT 628 survivors=128091
SHIFT 634 survivors=106806
SHIFT 652 survivors=88467
SHIFT 706 survivors=75543
SHIFT 730 survivors=65353
SHIFT 734 survivors=58604
SHIFT 754 survivors=52406
SHIFT 854 survivors=48132
SHIFT 868 survivors=40620
SHIFT 1354 survivors=36319
SHIFT 2188 survivors=30150
SHIFT 2192 survivors=25282
SHIFT 2212 survivors=22646
SHIFT 2312 survivors=19776
SHIFT 2812 survivors=17233
SHIFT 3126 survivors=13503
SHIFT 3128 survivors=11875
SHIFT 3134 survivors=9890
SHIFT 3152 survivors=8119
SHIFT 3206 survivors=6991
SHIFT 3368 survivors=5995
SHIFT 3854 survivors=5133
SHIFT 5312 survivors=4512
SHIFT 6562 survivors=3939
SHIFT 6566 survivors=3550
SHIFT 6586 survivors=3145
SHIFT 6686 survivors=2790
SHIFT 7186 survivors=2461
SHIFT 9686 survivors=2220
SHIFT 15626 survivors=1903
SHIFT 15628 survivors=1637
SHIFT 15634 survivors=1486
SHIFT 15652 survivors=1304
SHIFT 15706 survivors=1144
SHIFT 15868 survivors=1007
SHIFT 16354 survivors=913
SHIFT 17812 survivors=828
SHIFT 19684 survivors=784
SHIFT 19688 survivors=687
SHIFT 19708 survivors=608
SHIFT 19808 survivors=523
SHIFT 20308 survivors=491
SHIFT 22186 survivors=425
SHIFT 22808 survivors=385
SHIFT 35308 survivors=366
SHIFT 59050 survivors=324
SHIFT 59054 survivors=277
SHIFT 59074 survivors=231
SHIFT 59174 survivors=199
SHIFT 59674 survivors=167
SHIFT 62174 survivors=150
SHIFT 74674 survivors=135
SHIFT 78126 survivors=109
SHIFT 78128 survivors=97
SHIFT 78134 survivors=87
SHIFT 78152 survivors=76
SHIFT 78206 survivors=66
SHIFT 78368 survivors=56
SHIFT 78854 survivors=54
SHIFT 80312 survivors=51
SHIFT 84686 survivors=48
SHIFT 97808 survivors=43
SHIFT 137174 survivors=38
SHIFT 177148 survivors=34
SHIFT 177152 survivors=30
SHIFT 177172 survivors=25
SHIFT 177272 survivors=23
SHIFT 177772 survivors=22
SHIFT 180272 survivors=19
SHIFT 192772 survivors=18
SHIFT 255272 survivors=18
SHIFT 390626 survivors=13
SHIFT 390628 survivors=13
SHIFT 390634 survivors=11
SHIFT 390652 survivors=11
SHIFT 390706 survivors=9
SHIFT 390868 survivors=8
SHIFT 391354 survivors=8
SHIFT 392812 survivors=7
SHIFT 397186 survivors=7
SHIFT 410308 survivors=7
SHIFT 449674 survivors=7
SHIFT 531442 survivors=4
SHIFT 531446 survivors=4
SHIFT 531466 survivors=3
SHIFT 531566 survivors=3
SHIFT 532066 survivors=3
SHIFT 534566 survivors=1
SHIFT 547066 survivors=1
SHIFT 567772 survivors=1
SHIFT 609566 survivors=1
SHIFT 922066 survivors=1
SHIFT 1594324 survivors=1
SHIFT 1594328 survivors=0
integers_tested=10000000
admissible_pair_count_at_high=408
distinct_shift_count_at_high=407
shifts_processed_before_termination=118
candidate_count=0
elapsed_seconds=13.0983
EXACT_EMPTY
