Command exited with non-zero status 1
	Command being timed: "/mnt/data/a303656_bounded_counterexample/current_continuation/bin/search_twosquares_bitset --low 241280000001 --high 241290000000 --C 23 --D 16 --json /mnt/data/a303656_bounded_counterexample/current_continuation/output/contig_200m_b_x/chunk_0008_241280000001_241290000000.json --candidates /mnt/data/a303656_bounded_counterexample/current_continuation/output/contig_200m_b_x/chunk_0008_241280000001_241290000000.candidates.txt --quiet"
	User time (seconds): 4.00
	System time (seconds): 0.01
	Percent of CPU this job got: 77%
	Elapsed (wall clock) time (h:mm:ss or m:ss): 0:05.16
	Average shared text size (kbytes): 0
	Average unshared data size (kbytes): 0
	Average stack size (kbytes): 0
	Average total size (kbytes): 0
	Maximum resident set size (kbytes): 8964
	Average resident set size (kbytes): 0
	Major (requiring I/O) page faults: 0
	Minor (reclaiming a frame) page faults: 0
	Voluntary context switches: 0
	Involuntary context switches: 0
	Swaps: 0
	File system inputs: 0
	File system outputs: 0
	Socket messages sent: 0
	Socket messages received: 0
	Signals delivered: 0
	Page size (bytes): 4096
	Exit status: 1
