/tmp/a303656_tn_acceptance_build_2e38ac0/tn_count_bitset:
	linux-vdso.so.1 (0x00007ffd2e498000)
	libstdc++.so.6 => /lib/x86_64-linux-gnu/libstdc++.so.6 (0x000078497ea00000)
	libgcc_s.so.1 => /lib/x86_64-linux-gnu/libgcc_s.so.1 (0x000078497ed54000)
	libc.so.6 => /lib/x86_64-linux-gnu/libc.so.6 (0x000078497e600000)
	libm.so.6 => /lib/x86_64-linux-gnu/libm.so.6 (0x000078497e917000)
	/lib64/ld-linux-x86-64.so.2 (0x000078497ed96000)
/tmp/a303656_tn_acceptance_build_2e38ac0/tn_count_clean:
	linux-vdso.so.1 (0x00007ffd4f989000)
	libstdc++.so.6 => /lib/x86_64-linux-gnu/libstdc++.so.6 (0x00007ba10d200000)
	libgcc_s.so.1 => /lib/x86_64-linux-gnu/libgcc_s.so.1 (0x00007ba10d1d2000)
	libc.so.6 => /lib/x86_64-linux-gnu/libc.so.6 (0x00007ba10ce00000)
	libm.so.6 => /lib/x86_64-linux-gnu/libm.so.6 (0x00007ba10d0e9000)
	/lib64/ld-linux-x86-64.so.2 (0x00007ba10d4a6000)
/tmp/a303656_tn_acceptance_build_2e38ac0/tn_gmp_oracle:
	linux-vdso.so.1 (0x00007ffc7d767000)
	libstdc++.so.6 => /lib/x86_64-linux-gnu/libstdc++.so.6 (0x00007c04b1c00000)
	libgcc_s.so.1 => /lib/x86_64-linux-gnu/libgcc_s.so.1 (0x00007c04b1fac000)
	libc.so.6 => /lib/x86_64-linux-gnu/libc.so.6 (0x00007c04b1800000)
	libm.so.6 => /lib/x86_64-linux-gnu/libm.so.6 (0x00007c04b1ec3000)
	/lib64/ld-linux-x86-64.so.2 (0x00007c04b2010000)
